2026-06-22 13:08:18 | WORKFLOW STARTED
2026-06-22 13:08:18 | STEP 0 STARTED - Environment Validation
2026-06-22 13:08:18 | STEP 0 COMPLETED - Environment Validation
2026-06-22 13:08:18 | STEP 1 STARTED - Monitoring Engine
2026-06-22 13:08:18 | MONITORING WORKFLOW STARTED
2026-06-22 13:08:18 | MONITORING WORKFLOW COMPLETED
2026-06-22 13:08:18 | STEP 1 COMPLETED - Monitoring Engine
2026-06-22 13:08:18 | STEP 2 STARTED - Collect Monitoring Results
2026-06-22 13:08:18 | STEP 2 COMPLETED - Collect Monitoring Results
2026-06-22 13:08:18 | STEP 3 STARTED - AI Analysis
2026-06-22 13:08:21 | AI RESULT STATUS: FALLBACK
2026-06-22 13:08:21 | STEP 3A STARTED - Agent Execution
2026-06-22 13:08:21 | ACTION SAVED TO REPOSITORY
2026-06-22 13:08:21 | ACTION SAVED TO REPOSITORY
2026-06-22 13:08:21 | AGENT RISK: LOW
2026-06-22 13:08:21 | AGENT RECOMMENDATION: System healthy. Continue monitoring.
2026-06-22 13:08:21 | STEP 3A COMPLETED - Agent Execution
2026-06-22 13:08:21 | STEP 3 COMPLETED - AI Analysis
2026-06-22 13:08:21 | STEP 3B STARTED - SQL Action Generation
2026-06-22 13:08:21 | SQL ACTION: NO_ACTION
2026-06-22 13:08:21 | STEP 3B COMPLETED - SQL Action Generation
2026-06-22 13:08:21 | STEP 3C STARTED - SQL Risk Analysis
2026-06-22 13:08:21 | SQL RISK: {'risk': 'NONE', 'approval_required': False, 'destructive': False, 'rollback_required': False}
2026-06-22 13:08:21 | STEP 3C COMPLETED - SQL Risk Analysis
2026-06-22 13:08:21 | STEP 3D STARTED - SQL Validation
2026-06-22 13:08:21 | SQL VALIDATION: {'approved': False, 'reason': 'No SQL Action Required'}
2026-06-22 13:08:21 | STEP 3D COMPLETED - SQL Validation
2026-06-22 13:08:21 | STEP 4 STARTED - Governance Review
2026-06-22 13:08:21 | GOVERNANCE REVIEW SKIPPED - NO APPROVAL REQUIRED
2026-06-22 13:08:21 | STEP 4 COMPLETED - Governance Review
2026-06-22 13:08:21 | STEP 4A STARTED - SQL Execution
2026-06-22 13:08:21 | ACTION SAVED TO REPOSITORY
2026-06-22 13:08:21 | SQL EXECUTION: {'status': 'SKIPPED', 'reason': 'No SQL Action Required'}
2026-06-22 13:08:21 | STEP 4A COMPLETED - SQL Execution
2026-06-22 13:08:21 | STEP 4B STARTED - Execution Verification
2026-06-22 13:08:21 | VERIFICATION RESULT: {'verification_status': 'NOT_REQUIRED', 'issue_resolved': True, 'confidence': 100}
2026-06-22 13:08:21 | STEP 4B COMPLETED - Execution Verification
2026-06-22 13:08:21 | STEP 4C STARTED - Remediation Execution
2026-06-22 13:08:21 | ACTION SAVED TO REPOSITORY
2026-06-22 13:08:21 | REMEDIATION RESULT: {'status': 'SKIPPED', 'reason': 'System Healthy'}
2026-06-22 13:08:21 | STEP 4C COMPLETED - Remediation Execution
2026-06-22 13:08:21 | STEP 5 STARTED - Report Generation
2026-06-22 13:08:21 | STEP 5 COMPLETED - Report Generation
2026-06-22 13:08:21 | REPORT FILE CREATED: reports/incident_report_20260622_130821.txt
2026-06-22 13:08:21 | STEP 6 STARTED - Incident Repository
2026-06-22 13:08:21 | INCIDENT SAVED TO REPOSITORY
2026-06-22 13:08:21 | STEP 6 COMPLETED - Incident Repository
2026-06-22 13:08:21 | STEP 7 STARTED - Notifications
2026-06-22 13:08:22 | ACTION SAVED TO REPOSITORY
2026-06-22 13:08:22 | STEP 7 COMPLETED - Notifications
2026-06-22 13:08:22 | STEP 8 STARTED - Save Report
2026-06-22 13:08:22 | STEP 8 COMPLETED - Save Report
2026-06-22 13:08:22 | WORKFLOW COMPLETED
2026-06-22 13:40:33 | WORKFLOW STARTED
2026-06-22 13:40:33 | STEP 0 STARTED - Environment Validation
2026-06-22 13:40:33 | STEP 0 COMPLETED - Environment Validation
2026-06-22 13:40:33 | STEP 1 STARTED - Monitoring Engine
2026-06-22 13:40:33 | MONITORING WORKFLOW STARTED
2026-06-22 13:40:33 | MONITORING WORKFLOW COMPLETED
2026-06-22 13:40:33 | STEP 1 COMPLETED - Monitoring Engine
2026-06-22 13:40:33 | STEP 2 STARTED - Collect Monitoring Results
2026-06-22 13:40:33 | STEP 2 COMPLETED - Collect Monitoring Results
2026-06-22 13:40:33 | STEP 3 STARTED - AI Analysis
2026-06-22 13:40:35 | AI RESULT STATUS: FALLBACK
2026-06-22 13:40:35 | STEP 3A STARTED - Agent Execution
2026-06-22 13:40:35 | ACTION SAVED TO REPOSITORY
2026-06-22 13:40:35 | ACTION SAVED TO REPOSITORY
2026-06-22 13:40:35 | AGENT RISK: LOW
2026-06-22 13:40:35 | AGENT RECOMMENDATION: System healthy. Continue monitoring.
2026-06-22 13:40:35 | STEP 3A COMPLETED - Agent Execution
2026-06-22 13:40:35 | STEP 3 COMPLETED - AI Analysis
2026-06-22 13:40:35 | STEP 3B STARTED - SQL Action Generation
2026-06-22 13:40:35 | SQL ACTION: NO_ACTION
2026-06-22 13:40:35 | STEP 3B COMPLETED - SQL Action Generation
2026-06-22 13:40:35 | STEP 3C STARTED - SQL Risk Analysis
2026-06-22 13:40:35 | SQL RISK: {'risk': 'NONE', 'approval_required': False, 'destructive': False, 'rollback_required': False}
2026-06-22 13:40:35 | STEP 3C COMPLETED - SQL Risk Analysis
2026-06-22 13:40:35 | STEP 3D STARTED - SQL Validation
2026-06-22 13:40:35 | SQL VALIDATION: {'approved': False, 'reason': 'No SQL Action Required'}
2026-06-22 13:40:35 | STEP 3D COMPLETED - SQL Validation
2026-06-22 13:40:35 | STEP 4 STARTED - Governance Review
2026-06-22 13:40:35 | GOVERNANCE REVIEW SKIPPED - NO APPROVAL REQUIRED
2026-06-22 13:40:35 | STEP 4 COMPLETED - Governance Review
2026-06-22 13:40:35 | STEP 4A STARTED - SQL Execution
2026-06-22 13:40:35 | ACTION SAVED TO REPOSITORY
2026-06-22 13:40:35 | SQL EXECUTION: {'status': 'SKIPPED', 'reason': 'No SQL Action Required'}
2026-06-22 13:40:35 | STEP 4A COMPLETED - SQL Execution
2026-06-22 13:40:35 | STEP 4B STARTED - Execution Verification
2026-06-22 13:40:35 | VERIFICATION RESULT: {'verification_status': 'NOT_REQUIRED', 'issue_resolved': True, 'confidence': 100}
2026-06-22 13:40:35 | STEP 4B COMPLETED - Execution Verification
2026-06-22 13:40:35 | STEP 4C STARTED - Remediation Execution
2026-06-22 13:40:35 | ACTION SAVED TO REPOSITORY
2026-06-22 13:40:35 | REMEDIATION RESULT: {'status': 'SKIPPED', 'reason': 'System Healthy'}
2026-06-22 13:40:35 | STEP 4C COMPLETED - Remediation Execution
2026-06-22 13:40:35 | STEP 5 STARTED - Report Generation
2026-06-22 13:40:36 | STEP 5 COMPLETED - Report Generation
2026-06-22 13:40:36 | REPORT FILE CREATED: excel_reports/dba_operations_report_june_2026.xlsx
2026-06-22 13:40:36 | STEP 6 STARTED - Incident Repository
2026-06-22 13:40:36 | INCIDENT SAVED TO REPOSITORY
2026-06-22 13:40:36 | STEP 6 COMPLETED - Incident Repository
2026-06-22 13:40:36 | STEP 7 STARTED - Notifications
2026-06-22 13:40:36 | ACTION SAVED TO REPOSITORY
2026-06-22 13:40:36 | STEP 7 COMPLETED - Notifications
2026-06-22 13:40:36 | STEP 8 STARTED - Save Report
2026-06-22 13:40:36 | STEP 8 COMPLETED - Save Report
2026-06-22 13:40:36 | WORKFLOW COMPLETED
2026-06-22 13:56:44 | WORKFLOW STARTED
2026-06-22 13:56:44 | STEP 0 STARTED - Environment Validation
2026-06-22 13:56:44 | STEP 0 COMPLETED - Environment Validation
2026-06-22 13:56:44 | STEP 1 STARTED - Monitoring Engine
2026-06-22 13:56:44 | MONITORING WORKFLOW STARTED
2026-06-22 13:56:44 | MONITORING WORKFLOW COMPLETED
2026-06-22 13:56:44 | STEP 1 COMPLETED - Monitoring Engine
2026-06-22 13:56:44 | STEP 2 STARTED - Collect Monitoring Results
2026-06-22 13:56:44 | STEP 2 COMPLETED - Collect Monitoring Results
2026-06-22 13:56:44 | STEP 3 STARTED - AI Analysis
2026-06-22 13:56:46 | AI RESULT STATUS: FALLBACK
2026-06-22 13:56:46 | STEP 3A STARTED - Agent Execution
2026-06-22 13:56:46 | ACTION SAVED TO REPOSITORY
2026-06-22 13:56:46 | ACTION SAVED TO REPOSITORY
2026-06-22 13:56:46 | AGENT RISK: LOW
2026-06-22 13:56:46 | AGENT RECOMMENDATION: System healthy. Continue monitoring.
2026-06-22 13:56:46 | STEP 3A COMPLETED - Agent Execution
2026-06-22 13:56:46 | STEP 3 COMPLETED - AI Analysis
2026-06-22 13:56:46 | STEP 3B STARTED - SQL Action Generation
2026-06-22 13:56:46 | SQL ACTION: NO_ACTION
2026-06-22 13:56:46 | STEP 3B COMPLETED - SQL Action Generation
2026-06-22 13:56:46 | STEP 3C STARTED - SQL Risk Analysis
2026-06-22 13:56:46 | SQL RISK: {'risk': 'NONE', 'approval_required': False, 'destructive': False, 'rollback_required': False}
2026-06-22 13:56:46 | STEP 3C COMPLETED - SQL Risk Analysis
2026-06-22 13:56:46 | STEP 3D STARTED - SQL Validation
2026-06-22 13:56:46 | SQL VALIDATION: {'approved': False, 'reason': 'No SQL Action Required'}
2026-06-22 13:56:46 | STEP 3D COMPLETED - SQL Validation
2026-06-22 13:56:46 | STEP 4 STARTED - Governance Review
2026-06-22 13:56:46 | GOVERNANCE REVIEW SKIPPED - NO APPROVAL REQUIRED
2026-06-22 13:56:46 | STEP 4 COMPLETED - Governance Review
2026-06-22 13:56:46 | STEP 4A STARTED - SQL Execution
2026-06-22 13:56:46 | ACTION SAVED TO REPOSITORY
2026-06-22 13:56:46 | SQL EXECUTION: {'status': 'SKIPPED', 'reason': 'No SQL Action Required'}
2026-06-22 13:56:46 | STEP 4A COMPLETED - SQL Execution
2026-06-22 13:56:46 | STEP 4B STARTED - Execution Verification
2026-06-22 13:56:46 | VERIFICATION RESULT: {'verification_status': 'NOT_REQUIRED', 'issue_resolved': True, 'confidence': 100}
2026-06-22 13:56:46 | STEP 4B COMPLETED - Execution Verification
2026-06-22 13:56:46 | STEP 4C STARTED - Remediation Execution
2026-06-22 13:56:46 | ACTION SAVED TO REPOSITORY
2026-06-22 13:56:46 | REMEDIATION RESULT: {'status': 'SKIPPED', 'reason': 'System Healthy'}
2026-06-22 13:56:46 | STEP 4C COMPLETED - Remediation Execution
2026-06-22 13:56:46 | STEP 5 STARTED - Report Generation
2026-06-22 13:56:47 | STEP 5 COMPLETED - Report Generation
2026-06-22 13:56:47 | REPORT FILE CREATED: excel_reports/dba_operations_report_june_2026.xlsx
2026-06-22 13:56:47 | STEP 6 STARTED - Incident Repository
2026-06-22 13:56:47 | INCIDENT SAVED TO REPOSITORY
2026-06-22 13:56:47 | STEP 6 COMPLETED - Incident Repository
2026-06-22 13:56:47 | STEP 7 STARTED - Notifications
2026-06-22 13:56:47 | ACTION SAVED TO REPOSITORY
2026-06-22 13:56:47 | STEP 7 COMPLETED - Notifications
2026-06-22 13:56:47 | STEP 8 STARTED - Save Report
2026-06-22 13:56:47 | STEP 8 COMPLETED - Save Report
2026-06-22 13:56:47 | WORKFLOW COMPLETED
2026-06-22 16:10:53 | WORKFLOW STARTED
2026-06-22 16:10:53 | STEP 0 STARTED - Environment Validation
2026-06-22 16:10:53 | STEP 0 COMPLETED - Environment Validation
2026-06-22 16:10:53 | STEP 1 STARTED - Monitoring Engine
2026-06-22 16:10:53 | MONITORING WORKFLOW STARTED
2026-06-22 16:10:53 | MONITORING WORKFLOW COMPLETED
2026-06-22 16:10:53 | STEP 1 COMPLETED - Monitoring Engine
2026-06-22 16:10:53 | STEP 2 STARTED - Collect Monitoring Results
2026-06-22 16:10:53 | STEP 2 COMPLETED - Collect Monitoring Results
2026-06-22 16:10:53 | STEP 3 STARTED - AI Analysis
2026-06-22 16:10:55 | AI RESULT STATUS: FALLBACK
2026-06-22 16:10:55 | STEP 3A STARTED - Agent Execution
2026-06-22 16:10:55 | ACTION SAVED TO REPOSITORY
2026-06-22 16:10:55 | ACTION SAVED TO REPOSITORY
2026-06-22 16:10:55 | AGENT RISK: LOW
2026-06-22 16:10:55 | AGENT RECOMMENDATION: System healthy. Continue monitoring.
2026-06-22 16:10:55 | STEP 3A COMPLETED - Agent Execution
2026-06-22 16:10:55 | STEP 3 COMPLETED - AI Analysis
2026-06-22 16:10:55 | STEP 3B STARTED - SQL Action Generation
2026-06-22 16:10:55 | SQL ACTION: NO_ACTION
2026-06-22 16:10:55 | STEP 3B COMPLETED - SQL Action Generation
2026-06-22 16:10:55 | STEP 3C STARTED - SQL Risk Analysis
2026-06-22 16:10:55 | SQL RISK: {'risk': 'NONE', 'approval_required': False, 'destructive': False, 'rollback_required': False}
2026-06-22 16:10:55 | STEP 3C COMPLETED - SQL Risk Analysis
2026-06-22 16:10:55 | STEP 3D STARTED - SQL Validation
2026-06-22 16:10:55 | SQL VALIDATION: {'approved': False, 'reason': 'No SQL Action Required'}
2026-06-22 16:10:55 | STEP 3D COMPLETED - SQL Validation
2026-06-22 16:10:55 | STEP 4 STARTED - Governance Review
2026-06-22 16:10:55 | GOVERNANCE REVIEW SKIPPED - NO APPROVAL REQUIRED
2026-06-22 16:10:55 | STEP 4 COMPLETED - Governance Review
2026-06-22 16:10:55 | STEP 4A STARTED - SQL Execution
2026-06-22 16:10:55 | ACTION SAVED TO REPOSITORY
2026-06-22 16:10:55 | SQL EXECUTION: {'status': 'SKIPPED', 'reason': 'No SQL Action Required'}
2026-06-22 16:10:55 | STEP 4A COMPLETED - SQL Execution
2026-06-22 16:10:55 | STEP 4B STARTED - Execution Verification
2026-06-22 16:10:55 | VERIFICATION RESULT: {'verification_status': 'NOT_REQUIRED', 'issue_resolved': True, 'confidence': 100}
2026-06-22 16:10:55 | STEP 4B COMPLETED - Execution Verification
2026-06-22 16:10:55 | STEP 4C STARTED - Remediation Execution
2026-06-22 16:10:55 | ACTION SAVED TO REPOSITORY
2026-06-22 16:10:55 | REMEDIATION RESULT: {'status': 'SKIPPED', 'reason': 'System Healthy'}
2026-06-22 16:10:55 | STEP 4C COMPLETED - Remediation Execution
2026-06-22 16:10:55 | STEP 5 STARTED - Report Generation
2026-06-22 16:10:55 | STEP 5 COMPLETED - Report Generation
2026-06-22 16:10:55 | REPORT FILE CREATED: excel_reports/DBA_Monthly_Report_2026_06.xlsx
2026-06-22 16:10:55 | STEP 6 STARTED - Incident Repository
2026-06-22 16:10:55 | INCIDENT SAVED TO REPOSITORY
2026-06-22 16:10:55 | STEP 6 COMPLETED - Incident Repository
2026-06-22 16:10:55 | STEP 7 STARTED - Notifications
2026-06-22 16:10:55 | ACTION SAVED TO REPOSITORY
2026-06-22 16:10:55 | STEP 7 COMPLETED - Notifications
2026-06-22 16:10:55 | STEP 8 STARTED - Save Report
2026-06-22 16:10:55 | STEP 8 COMPLETED - Save Report
2026-06-22 16:10:55 | WORKFLOW COMPLETED
