2026-06-19 12:52:17 | WORKFLOW STARTED
2026-06-19 12:52:17 | STEP 0 STARTED - Environment Validation
2026-06-19 12:52:17 | STEP 0 COMPLETED - Environment Validation
2026-06-19 12:52:17 | STEP 1 STARTED - Monitoring Engine
2026-06-19 12:52:17 | MONITORING WORKFLOW STARTED
2026-06-19 12:52:18 | MONITORING WORKFLOW COMPLETED
2026-06-19 12:52:18 | STEP 1 COMPLETED - Monitoring Engine
2026-06-19 12:52:18 | STEP 2 STARTED - Collect Monitoring Results
2026-06-19 12:52:18 | STEP 2 COMPLETED - Collect Monitoring Results
2026-06-19 12:52:18 | STEP 3 STARTED - AI Analysis
2026-06-19 12:52:20 | AI RESULT STATUS: FALLBACK
2026-06-19 12:52:20 | STEP 3A STARTED - Agent Execution
2026-06-19 12:52:20 | ACTION SAVED TO REPOSITORY
2026-06-19 12:52:20 | ACTION SAVED TO REPOSITORY
2026-06-19 12:52:20 | AGENT RISK: LOW
2026-06-19 12:52:20 | AGENT RECOMMENDATION: System healthy. Continue monitoring.
2026-06-19 12:52:20 | STEP 3A COMPLETED - Agent Execution
2026-06-19 12:52:20 | STEP 3 COMPLETED - AI Analysis
2026-06-19 12:52:20 | STEP 3B STARTED - SQL Action Generation
2026-06-19 12:52:20 | SQL ACTION: NO_ACTION
2026-06-19 12:52:20 | STEP 3B COMPLETED - SQL Action Generation
2026-06-19 12:52:20 | STEP 3C STARTED - SQL Risk Analysis
2026-06-19 12:52:20 | SQL RISK: {'risk': 'NONE', 'approval_required': False, 'destructive': False, 'rollback_required': False}
2026-06-19 12:52:20 | STEP 3C COMPLETED - SQL Risk Analysis
2026-06-19 12:52:20 | STEP 3D STARTED - SQL Validation
2026-06-19 12:52:20 | SQL VALIDATION: {'approved': False, 'reason': 'No SQL Action Required'}
2026-06-19 12:52:20 | STEP 3D COMPLETED - SQL Validation
2026-06-19 12:52:20 | STEP 4 STARTED - Governance Review
2026-06-19 12:52:20 | GOVERNANCE REVIEW SKIPPED - NO APPROVAL REQUIRED
2026-06-19 12:52:20 | STEP 4 COMPLETED - Governance Review
2026-06-19 12:52:20 | STEP 4A STARTED - SQL Execution
2026-06-19 12:52:20 | ACTION SAVED TO REPOSITORY
2026-06-19 12:52:20 | SQL EXECUTION: {'status': 'SKIPPED', 'reason': 'No SQL Action Required'}
2026-06-19 12:52:20 | STEP 4A COMPLETED - SQL Execution
2026-06-19 12:52:20 | STEP 4B STARTED - Execution Verification
2026-06-19 12:52:20 | VERIFICATION RESULT: {'verification_status': 'NOT_REQUIRED', 'issue_resolved': True, 'confidence': 100}
2026-06-19 12:52:20 | STEP 4B COMPLETED - Execution Verification
2026-06-19 12:52:20 | STEP 4C STARTED - Remediation Execution
2026-06-19 12:52:20 | ACTION SAVED TO REPOSITORY
2026-06-19 12:52:20 | REMEDIATION RESULT: {'status': 'SKIPPED', 'reason': 'System Healthy'}
2026-06-19 12:52:20 | STEP 4C COMPLETED - Remediation Execution
2026-06-19 12:52:20 | STEP 5 STARTED - Report Generation
2026-06-19 12:52:20 | STEP 5 COMPLETED - Report Generation
2026-06-19 12:52:20 | REPORT FILE CREATED: reports/incident_report_20260619_125220.txt
2026-06-19 12:52:20 | STEP 6 STARTED - Incident Repository
2026-06-19 12:52:20 | INCIDENT SAVED TO REPOSITORY
2026-06-19 12:52:20 | STEP 6 COMPLETED - Incident Repository
2026-06-19 12:52:20 | STEP 7 STARTED - Notifications
2026-06-19 12:52:20 | ACTION SAVED TO REPOSITORY
2026-06-19 12:52:20 | STEP 7 COMPLETED - Notifications
2026-06-19 12:52:20 | STEP 8 STARTED - Save Report
2026-06-19 12:52:20 | STEP 8 COMPLETED - Save Report
2026-06-19 12:52:20 | WORKFLOW COMPLETED
2026-06-19 13:07:03 | WORKFLOW STARTED
2026-06-19 13:07:03 | STEP 0 STARTED - Environment Validation
2026-06-19 13:07:03 | STEP 0 COMPLETED - Environment Validation
2026-06-19 13:07:03 | STEP 1 STARTED - Monitoring Engine
2026-06-19 13:07:03 | MONITORING WORKFLOW STARTED
2026-06-19 13:07:03 | MONITORING WORKFLOW COMPLETED
2026-06-19 13:07:03 | STEP 1 COMPLETED - Monitoring Engine
2026-06-19 13:07:03 | STEP 2 STARTED - Collect Monitoring Results
2026-06-19 13:07:03 | STEP 2 COMPLETED - Collect Monitoring Results
2026-06-19 13:07:03 | STEP 3 STARTED - AI Analysis
2026-06-19 13:07:06 | AI RESULT STATUS: FALLBACK
2026-06-19 13:07:06 | STEP 3A STARTED - Agent Execution
2026-06-19 13:07:06 | ACTION SAVED TO REPOSITORY
2026-06-19 13:07:06 | ACTION SAVED TO REPOSITORY
2026-06-19 13:07:06 | AGENT RISK: LOW
2026-06-19 13:07:06 | AGENT RECOMMENDATION: System healthy. Continue monitoring.
2026-06-19 13:07:06 | STEP 3A COMPLETED - Agent Execution
2026-06-19 13:07:06 | STEP 3 COMPLETED - AI Analysis
2026-06-19 13:07:06 | STEP 3B STARTED - SQL Action Generation
2026-06-19 13:07:06 | SQL ACTION: NO_ACTION
2026-06-19 13:07:06 | STEP 3B COMPLETED - SQL Action Generation
2026-06-19 13:07:06 | STEP 3C STARTED - SQL Risk Analysis
2026-06-19 13:07:06 | SQL RISK: {'risk': 'NONE', 'approval_required': False, 'destructive': False, 'rollback_required': False}
2026-06-19 13:07:06 | STEP 3C COMPLETED - SQL Risk Analysis
2026-06-19 13:07:06 | STEP 3D STARTED - SQL Validation
2026-06-19 13:07:06 | SQL VALIDATION: {'approved': False, 'reason': 'No SQL Action Required'}
2026-06-19 13:07:06 | STEP 3D COMPLETED - SQL Validation
2026-06-19 13:07:06 | STEP 4 STARTED - Governance Review
2026-06-19 13:07:06 | GOVERNANCE REVIEW SKIPPED - NO APPROVAL REQUIRED
2026-06-19 13:07:06 | STEP 4 COMPLETED - Governance Review
2026-06-19 13:07:06 | STEP 4A STARTED - SQL Execution
2026-06-19 13:07:06 | ACTION SAVED TO REPOSITORY
2026-06-19 13:07:06 | SQL EXECUTION: {'status': 'SKIPPED', 'reason': 'No SQL Action Required'}
2026-06-19 13:07:06 | STEP 4A COMPLETED - SQL Execution
2026-06-19 13:07:06 | STEP 4B STARTED - Execution Verification
2026-06-19 13:07:06 | VERIFICATION RESULT: {'verification_status': 'NOT_REQUIRED', 'issue_resolved': True, 'confidence': 100}
2026-06-19 13:07:06 | STEP 4B COMPLETED - Execution Verification
2026-06-19 13:07:06 | STEP 4C STARTED - Remediation Execution
2026-06-19 13:07:06 | ACTION SAVED TO REPOSITORY
2026-06-19 13:07:06 | REMEDIATION RESULT: {'status': 'SKIPPED', 'reason': 'System Healthy'}
2026-06-19 13:07:06 | STEP 4C COMPLETED - Remediation Execution
2026-06-19 13:07:06 | STEP 5 STARTED - Report Generation
2026-06-19 13:07:06 | STEP 5 COMPLETED - Report Generation
2026-06-19 13:07:06 | REPORT FILE CREATED: reports/incident_report_20260619_130706.txt
2026-06-19 13:07:06 | STEP 6 STARTED - Incident Repository
2026-06-19 13:07:06 | INCIDENT SAVED TO REPOSITORY
2026-06-19 13:07:06 | STEP 6 COMPLETED - Incident Repository
2026-06-19 13:07:06 | STEP 7 STARTED - Notifications
2026-06-19 13:07:06 | ACTION SAVED TO REPOSITORY
2026-06-19 13:07:06 | STEP 7 COMPLETED - Notifications
2026-06-19 13:07:06 | STEP 8 STARTED - Save Report
2026-06-19 13:07:06 | STEP 8 COMPLETED - Save Report
2026-06-19 13:07:06 | WORKFLOW COMPLETED
2026-06-19 13:07:50 | WORKFLOW STARTED
2026-06-19 13:07:50 | STEP 0 STARTED - Environment Validation
2026-06-19 13:07:50 | STEP 0 COMPLETED - Environment Validation
2026-06-19 13:07:50 | STEP 1 STARTED - Monitoring Engine
2026-06-19 13:07:50 | MONITORING WORKFLOW STARTED
2026-06-19 13:07:50 | MONITORING WORKFLOW COMPLETED
2026-06-19 13:07:50 | STEP 1 COMPLETED - Monitoring Engine
2026-06-19 13:07:50 | STEP 2 STARTED - Collect Monitoring Results
2026-06-19 13:07:50 | STEP 2 COMPLETED - Collect Monitoring Results
2026-06-19 13:07:50 | STEP 3 STARTED - AI Analysis
2026-06-19 13:07:51 | AI RESULT STATUS: FALLBACK
2026-06-19 13:07:51 | STEP 3A STARTED - Agent Execution
2026-06-19 13:07:51 | ACTION SAVED TO REPOSITORY
2026-06-19 13:07:51 | ACTION SAVED TO REPOSITORY
2026-06-19 13:07:51 | AGENT RISK: LOW
2026-06-19 13:07:51 | AGENT RECOMMENDATION: System healthy. Continue monitoring.
2026-06-19 13:07:51 | STEP 3A COMPLETED - Agent Execution
2026-06-19 13:07:51 | STEP 3 COMPLETED - AI Analysis
2026-06-19 13:07:51 | STEP 3B STARTED - SQL Action Generation
2026-06-19 13:07:51 | SQL ACTION: NO_ACTION
2026-06-19 13:07:51 | STEP 3B COMPLETED - SQL Action Generation
2026-06-19 13:07:51 | STEP 3C STARTED - SQL Risk Analysis
2026-06-19 13:07:51 | SQL RISK: {'risk': 'NONE', 'approval_required': False, 'destructive': False, 'rollback_required': False}
2026-06-19 13:07:51 | STEP 3C COMPLETED - SQL Risk Analysis
2026-06-19 13:07:51 | STEP 3D STARTED - SQL Validation
2026-06-19 13:07:51 | SQL VALIDATION: {'approved': False, 'reason': 'No SQL Action Required'}
2026-06-19 13:07:51 | STEP 3D COMPLETED - SQL Validation
2026-06-19 13:07:51 | STEP 4 STARTED - Governance Review
2026-06-19 13:07:51 | GOVERNANCE REVIEW SKIPPED - NO APPROVAL REQUIRED
2026-06-19 13:07:51 | STEP 4 COMPLETED - Governance Review
2026-06-19 13:07:51 | STEP 4A STARTED - SQL Execution
2026-06-19 13:07:51 | ACTION SAVED TO REPOSITORY
2026-06-19 13:07:51 | SQL EXECUTION: {'status': 'SKIPPED', 'reason': 'No SQL Action Required'}
2026-06-19 13:07:51 | STEP 4A COMPLETED - SQL Execution
2026-06-19 13:07:51 | STEP 4B STARTED - Execution Verification
2026-06-19 13:07:51 | VERIFICATION RESULT: {'verification_status': 'NOT_REQUIRED', 'issue_resolved': True, 'confidence': 100}
2026-06-19 13:07:51 | STEP 4B COMPLETED - Execution Verification
2026-06-19 13:07:51 | STEP 4C STARTED - Remediation Execution
2026-06-19 13:07:51 | ACTION SAVED TO REPOSITORY
2026-06-19 13:07:51 | REMEDIATION RESULT: {'status': 'SKIPPED', 'reason': 'System Healthy'}
2026-06-19 13:07:51 | STEP 4C COMPLETED - Remediation Execution
2026-06-19 13:07:51 | STEP 5 STARTED - Report Generation
2026-06-19 13:07:51 | STEP 5 COMPLETED - Report Generation
2026-06-19 13:07:51 | REPORT FILE CREATED: reports/incident_report_20260619_130751.txt
2026-06-19 13:07:51 | STEP 6 STARTED - Incident Repository
2026-06-19 13:07:51 | INCIDENT SAVED TO REPOSITORY
2026-06-19 13:07:51 | STEP 6 COMPLETED - Incident Repository
2026-06-19 13:07:51 | STEP 7 STARTED - Notifications
2026-06-19 13:07:51 | ACTION SAVED TO REPOSITORY
2026-06-19 13:07:51 | STEP 7 COMPLETED - Notifications
2026-06-19 13:07:51 | STEP 8 STARTED - Save Report
2026-06-19 13:07:51 | STEP 8 COMPLETED - Save Report
2026-06-19 13:07:51 | WORKFLOW COMPLETED
2026-06-19 14:04:11 | WORKFLOW STARTED
2026-06-19 14:04:11 | STEP 0 STARTED - Environment Validation
2026-06-19 14:04:11 | STEP 0 COMPLETED - Environment Validation
2026-06-19 14:04:11 | STEP 1 STARTED - Monitoring Engine
2026-06-19 14:04:11 | MONITORING WORKFLOW STARTED
2026-06-19 14:04:11 | MONITORING WORKFLOW COMPLETED
2026-06-19 14:04:11 | STEP 1 COMPLETED - Monitoring Engine
2026-06-19 14:04:11 | STEP 2 STARTED - Collect Monitoring Results
2026-06-19 14:04:11 | STEP 2 COMPLETED - Collect Monitoring Results
2026-06-19 14:04:11 | STEP 3 STARTED - AI Analysis
2026-06-19 14:04:14 | AI RESULT STATUS: FALLBACK
2026-06-19 14:04:14 | STEP 3A STARTED - Agent Execution
2026-06-19 14:04:14 | ACTION SAVED TO REPOSITORY
2026-06-19 14:04:14 | ACTION SAVED TO REPOSITORY
2026-06-19 14:04:14 | AGENT RISK: LOW
2026-06-19 14:04:14 | AGENT RECOMMENDATION: System healthy. Continue monitoring.
2026-06-19 14:04:14 | STEP 3A COMPLETED - Agent Execution
2026-06-19 14:04:14 | STEP 3 COMPLETED - AI Analysis
2026-06-19 14:04:14 | STEP 3B STARTED - SQL Action Generation
2026-06-19 14:04:14 | SQL ACTION: NO_ACTION
2026-06-19 14:04:14 | STEP 3B COMPLETED - SQL Action Generation
2026-06-19 14:04:14 | STEP 3C STARTED - SQL Risk Analysis
2026-06-19 14:04:14 | SQL RISK: {'risk': 'NONE', 'approval_required': False, 'destructive': False, 'rollback_required': False}
2026-06-19 14:04:14 | STEP 3C COMPLETED - SQL Risk Analysis
2026-06-19 14:04:14 | STEP 3D STARTED - SQL Validation
2026-06-19 14:04:14 | SQL VALIDATION: {'approved': False, 'reason': 'No SQL Action Required'}
2026-06-19 14:04:14 | STEP 3D COMPLETED - SQL Validation
2026-06-19 14:04:14 | STEP 4 STARTED - Governance Review
2026-06-19 14:04:14 | GOVERNANCE REVIEW SKIPPED - NO APPROVAL REQUIRED
2026-06-19 14:04:14 | STEP 4 COMPLETED - Governance Review
2026-06-19 14:04:14 | STEP 4A STARTED - SQL Execution
2026-06-19 14:04:14 | ACTION SAVED TO REPOSITORY
2026-06-19 14:04:14 | SQL EXECUTION: {'status': 'SKIPPED', 'reason': 'No SQL Action Required'}
2026-06-19 14:04:14 | STEP 4A COMPLETED - SQL Execution
2026-06-19 14:04:14 | STEP 4B STARTED - Execution Verification
2026-06-19 14:04:14 | VERIFICATION RESULT: {'verification_status': 'NOT_REQUIRED', 'issue_resolved': True, 'confidence': 100}
2026-06-19 14:04:14 | STEP 4B COMPLETED - Execution Verification
2026-06-19 14:04:14 | STEP 4C STARTED - Remediation Execution
2026-06-19 14:04:14 | ACTION SAVED TO REPOSITORY
2026-06-19 14:04:14 | REMEDIATION RESULT: {'status': 'SKIPPED', 'reason': 'System Healthy'}
2026-06-19 14:04:14 | STEP 4C COMPLETED - Remediation Execution
2026-06-19 14:04:14 | STEP 5 STARTED - Report Generation
2026-06-19 14:04:14 | STEP 5 COMPLETED - Report Generation
2026-06-19 14:04:14 | REPORT FILE CREATED: reports/incident_report_20260619_140414.txt
2026-06-19 14:04:14 | STEP 6 STARTED - Incident Repository
2026-06-19 14:04:14 | INCIDENT SAVED TO REPOSITORY
2026-06-19 14:04:14 | STEP 6 COMPLETED - Incident Repository
2026-06-19 14:04:14 | STEP 7 STARTED - Notifications
2026-06-19 14:04:14 | ACTION SAVED TO REPOSITORY
2026-06-19 14:04:14 | STEP 7 COMPLETED - Notifications
2026-06-19 14:04:14 | STEP 8 STARTED - Save Report
2026-06-19 14:04:14 | STEP 8 COMPLETED - Save Report
2026-06-19 14:04:14 | WORKFLOW COMPLETED
2026-06-19 14:13:47 | WORKFLOW STARTED
2026-06-19 14:13:47 | STEP 0 STARTED - Environment Validation
2026-06-19 14:13:47 | STEP 0 COMPLETED - Environment Validation
2026-06-19 14:13:47 | STEP 1 STARTED - Monitoring Engine
2026-06-19 14:13:47 | MONITORING WORKFLOW STARTED
2026-06-19 14:13:47 | MONITORING WORKFLOW COMPLETED
2026-06-19 14:13:47 | STEP 1 COMPLETED - Monitoring Engine
2026-06-19 14:13:47 | STEP 2 STARTED - Collect Monitoring Results
2026-06-19 14:13:47 | STEP 2 COMPLETED - Collect Monitoring Results
2026-06-19 14:13:47 | STEP 3 STARTED - AI Analysis
2026-06-19 14:13:48 | AI RESULT STATUS: FALLBACK
2026-06-19 14:13:48 | STEP 3A STARTED - Agent Execution
2026-06-19 14:13:48 | ACTION SAVED TO REPOSITORY
2026-06-19 14:13:48 | ACTION SAVED TO REPOSITORY
2026-06-19 14:13:48 | AGENT RISK: LOW
2026-06-19 14:13:48 | AGENT RECOMMENDATION: System healthy. Continue monitoring.
2026-06-19 14:13:48 | STEP 3A COMPLETED - Agent Execution
2026-06-19 14:13:48 | STEP 3 COMPLETED - AI Analysis
2026-06-19 14:13:48 | STEP 3B STARTED - SQL Action Generation
2026-06-19 14:13:48 | SQL ACTION: NO_ACTION
2026-06-19 14:13:48 | STEP 3B COMPLETED - SQL Action Generation
2026-06-19 14:13:48 | STEP 3C STARTED - SQL Risk Analysis
2026-06-19 14:13:48 | SQL RISK: {'risk': 'NONE', 'approval_required': False, 'destructive': False, 'rollback_required': False}
2026-06-19 14:13:48 | STEP 3C COMPLETED - SQL Risk Analysis
2026-06-19 14:13:48 | STEP 3D STARTED - SQL Validation
2026-06-19 14:13:48 | SQL VALIDATION: {'approved': False, 'reason': 'No SQL Action Required'}
2026-06-19 14:13:48 | STEP 3D COMPLETED - SQL Validation
2026-06-19 14:13:48 | STEP 4 STARTED - Governance Review
2026-06-19 14:13:48 | GOVERNANCE REVIEW SKIPPED - NO APPROVAL REQUIRED
2026-06-19 14:13:48 | STEP 4 COMPLETED - Governance Review
2026-06-19 14:13:48 | STEP 4A STARTED - SQL Execution
2026-06-19 14:13:48 | ACTION SAVED TO REPOSITORY
2026-06-19 14:13:48 | SQL EXECUTION: {'status': 'SKIPPED', 'reason': 'No SQL Action Required'}
2026-06-19 14:13:48 | STEP 4A COMPLETED - SQL Execution
2026-06-19 14:13:48 | STEP 4B STARTED - Execution Verification
2026-06-19 14:13:48 | VERIFICATION RESULT: {'verification_status': 'NOT_REQUIRED', 'issue_resolved': True, 'confidence': 100}
2026-06-19 14:13:48 | STEP 4B COMPLETED - Execution Verification
2026-06-19 14:13:48 | STEP 4C STARTED - Remediation Execution
2026-06-19 14:13:48 | ACTION SAVED TO REPOSITORY
2026-06-19 14:13:48 | REMEDIATION RESULT: {'status': 'SKIPPED', 'reason': 'System Healthy'}
2026-06-19 14:13:48 | STEP 4C COMPLETED - Remediation Execution
2026-06-19 14:13:48 | STEP 5 STARTED - Report Generation
2026-06-19 14:13:48 | STEP 5 COMPLETED - Report Generation
2026-06-19 14:13:48 | REPORT FILE CREATED: reports/incident_report_20260619_141348.txt
2026-06-19 14:13:48 | STEP 6 STARTED - Incident Repository
2026-06-19 14:13:48 | INCIDENT SAVED TO REPOSITORY
2026-06-19 14:13:48 | STEP 6 COMPLETED - Incident Repository
2026-06-19 14:13:48 | STEP 7 STARTED - Notifications
2026-06-19 14:13:49 | ACTION SAVED TO REPOSITORY
2026-06-19 14:13:49 | STEP 7 COMPLETED - Notifications
2026-06-19 14:13:49 | STEP 8 STARTED - Save Report
2026-06-19 14:13:49 | STEP 8 COMPLETED - Save Report
2026-06-19 14:13:49 | WORKFLOW COMPLETED
