2026-06-18 14:48:59 | WORKFLOW STARTED
2026-06-18 14:48:59 | STEP 0 STARTED - Environment Validation
2026-06-18 14:48:59 | STEP 0 COMPLETED - Environment Validation
2026-06-18 14:48:59 | STEP 1 STARTED - Monitoring Engine
2026-06-18 14:48:59 | MONITORING WORKFLOW STARTED
2026-06-18 14:49:00 | MONITORING WORKFLOW COMPLETED
2026-06-18 14:49:00 | STEP 1 COMPLETED - Monitoring Engine
2026-06-18 14:49:00 | STEP 2 STARTED - Collect Monitoring Results
2026-06-18 14:49:00 | STEP 2 COMPLETED - Collect Monitoring Results
2026-06-18 14:49:00 | STEP 3 STARTED - AI Analysis
2026-06-18 14:49:02 | STEP 3A STARTED - Agent Execution
2026-06-18 14:49:02 | [ERROR] WORKFLOW MANAGER: 'str' object has no attribute 'get'
2026-06-18 14:53:58 | WORKFLOW STARTED
2026-06-18 14:53:58 | STEP 0 STARTED - Environment Validation
2026-06-18 14:53:58 | STEP 0 COMPLETED - Environment Validation
2026-06-18 14:53:58 | STEP 1 STARTED - Monitoring Engine
2026-06-18 14:53:58 | MONITORING WORKFLOW STARTED
2026-06-18 14:53:58 | MONITORING WORKFLOW COMPLETED
2026-06-18 14:53:58 | STEP 1 COMPLETED - Monitoring Engine
2026-06-18 14:53:58 | STEP 2 STARTED - Collect Monitoring Results
2026-06-18 14:53:58 | STEP 2 COMPLETED - Collect Monitoring Results
2026-06-18 14:53:58 | STEP 3 STARTED - AI Analysis
2026-06-18 14:54:01 | STEP 3A STARTED - Agent Execution
2026-06-18 14:54:01 | [ERROR] WORKFLOW MANAGER: 'str' object has no attribute 'get'
2026-06-18 15:14:50 | WORKFLOW STARTED
2026-06-18 15:14:50 | STEP 0 STARTED - Environment Validation
2026-06-18 15:14:50 | STEP 0 COMPLETED - Environment Validation
2026-06-18 15:14:50 | STEP 1 STARTED - Monitoring Engine
2026-06-18 15:14:50 | MONITORING WORKFLOW STARTED
2026-06-18 15:14:50 | MONITORING WORKFLOW COMPLETED
2026-06-18 15:14:50 | STEP 1 COMPLETED - Monitoring Engine
2026-06-18 15:14:50 | STEP 2 STARTED - Collect Monitoring Results
2026-06-18 15:14:50 | STEP 2 COMPLETED - Collect Monitoring Results
2026-06-18 15:14:50 | STEP 3 STARTED - AI Analysis
2026-06-18 15:14:53 | AI RESULT STATUS: FALLBACK
2026-06-18 15:14:53 | STEP 3A STARTED - Agent Execution
2026-06-18 15:14:53 | ACTION SAVED TO REPOSITORY
2026-06-18 15:14:53 | ACTION SAVED TO REPOSITORY
2026-06-18 15:14:53 | AGENT RISK: LOW
2026-06-18 15:14:53 | AGENT RECOMMENDATION: System healthy. Continue monitoring.
2026-06-18 15:14:53 | STEP 3A COMPLETED - Agent Execution
2026-06-18 15:14:53 | STEP 3 COMPLETED - AI Analysis
2026-06-18 15:14:53 | STEP 3B STARTED - SQL Action Generation
2026-06-18 15:14:53 | SQL ACTION: NO_ACTION
2026-06-18 15:14:53 | STEP 3B COMPLETED - SQL Action Generation
2026-06-18 15:14:53 | STEP 3C STARTED - SQL Risk Analysis
2026-06-18 15:14:53 | SQL RISK: {'risk': 'NONE', 'approval_required': False, 'destructive': False, 'rollback_required': False}
2026-06-18 15:14:53 | STEP 3C COMPLETED - SQL Risk Analysis
2026-06-18 15:14:53 | STEP 3D STARTED - SQL Validation
2026-06-18 15:14:53 | SQL VALIDATION: {'approved': False, 'reason': 'No SQL Action Required'}
2026-06-18 15:14:53 | STEP 3D COMPLETED - SQL Validation
2026-06-18 15:14:53 | STEP 4 STARTED - Governance Review
2026-06-18 15:14:53 | GOVERNANCE REVIEW SKIPPED - NO APPROVAL REQUIRED
2026-06-18 15:14:53 | STEP 4 COMPLETED - Governance Review
2026-06-18 15:14:53 | STEP 4A STARTED - SQL Execution
2026-06-18 15:14:53 | ACTION SAVED TO REPOSITORY
2026-06-18 15:14:53 | SQL EXECUTION: {'status': 'SKIPPED', 'reason': 'No SQL Action Required'}
2026-06-18 15:14:53 | STEP 4A COMPLETED - SQL Execution
2026-06-18 15:14:53 | STEP 4B STARTED - Execution Verification
2026-06-18 15:14:53 | VERIFICATION RESULT: {'verification_status': 'NOT_REQUIRED', 'issue_resolved': True, 'confidence': 100}
2026-06-18 15:14:53 | STEP 4B COMPLETED - Execution Verification
2026-06-18 15:14:53 | STEP 4C STARTED - Remediation Execution
2026-06-18 15:14:53 | ACTION SAVED TO REPOSITORY
2026-06-18 15:14:53 | REMEDIATION RESULT: {'status': 'SKIPPED', 'reason': 'System Healthy'}
2026-06-18 15:14:53 | STEP 4C COMPLETED - Remediation Execution
2026-06-18 15:14:53 | STEP 5 STARTED - Report Generation
2026-06-18 15:14:53 | STEP 5 COMPLETED - Report Generation
2026-06-18 15:14:53 | REPORT FILE CREATED: reports/incident_report_20260618_151453.txt
2026-06-18 15:14:53 | STEP 6 STARTED - Incident Repository
2026-06-18 15:14:53 | INCIDENT SAVED TO REPOSITORY
2026-06-18 15:14:53 | STEP 6 COMPLETED - Incident Repository
2026-06-18 15:14:53 | STEP 7 STARTED - Notifications
2026-06-18 15:14:53 | ACTION SAVED TO REPOSITORY
2026-06-18 15:14:53 | STEP 7 COMPLETED - Notifications
2026-06-18 15:14:53 | STEP 8 STARTED - Save Report
2026-06-18 15:14:53 | STEP 8 COMPLETED - Save Report
2026-06-18 15:14:53 | WORKFLOW COMPLETED
2026-06-18 15:21:05 | WORKFLOW STARTED
2026-06-18 15:21:05 | STEP 0 STARTED - Environment Validation
2026-06-18 15:21:05 | STEP 0 COMPLETED - Environment Validation
2026-06-18 15:21:05 | STEP 1 STARTED - Monitoring Engine
2026-06-18 15:21:05 | MONITORING WORKFLOW STARTED
2026-06-18 15:21:05 | MONITORING WORKFLOW COMPLETED
2026-06-18 15:21:05 | STEP 1 COMPLETED - Monitoring Engine
2026-06-18 15:21:05 | STEP 2 STARTED - Collect Monitoring Results
2026-06-18 15:21:05 | STEP 2 COMPLETED - Collect Monitoring Results
2026-06-18 15:21:05 | STEP 3 STARTED - AI Analysis
2026-06-18 15:21:05 | WORKFLOW STARTED
2026-06-18 15:21:05 | STEP 0 STARTED - Environment Validation
2026-06-18 15:21:05 | STEP 0 COMPLETED - Environment Validation
2026-06-18 15:21:05 | STEP 1 STARTED - Monitoring Engine
2026-06-18 15:21:06 | MONITORING WORKFLOW STARTED
2026-06-18 15:21:06 | MONITORING WORKFLOW COMPLETED
2026-06-18 15:21:06 | STEP 1 COMPLETED - Monitoring Engine
2026-06-18 15:21:06 | STEP 2 STARTED - Collect Monitoring Results
2026-06-18 15:21:06 | STEP 2 COMPLETED - Collect Monitoring Results
2026-06-18 15:21:06 | STEP 3 STARTED - AI Analysis
2026-06-18 15:21:08 | AI RESULT STATUS: FALLBACK
2026-06-18 15:21:08 | STEP 3A STARTED - Agent Execution
2026-06-18 15:21:08 | ACTION SAVED TO REPOSITORY
2026-06-18 15:21:08 | ACTION SAVED TO REPOSITORY
2026-06-18 15:21:08 | AGENT RISK: LOW
2026-06-18 15:21:08 | AGENT RECOMMENDATION: System healthy. Continue monitoring.
2026-06-18 15:21:08 | STEP 3A COMPLETED - Agent Execution
2026-06-18 15:21:08 | STEP 3 COMPLETED - AI Analysis
2026-06-18 15:21:08 | STEP 3B STARTED - SQL Action Generation
2026-06-18 15:21:08 | SQL ACTION: NO_ACTION
2026-06-18 15:21:08 | STEP 3B COMPLETED - SQL Action Generation
2026-06-18 15:21:08 | STEP 3C STARTED - SQL Risk Analysis
2026-06-18 15:21:08 | SQL RISK: {'risk': 'NONE', 'approval_required': False, 'destructive': False, 'rollback_required': False}
2026-06-18 15:21:08 | STEP 3C COMPLETED - SQL Risk Analysis
2026-06-18 15:21:08 | STEP 3D STARTED - SQL Validation
2026-06-18 15:21:08 | SQL VALIDATION: {'approved': False, 'reason': 'No SQL Action Required'}
2026-06-18 15:21:08 | STEP 3D COMPLETED - SQL Validation
2026-06-18 15:21:08 | STEP 4 STARTED - Governance Review
2026-06-18 15:21:08 | GOVERNANCE REVIEW SKIPPED - NO APPROVAL REQUIRED
2026-06-18 15:21:08 | STEP 4 COMPLETED - Governance Review
2026-06-18 15:21:08 | STEP 4A STARTED - SQL Execution
2026-06-18 15:21:08 | ACTION SAVED TO REPOSITORY
2026-06-18 15:21:08 | SQL EXECUTION: {'status': 'SKIPPED', 'reason': 'No SQL Action Required'}
2026-06-18 15:21:08 | STEP 4A COMPLETED - SQL Execution
2026-06-18 15:21:08 | STEP 4B STARTED - Execution Verification
2026-06-18 15:21:08 | VERIFICATION RESULT: {'verification_status': 'NOT_REQUIRED', 'issue_resolved': True, 'confidence': 100}
2026-06-18 15:21:08 | STEP 4B COMPLETED - Execution Verification
2026-06-18 15:21:08 | STEP 4C STARTED - Remediation Execution
2026-06-18 15:21:08 | ACTION SAVED TO REPOSITORY
2026-06-18 15:21:08 | REMEDIATION RESULT: {'status': 'SKIPPED', 'reason': 'System Healthy'}
2026-06-18 15:21:08 | STEP 4C COMPLETED - Remediation Execution
2026-06-18 15:21:08 | STEP 5 STARTED - Report Generation
2026-06-18 15:21:08 | STEP 5 COMPLETED - Report Generation
2026-06-18 15:21:08 | REPORT FILE CREATED: reports/incident_report_20260618_152108.txt
2026-06-18 15:21:08 | STEP 6 STARTED - Incident Repository
2026-06-18 15:21:08 | INCIDENT SAVED TO REPOSITORY
2026-06-18 15:21:08 | STEP 6 COMPLETED - Incident Repository
2026-06-18 15:21:08 | STEP 7 STARTED - Notifications
2026-06-18 15:21:08 | ACTION SAVED TO REPOSITORY
2026-06-18 15:21:08 | STEP 7 COMPLETED - Notifications
2026-06-18 15:21:08 | STEP 8 STARTED - Save Report
2026-06-18 15:21:08 | STEP 8 COMPLETED - Save Report
2026-06-18 15:21:08 | WORKFLOW COMPLETED
2026-06-18 15:21:08 | AI RESULT STATUS: FALLBACK
2026-06-18 15:21:08 | STEP 3A STARTED - Agent Execution
2026-06-18 15:21:08 | ACTION SAVED TO REPOSITORY
2026-06-18 15:21:08 | ACTION SAVED TO REPOSITORY
2026-06-18 15:21:08 | AGENT RISK: LOW
2026-06-18 15:21:08 | AGENT RECOMMENDATION: System healthy. Continue monitoring.
2026-06-18 15:21:08 | STEP 3A COMPLETED - Agent Execution
2026-06-18 15:21:08 | STEP 3 COMPLETED - AI Analysis
2026-06-18 15:21:08 | STEP 3B STARTED - SQL Action Generation
2026-06-18 15:21:08 | SQL ACTION: NO_ACTION
2026-06-18 15:21:08 | STEP 3B COMPLETED - SQL Action Generation
2026-06-18 15:21:08 | STEP 3C STARTED - SQL Risk Analysis
2026-06-18 15:21:08 | SQL RISK: {'risk': 'NONE', 'approval_required': False, 'destructive': False, 'rollback_required': False}
2026-06-18 15:21:08 | STEP 3C COMPLETED - SQL Risk Analysis
2026-06-18 15:21:08 | STEP 3D STARTED - SQL Validation
2026-06-18 15:21:08 | SQL VALIDATION: {'approved': False, 'reason': 'No SQL Action Required'}
2026-06-18 15:21:08 | STEP 3D COMPLETED - SQL Validation
2026-06-18 15:21:08 | STEP 4 STARTED - Governance Review
2026-06-18 15:21:08 | GOVERNANCE REVIEW SKIPPED - NO APPROVAL REQUIRED
2026-06-18 15:21:08 | STEP 4 COMPLETED - Governance Review
2026-06-18 15:21:08 | STEP 4A STARTED - SQL Execution
2026-06-18 15:21:08 | ACTION SAVED TO REPOSITORY
2026-06-18 15:21:08 | SQL EXECUTION: {'status': 'SKIPPED', 'reason': 'No SQL Action Required'}
2026-06-18 15:21:08 | STEP 4A COMPLETED - SQL Execution
2026-06-18 15:21:08 | STEP 4B STARTED - Execution Verification
2026-06-18 15:21:08 | VERIFICATION RESULT: {'verification_status': 'NOT_REQUIRED', 'issue_resolved': True, 'confidence': 100}
2026-06-18 15:21:08 | STEP 4B COMPLETED - Execution Verification
2026-06-18 15:21:08 | STEP 4C STARTED - Remediation Execution
2026-06-18 15:21:08 | ACTION SAVED TO REPOSITORY
2026-06-18 15:21:08 | REMEDIATION RESULT: {'status': 'SKIPPED', 'reason': 'System Healthy'}
2026-06-18 15:21:08 | STEP 4C COMPLETED - Remediation Execution
2026-06-18 15:21:08 | STEP 5 STARTED - Report Generation
2026-06-18 15:21:08 | STEP 5 COMPLETED - Report Generation
2026-06-18 15:21:08 | REPORT FILE CREATED: reports/incident_report_20260618_152108.txt
2026-06-18 15:21:08 | STEP 6 STARTED - Incident Repository
2026-06-18 15:21:08 | INCIDENT SAVED TO REPOSITORY
2026-06-18 15:21:08 | STEP 6 COMPLETED - Incident Repository
2026-06-18 15:21:08 | STEP 7 STARTED - Notifications
2026-06-18 15:21:08 | ACTION SAVED TO REPOSITORY
2026-06-18 15:21:08 | STEP 7 COMPLETED - Notifications
2026-06-18 15:21:08 | STEP 8 STARTED - Save Report
2026-06-18 15:21:08 | STEP 8 COMPLETED - Save Report
2026-06-18 15:21:08 | WORKFLOW COMPLETED
2026-06-18 15:21:45 | WORKFLOW STARTED
2026-06-18 15:21:45 | STEP 0 STARTED - Environment Validation
2026-06-18 15:21:45 | STEP 0 COMPLETED - Environment Validation
2026-06-18 15:21:45 | STEP 1 STARTED - Monitoring Engine
2026-06-18 15:21:45 | MONITORING WORKFLOW STARTED
2026-06-18 15:21:45 | MONITORING WORKFLOW COMPLETED
2026-06-18 15:21:45 | STEP 1 COMPLETED - Monitoring Engine
2026-06-18 15:21:45 | STEP 2 STARTED - Collect Monitoring Results
2026-06-18 15:21:45 | STEP 2 COMPLETED - Collect Monitoring Results
2026-06-18 15:21:45 | STEP 3 STARTED - AI Analysis
2026-06-18 15:21:45 | AI RESULT STATUS: FALLBACK
2026-06-18 15:21:45 | STEP 3A STARTED - Agent Execution
2026-06-18 15:21:45 | ACTION SAVED TO REPOSITORY
2026-06-18 15:21:45 | ACTION SAVED TO REPOSITORY
2026-06-18 15:21:45 | AGENT RISK: LOW
2026-06-18 15:21:45 | AGENT RECOMMENDATION: System healthy. Continue monitoring.
2026-06-18 15:21:45 | STEP 3A COMPLETED - Agent Execution
2026-06-18 15:21:45 | STEP 3 COMPLETED - AI Analysis
2026-06-18 15:21:45 | STEP 3B STARTED - SQL Action Generation
2026-06-18 15:21:45 | SQL ACTION: NO_ACTION
2026-06-18 15:21:45 | STEP 3B COMPLETED - SQL Action Generation
2026-06-18 15:21:45 | STEP 3C STARTED - SQL Risk Analysis
2026-06-18 15:21:45 | SQL RISK: {'risk': 'NONE', 'approval_required': False, 'destructive': False, 'rollback_required': False}
2026-06-18 15:21:45 | STEP 3C COMPLETED - SQL Risk Analysis
2026-06-18 15:21:45 | STEP 3D STARTED - SQL Validation
2026-06-18 15:21:45 | SQL VALIDATION: {'approved': False, 'reason': 'No SQL Action Required'}
2026-06-18 15:21:45 | STEP 3D COMPLETED - SQL Validation
2026-06-18 15:21:45 | STEP 4 STARTED - Governance Review
2026-06-18 15:21:45 | GOVERNANCE REVIEW SKIPPED - NO APPROVAL REQUIRED
2026-06-18 15:21:45 | STEP 4 COMPLETED - Governance Review
2026-06-18 15:21:45 | STEP 4A STARTED - SQL Execution
2026-06-18 15:21:45 | ACTION SAVED TO REPOSITORY
2026-06-18 15:21:45 | SQL EXECUTION: {'status': 'SKIPPED', 'reason': 'No SQL Action Required'}
2026-06-18 15:21:45 | STEP 4A COMPLETED - SQL Execution
2026-06-18 15:21:45 | STEP 4B STARTED - Execution Verification
2026-06-18 15:21:45 | VERIFICATION RESULT: {'verification_status': 'NOT_REQUIRED', 'issue_resolved': True, 'confidence': 100}
2026-06-18 15:21:45 | STEP 4B COMPLETED - Execution Verification
2026-06-18 15:21:45 | STEP 4C STARTED - Remediation Execution
2026-06-18 15:21:45 | ACTION SAVED TO REPOSITORY
2026-06-18 15:21:45 | REMEDIATION RESULT: {'status': 'SKIPPED', 'reason': 'System Healthy'}
2026-06-18 15:21:45 | STEP 4C COMPLETED - Remediation Execution
2026-06-18 15:21:45 | STEP 5 STARTED - Report Generation
2026-06-18 15:21:45 | STEP 5 COMPLETED - Report Generation
2026-06-18 15:21:45 | REPORT FILE CREATED: reports/incident_report_20260618_152145.txt
2026-06-18 15:21:45 | STEP 6 STARTED - Incident Repository
2026-06-18 15:21:45 | INCIDENT SAVED TO REPOSITORY
2026-06-18 15:21:45 | STEP 6 COMPLETED - Incident Repository
2026-06-18 15:21:45 | STEP 7 STARTED - Notifications
2026-06-18 15:21:45 | ACTION SAVED TO REPOSITORY
2026-06-18 15:21:45 | STEP 7 COMPLETED - Notifications
2026-06-18 15:21:45 | STEP 8 STARTED - Save Report
2026-06-18 15:21:45 | STEP 8 COMPLETED - Save Report
2026-06-18 15:21:45 | WORKFLOW COMPLETED
2026-06-18 15:22:20 | WORKFLOW STARTED
2026-06-18 15:22:20 | STEP 0 STARTED - Environment Validation
2026-06-18 15:22:20 | STEP 0 COMPLETED - Environment Validation
2026-06-18 15:22:20 | STEP 1 STARTED - Monitoring Engine
2026-06-18 15:22:20 | MONITORING WORKFLOW STARTED
2026-06-18 15:22:20 | MONITORING WORKFLOW COMPLETED
2026-06-18 15:22:20 | STEP 1 COMPLETED - Monitoring Engine
2026-06-18 15:22:20 | STEP 2 STARTED - Collect Monitoring Results
2026-06-18 15:22:20 | STEP 2 COMPLETED - Collect Monitoring Results
2026-06-18 15:22:20 | STEP 3 STARTED - AI Analysis
2026-06-18 15:22:20 | AI RESULT STATUS: FALLBACK
2026-06-18 15:22:20 | STEP 3A STARTED - Agent Execution
2026-06-18 15:22:20 | ACTION SAVED TO REPOSITORY
2026-06-18 15:22:20 | ACTION SAVED TO REPOSITORY
2026-06-18 15:22:20 | AGENT RISK: LOW
2026-06-18 15:22:20 | AGENT RECOMMENDATION: System healthy. Continue monitoring.
2026-06-18 15:22:20 | STEP 3A COMPLETED - Agent Execution
2026-06-18 15:22:20 | STEP 3 COMPLETED - AI Analysis
2026-06-18 15:22:20 | STEP 3B STARTED - SQL Action Generation
2026-06-18 15:22:20 | SQL ACTION: NO_ACTION
2026-06-18 15:22:20 | STEP 3B COMPLETED - SQL Action Generation
2026-06-18 15:22:20 | STEP 3C STARTED - SQL Risk Analysis
2026-06-18 15:22:20 | SQL RISK: {'risk': 'NONE', 'approval_required': False, 'destructive': False, 'rollback_required': False}
2026-06-18 15:22:20 | STEP 3C COMPLETED - SQL Risk Analysis
2026-06-18 15:22:20 | STEP 3D STARTED - SQL Validation
2026-06-18 15:22:20 | SQL VALIDATION: {'approved': False, 'reason': 'No SQL Action Required'}
2026-06-18 15:22:20 | STEP 3D COMPLETED - SQL Validation
2026-06-18 15:22:20 | STEP 4 STARTED - Governance Review
2026-06-18 15:22:20 | GOVERNANCE REVIEW SKIPPED - NO APPROVAL REQUIRED
2026-06-18 15:22:20 | STEP 4 COMPLETED - Governance Review
2026-06-18 15:22:20 | STEP 4A STARTED - SQL Execution
2026-06-18 15:22:20 | ACTION SAVED TO REPOSITORY
2026-06-18 15:22:20 | SQL EXECUTION: {'status': 'SKIPPED', 'reason': 'No SQL Action Required'}
2026-06-18 15:22:20 | STEP 4A COMPLETED - SQL Execution
2026-06-18 15:22:20 | STEP 4B STARTED - Execution Verification
2026-06-18 15:22:20 | VERIFICATION RESULT: {'verification_status': 'NOT_REQUIRED', 'issue_resolved': True, 'confidence': 100}
2026-06-18 15:22:20 | STEP 4B COMPLETED - Execution Verification
2026-06-18 15:22:20 | STEP 4C STARTED - Remediation Execution
2026-06-18 15:22:20 | ACTION SAVED TO REPOSITORY
2026-06-18 15:22:20 | REMEDIATION RESULT: {'status': 'SKIPPED', 'reason': 'System Healthy'}
2026-06-18 15:22:20 | STEP 4C COMPLETED - Remediation Execution
2026-06-18 15:22:20 | STEP 5 STARTED - Report Generation
2026-06-18 15:22:20 | STEP 5 COMPLETED - Report Generation
2026-06-18 15:22:20 | REPORT FILE CREATED: reports/incident_report_20260618_152220.txt
2026-06-18 15:22:20 | STEP 6 STARTED - Incident Repository
2026-06-18 15:22:20 | INCIDENT SAVED TO REPOSITORY
2026-06-18 15:22:20 | STEP 6 COMPLETED - Incident Repository
2026-06-18 15:22:20 | STEP 7 STARTED - Notifications
2026-06-18 15:22:21 | ACTION SAVED TO REPOSITORY
2026-06-18 15:22:21 | STEP 7 COMPLETED - Notifications
2026-06-18 15:22:21 | STEP 8 STARTED - Save Report
2026-06-18 15:22:21 | STEP 8 COMPLETED - Save Report
2026-06-18 15:22:21 | WORKFLOW COMPLETED
2026-06-18 15:26:31 | WORKFLOW STARTED
2026-06-18 15:26:31 | STEP 0 STARTED - Environment Validation
2026-06-18 15:26:31 | STEP 0 COMPLETED - Environment Validation
2026-06-18 15:26:31 | STEP 1 STARTED - Monitoring Engine
2026-06-18 15:26:31 | MONITORING WORKFLOW STARTED
2026-06-18 15:26:31 | MONITORING WORKFLOW COMPLETED
2026-06-18 15:26:31 | STEP 1 COMPLETED - Monitoring Engine
2026-06-18 15:26:31 | STEP 2 STARTED - Collect Monitoring Results
2026-06-18 15:26:31 | STEP 2 COMPLETED - Collect Monitoring Results
2026-06-18 15:26:31 | STEP 3 STARTED - AI Analysis
2026-06-18 15:26:33 | AI RESULT STATUS: FALLBACK
2026-06-18 15:26:33 | STEP 3A STARTED - Agent Execution
2026-06-18 15:26:33 | ACTION SAVED TO REPOSITORY
2026-06-18 15:26:33 | ACTION SAVED TO REPOSITORY
2026-06-18 15:26:33 | AGENT RISK: LOW
2026-06-18 15:26:33 | AGENT RECOMMENDATION: System healthy. Continue monitoring.
2026-06-18 15:26:33 | STEP 3A COMPLETED - Agent Execution
2026-06-18 15:26:33 | STEP 3 COMPLETED - AI Analysis
2026-06-18 15:26:33 | STEP 3B STARTED - SQL Action Generation
2026-06-18 15:26:33 | SQL ACTION: NO_ACTION
2026-06-18 15:26:33 | STEP 3B COMPLETED - SQL Action Generation
2026-06-18 15:26:33 | STEP 3C STARTED - SQL Risk Analysis
2026-06-18 15:26:33 | SQL RISK: {'risk': 'NONE', 'approval_required': False, 'destructive': False, 'rollback_required': False}
2026-06-18 15:26:33 | STEP 3C COMPLETED - SQL Risk Analysis
2026-06-18 15:26:33 | STEP 3D STARTED - SQL Validation
2026-06-18 15:26:33 | SQL VALIDATION: {'approved': False, 'reason': 'No SQL Action Required'}
2026-06-18 15:26:33 | STEP 3D COMPLETED - SQL Validation
2026-06-18 15:26:33 | STEP 4 STARTED - Governance Review
2026-06-18 15:26:33 | GOVERNANCE REVIEW SKIPPED - NO APPROVAL REQUIRED
2026-06-18 15:26:33 | STEP 4 COMPLETED - Governance Review
2026-06-18 15:26:33 | STEP 4A STARTED - SQL Execution
2026-06-18 15:26:33 | ACTION SAVED TO REPOSITORY
2026-06-18 15:26:33 | SQL EXECUTION: {'status': 'SKIPPED', 'reason': 'No SQL Action Required'}
2026-06-18 15:26:33 | STEP 4A COMPLETED - SQL Execution
2026-06-18 15:26:33 | STEP 4B STARTED - Execution Verification
2026-06-18 15:26:33 | VERIFICATION RESULT: {'verification_status': 'NOT_REQUIRED', 'issue_resolved': True, 'confidence': 100}
2026-06-18 15:26:33 | STEP 4B COMPLETED - Execution Verification
2026-06-18 15:26:33 | STEP 4C STARTED - Remediation Execution
2026-06-18 15:26:33 | ACTION SAVED TO REPOSITORY
2026-06-18 15:26:33 | REMEDIATION RESULT: {'status': 'SKIPPED', 'reason': 'System Healthy'}
2026-06-18 15:26:33 | STEP 4C COMPLETED - Remediation Execution
2026-06-18 15:26:33 | STEP 5 STARTED - Report Generation
2026-06-18 15:26:33 | STEP 5 COMPLETED - Report Generation
2026-06-18 15:26:33 | REPORT FILE CREATED: reports/incident_report_20260618_152633.txt
2026-06-18 15:26:33 | STEP 6 STARTED - Incident Repository
2026-06-18 15:26:33 | INCIDENT SAVED TO REPOSITORY
2026-06-18 15:26:33 | STEP 6 COMPLETED - Incident Repository
2026-06-18 15:26:33 | STEP 7 STARTED - Notifications
2026-06-18 15:26:33 | ACTION SAVED TO REPOSITORY
2026-06-18 15:26:33 | STEP 7 COMPLETED - Notifications
2026-06-18 15:26:33 | STEP 8 STARTED - Save Report
2026-06-18 15:26:33 | STEP 8 COMPLETED - Save Report
2026-06-18 15:26:33 | WORKFLOW COMPLETED
2026-06-18 15:55:50 | WORKFLOW STARTED
2026-06-18 15:55:50 | STEP 0 STARTED - Environment Validation
2026-06-18 15:55:50 | STEP 0 COMPLETED - Environment Validation
2026-06-18 15:55:50 | STEP 1 STARTED - Monitoring Engine
2026-06-18 15:55:50 | MONITORING WORKFLOW STARTED
2026-06-18 15:55:51 | MONITORING WORKFLOW COMPLETED
2026-06-18 15:55:51 | STEP 1 COMPLETED - Monitoring Engine
2026-06-18 15:55:51 | STEP 2 STARTED - Collect Monitoring Results
2026-06-18 15:55:51 | STEP 2 COMPLETED - Collect Monitoring Results
2026-06-18 15:55:51 | STEP 3 STARTED - AI Analysis
2026-06-18 15:55:54 | AI RESULT STATUS: FALLBACK
2026-06-18 15:55:54 | STEP 3A STARTED - Agent Execution
2026-06-18 15:55:54 | ACTION SAVED TO REPOSITORY
2026-06-18 15:55:54 | ACTION SAVED TO REPOSITORY
2026-06-18 15:55:54 | AGENT RISK: LOW
2026-06-18 15:55:54 | AGENT RECOMMENDATION: System healthy. Continue monitoring.
2026-06-18 15:55:54 | STEP 3A COMPLETED - Agent Execution
2026-06-18 15:55:54 | STEP 3 COMPLETED - AI Analysis
2026-06-18 15:55:54 | STEP 3B STARTED - SQL Action Generation
2026-06-18 15:55:54 | SQL ACTION: NO_ACTION
2026-06-18 15:55:54 | STEP 3B COMPLETED - SQL Action Generation
2026-06-18 15:55:54 | STEP 3C STARTED - SQL Risk Analysis
2026-06-18 15:55:54 | SQL RISK: {'risk': 'NONE', 'approval_required': False, 'destructive': False, 'rollback_required': False}
2026-06-18 15:55:54 | STEP 3C COMPLETED - SQL Risk Analysis
2026-06-18 15:55:54 | STEP 3D STARTED - SQL Validation
2026-06-18 15:55:54 | SQL VALIDATION: {'approved': False, 'reason': 'No SQL Action Required'}
2026-06-18 15:55:54 | STEP 3D COMPLETED - SQL Validation
2026-06-18 15:55:54 | STEP 4 STARTED - Governance Review
2026-06-18 15:55:54 | GOVERNANCE REVIEW SKIPPED - NO APPROVAL REQUIRED
2026-06-18 15:55:54 | STEP 4 COMPLETED - Governance Review
2026-06-18 15:55:54 | STEP 4A STARTED - SQL Execution
2026-06-18 15:55:55 | ACTION SAVED TO REPOSITORY
2026-06-18 15:55:55 | SQL EXECUTION: {'status': 'SKIPPED', 'reason': 'No SQL Action Required'}
2026-06-18 15:55:55 | STEP 4A COMPLETED - SQL Execution
2026-06-18 15:55:55 | STEP 4B STARTED - Execution Verification
2026-06-18 15:55:55 | VERIFICATION RESULT: {'verification_status': 'NOT_REQUIRED', 'issue_resolved': True, 'confidence': 100}
2026-06-18 15:55:55 | STEP 4B COMPLETED - Execution Verification
2026-06-18 15:55:55 | STEP 4C STARTED - Remediation Execution
2026-06-18 15:55:55 | ACTION SAVED TO REPOSITORY
2026-06-18 15:55:55 | REMEDIATION RESULT: {'status': 'SKIPPED', 'reason': 'System Healthy'}
2026-06-18 15:55:55 | STEP 4C COMPLETED - Remediation Execution
2026-06-18 15:55:55 | STEP 5 STARTED - Report Generation
2026-06-18 15:55:55 | STEP 5 COMPLETED - Report Generation
2026-06-18 15:55:55 | REPORT FILE CREATED: reports/incident_report_20260618_155555.txt
2026-06-18 15:55:55 | STEP 6 STARTED - Incident Repository
2026-06-18 15:55:55 | INCIDENT SAVED TO REPOSITORY
2026-06-18 15:55:55 | STEP 6 COMPLETED - Incident Repository
2026-06-18 15:55:55 | STEP 7 STARTED - Notifications
2026-06-18 15:55:55 | ACTION SAVED TO REPOSITORY
2026-06-18 15:55:55 | STEP 7 COMPLETED - Notifications
2026-06-18 15:55:55 | STEP 8 STARTED - Save Report
2026-06-18 15:55:55 | STEP 8 COMPLETED - Save Report
2026-06-18 15:55:55 | WORKFLOW COMPLETED
