2026-06-12 00:04:58 | SCHEDULED WORKFLOW EXECUTION STARTED
2026-06-12 00:04:58 | WORKFLOW STARTED
2026-06-12 00:04:58 | STEP 0 STARTED - Environment Validation
2026-06-12 00:04:58 | STEP 0 COMPLETED - Environment Validation
2026-06-12 00:04:58 | STEP 1 STARTED - Monitoring Engine
2026-06-12 00:04:58 | MONITORING WORKFLOW STARTED
2026-06-12 00:04:58 | MONITORING WORKFLOW COMPLETED
2026-06-12 00:04:58 | STEP 1 COMPLETED - Monitoring Engine
2026-06-12 00:04:58 | STEP 2 STARTED - Collect Monitoring Results
2026-06-12 00:04:58 | STEP 2 COMPLETED - Collect Monitoring Results
2026-06-12 00:04:58 | STEP 3 STARTED - AI Analysis
2026-06-12 00:05:04 | STEP 3 COMPLETED - AI Analysis
2026-06-12 00:05:04 | STEP 4 STARTED - Report Generation
2026-06-12 00:05:04 | STEP 4 COMPLETED - Report Generation
2026-06-12 00:05:04 | REPORT FILE CREATED: reports/incident_report_20260612_000504.txt
2026-06-12 00:05:04 | STEP 5 STARTED - Notifications
2026-06-12 00:05:04 | NOTIFICATION WORKFLOW STARTED
2026-06-12 00:05:04 | NOTIFICATION WORKFLOW COMPLETED
2026-06-12 00:05:04 | STEP 5 COMPLETED - Notifications
2026-06-12 00:05:04 | STEP 6 STARTED - Save Report
2026-06-12 00:05:04 | STEP 6 COMPLETED - Save Report
2026-06-12 00:05:04 | WORKFLOW COMPLETED
2026-06-12 00:05:04 | SCHEDULED WORKFLOW EXECUTION COMPLETED
2026-06-12 00:10:04 | SCHEDULED WORKFLOW EXECUTION STARTED
2026-06-12 00:10:04 | WORKFLOW STARTED
2026-06-12 00:10:04 | STEP 0 STARTED - Environment Validation
2026-06-12 00:10:04 | STEP 0 COMPLETED - Environment Validation
2026-06-12 00:10:04 | STEP 1 STARTED - Monitoring Engine
2026-06-12 00:10:04 | MONITORING WORKFLOW STARTED
2026-06-12 00:10:05 | MONITORING WORKFLOW COMPLETED
2026-06-12 00:10:05 | STEP 1 COMPLETED - Monitoring Engine
2026-06-12 00:10:05 | STEP 2 STARTED - Collect Monitoring Results
2026-06-12 00:10:05 | STEP 2 COMPLETED - Collect Monitoring Results
2026-06-12 00:10:05 | STEP 3 STARTED - AI Analysis
2026-06-12 00:10:12 | STEP 3 COMPLETED - AI Analysis
2026-06-12 00:10:12 | STEP 4 STARTED - Report Generation
2026-06-12 00:10:12 | STEP 4 COMPLETED - Report Generation
2026-06-12 00:10:12 | REPORT FILE CREATED: reports/incident_report_20260612_001012.txt
2026-06-12 00:10:12 | STEP 5 STARTED - Notifications
2026-06-12 00:10:12 | NOTIFICATION WORKFLOW STARTED
2026-06-12 00:10:12 | NOTIFICATION WORKFLOW COMPLETED
2026-06-12 00:10:12 | STEP 5 COMPLETED - Notifications
2026-06-12 00:10:12 | STEP 6 STARTED - Save Report
2026-06-12 00:10:12 | STEP 6 COMPLETED - Save Report
2026-06-12 00:10:12 | WORKFLOW COMPLETED
2026-06-12 00:10:12 | SCHEDULED WORKFLOW EXECUTION COMPLETED
2026-06-12 00:15:12 | SCHEDULED WORKFLOW EXECUTION STARTED
2026-06-12 00:15:12 | WORKFLOW STARTED
2026-06-12 00:15:12 | STEP 0 STARTED - Environment Validation
2026-06-12 00:15:12 | STEP 0 COMPLETED - Environment Validation
2026-06-12 00:15:12 | STEP 1 STARTED - Monitoring Engine
2026-06-12 00:15:12 | MONITORING WORKFLOW STARTED
2026-06-12 00:15:12 | MONITORING WORKFLOW COMPLETED
2026-06-12 00:15:12 | STEP 1 COMPLETED - Monitoring Engine
2026-06-12 00:15:12 | STEP 2 STARTED - Collect Monitoring Results
2026-06-12 00:15:12 | STEP 2 COMPLETED - Collect Monitoring Results
2026-06-12 00:15:12 | STEP 3 STARTED - AI Analysis
2026-06-12 00:15:20 | STEP 3 COMPLETED - AI Analysis
2026-06-12 00:15:20 | STEP 4 STARTED - Report Generation
2026-06-12 00:15:20 | STEP 4 COMPLETED - Report Generation
2026-06-12 00:15:20 | REPORT FILE CREATED: reports/incident_report_20260612_001520.txt
2026-06-12 00:15:20 | STEP 5 STARTED - Notifications
2026-06-12 00:15:20 | NOTIFICATION WORKFLOW STARTED
2026-06-12 00:15:20 | NOTIFICATION WORKFLOW COMPLETED
2026-06-12 00:15:20 | STEP 5 COMPLETED - Notifications
2026-06-12 00:15:20 | STEP 6 STARTED - Save Report
2026-06-12 00:15:20 | STEP 6 COMPLETED - Save Report
2026-06-12 00:15:20 | WORKFLOW COMPLETED
2026-06-12 00:15:20 | SCHEDULED WORKFLOW EXECUTION COMPLETED
2026-06-12 00:20:20 | SCHEDULED WORKFLOW EXECUTION STARTED
2026-06-12 00:20:20 | WORKFLOW STARTED
2026-06-12 00:20:20 | STEP 0 STARTED - Environment Validation
2026-06-12 00:20:20 | STEP 0 COMPLETED - Environment Validation
2026-06-12 00:20:20 | STEP 1 STARTED - Monitoring Engine
2026-06-12 00:20:20 | MONITORING WORKFLOW STARTED
2026-06-12 00:20:20 | MONITORING WORKFLOW COMPLETED
2026-06-12 00:20:20 | STEP 1 COMPLETED - Monitoring Engine
2026-06-12 00:20:20 | STEP 2 STARTED - Collect Monitoring Results
2026-06-12 00:20:20 | STEP 2 COMPLETED - Collect Monitoring Results
2026-06-12 00:20:20 | STEP 3 STARTED - AI Analysis
2026-06-12 00:20:26 | STEP 3 COMPLETED - AI Analysis
2026-06-12 00:20:26 | STEP 4 STARTED - Report Generation
2026-06-12 00:20:26 | STEP 4 COMPLETED - Report Generation
2026-06-12 00:20:26 | REPORT FILE CREATED: reports/incident_report_20260612_002026.txt
2026-06-12 00:20:26 | STEP 5 STARTED - Notifications
2026-06-12 00:20:26 | NOTIFICATION WORKFLOW STARTED
2026-06-12 00:20:26 | NOTIFICATION WORKFLOW COMPLETED
2026-06-12 00:20:26 | STEP 5 COMPLETED - Notifications
2026-06-12 00:20:26 | STEP 6 STARTED - Save Report
2026-06-12 00:20:26 | STEP 6 COMPLETED - Save Report
2026-06-12 00:20:26 | WORKFLOW COMPLETED
2026-06-12 00:20:26 | SCHEDULED WORKFLOW EXECUTION COMPLETED
2026-06-12 09:43:15 | AGENTIC DBA WORKFLOW STARTED: Run daily DBA health check
2026-06-12 09:43:24 | AGENTIC DBA WORKFLOW COMPLETED: DAILY_HEALTH_CHECK
2026-06-12 09:52:11 | AGENTIC DBA WORKFLOW STARTED: Run daily DBA health check
2026-06-12 09:52:40 | AGENTIC DBA WORKFLOW COMPLETED: DAILY_HEALTH_CHECK
2026-06-12 11:17:17 | AGENTIC DBA WORKFLOW STARTED: Run daily DBA health check
2026-06-12 11:17:34 | AGENTIC DBA WORKFLOW COMPLETED: DAILY_HEALTH_CHECK
