2026-06-04 11:42:53 | Audit Logger Test
2026-06-04 11:52:12 | WORKFLOW STARTED
2026-06-04 11:52:13 | Monitoring Completed
2026-06-04 11:52:18 | AI Analysis Completed
2026-06-04 11:52:18 | Report Generated: reports/incident_report_20260604_115218.txt
2026-06-04 11:52:18 | Notification Workflow Completed
2026-06-04 11:52:18 | WORKFLOW COMPLETED
2026-06-04 12:03:25 | WORKFLOW STARTED
2026-06-04 12:03:25 | Monitoring Completed
2026-06-04 12:03:33 | AI Analysis Completed
2026-06-04 12:03:33 | Report Generated: reports/incident_report_20260604_120333.txt
2026-06-04 12:03:33 | Notification Workflow Completed
2026-06-04 12:03:33 | WORKFLOW COMPLETED
2026-06-04 12:07:48 | Audit Logger Test
2026-06-04 12:08:44 | WORKFLOW STARTED
2026-06-04 12:08:44 | Monitoring Completed
2026-06-04 12:08:48 | AI Analysis Completed
2026-06-04 12:08:48 | Report Generated: reports/incident_report_20260604_120848.txt
2026-06-04 12:08:48 | Notification Workflow Completed
2026-06-04 12:08:48 | WORKFLOW COMPLETED
2026-06-04 12:14:45 | [ERROR] TEST MODULE: division by zero
2026-06-04 12:18:16 | WORKFLOW STARTED
2026-06-04 12:18:16 | Monitoring Completed
2026-06-04 12:18:20 | AI Analysis Completed
2026-06-04 12:18:20 | Report Generated: reports/incident_report_20260604_121820.txt
2026-06-04 12:18:20 | Notification Workflow Completed
2026-06-04 12:18:20 | WORKFLOW COMPLETED
2026-06-04 12:23:08 | WORKFLOW STARTED
2026-06-04 12:23:08 | STEP 1 STARTED - Monitoring Engine
2026-06-04 12:23:08 | STEP 1 COMPLETED - Monitoring Engine
2026-06-04 12:23:08 | STEP 2 STARTED - Collect Monitoring Results
2026-06-04 12:23:08 | STEP 2 COMPLETED - Collect Monitoring Results
2026-06-04 12:23:09 | STEP 3 STARTED - AI Analysis
2026-06-04 12:23:13 | STEP 3 COMPLETED - AI Analysis
2026-06-04 12:23:13 | STEP 4 STARTED - Report Generation
2026-06-04 12:23:13 | STEP 4 COMPLETED - Report Generation
2026-06-04 12:23:13 | REPORT FILE CREATED: reports/incident_report_20260604_122313.txt
2026-06-04 12:23:13 | STEP 5 STARTED - Notifications
2026-06-04 12:23:13 | STEP 5 COMPLETED - Notifications
2026-06-04 12:23:13 | STEP 6 STARTED - Save Report
2026-06-04 12:23:13 | STEP 6 COMPLETED - Save Report
2026-06-04 12:23:13 | WORKFLOW COMPLETED
2026-06-04 13:59:56 | WORKFLOW STARTED
2026-06-04 13:59:56 | STEP 1 STARTED - Monitoring Engine
2026-06-04 13:59:57 | STEP 1 COMPLETED - Monitoring Engine
2026-06-04 13:59:57 | STEP 2 STARTED - Collect Monitoring Results
2026-06-04 13:59:57 | STEP 2 COMPLETED - Collect Monitoring Results
2026-06-04 13:59:57 | STEP 3 STARTED - AI Analysis
2026-06-04 14:00:01 | STEP 3 COMPLETED - AI Analysis
2026-06-04 14:00:01 | STEP 4 STARTED - Report Generation
2026-06-04 14:00:01 | STEP 4 COMPLETED - Report Generation
2026-06-04 14:00:01 | REPORT FILE CREATED: reports/incident_report_20260604_140001.txt
2026-06-04 14:00:01 | STEP 5 STARTED - Notifications
2026-06-04 14:00:01 | STEP 5 COMPLETED - Notifications
2026-06-04 14:00:01 | STEP 6 STARTED - Save Report
2026-06-04 14:00:01 | STEP 6 COMPLETED - Save Report
2026-06-04 14:00:01 | WORKFLOW COMPLETED
2026-06-04 15:36:40 | Audit Logger Test
2026-06-04 15:39:10 | WORKFLOW STARTED
2026-06-04 15:39:10 | STEP 1 STARTED - Monitoring Engine
2026-06-04 15:39:10 | STEP 1 COMPLETED - Monitoring Engine
2026-06-04 15:39:10 | STEP 2 STARTED - Collect Monitoring Results
2026-06-04 15:39:10 | STEP 2 COMPLETED - Collect Monitoring Results
2026-06-04 15:39:10 | STEP 3 STARTED - AI Analysis
2026-06-04 15:39:15 | STEP 3 COMPLETED - AI Analysis
2026-06-04 15:39:15 | STEP 4 STARTED - Report Generation
2026-06-04 15:39:15 | STEP 4 COMPLETED - Report Generation
2026-06-04 15:39:15 | REPORT FILE CREATED: reports/incident_report_20260604_153915.txt
2026-06-04 15:39:15 | STEP 5 STARTED - Notifications
2026-06-04 15:39:15 | STEP 5 COMPLETED - Notifications
2026-06-04 15:39:15 | STEP 6 STARTED - Save Report
2026-06-04 15:39:15 | STEP 6 COMPLETED - Save Report
2026-06-04 15:39:15 | WORKFLOW COMPLETED
2026-06-04 15:44:19 | NOTIFICATION WORKFLOW STARTED
2026-06-04 15:44:19 | NOTIFICATION WORKFLOW COMPLETED
2026-06-04 16:01:29 | WORKFLOW STARTED
2026-06-04 16:01:29 | STEP 0 STARTED - Environment Validation
2026-06-04 16:01:29 | STEP 0 COMPLETED - Environment Validation
2026-06-04 16:01:29 | STEP 1 STARTED - Monitoring Engine
2026-06-04 16:01:29 | MONITORING WORKFLOW STARTED
2026-06-04 16:01:29 | MONITORING WORKFLOW COMPLETED
2026-06-04 16:01:29 | STEP 1 COMPLETED - Monitoring Engine
2026-06-04 16:01:29 | STEP 2 STARTED - Collect Monitoring Results
2026-06-04 16:01:29 | STEP 2 COMPLETED - Collect Monitoring Results
2026-06-04 16:01:29 | STEP 3 STARTED - AI Analysis
2026-06-04 16:01:33 | STEP 3 COMPLETED - AI Analysis
2026-06-04 16:01:33 | STEP 4 STARTED - Report Generation
2026-06-04 16:01:33 | STEP 4 COMPLETED - Report Generation
2026-06-04 16:01:33 | REPORT FILE CREATED: reports/incident_report_20260604_160133.txt
2026-06-04 16:01:33 | STEP 5 STARTED - Notifications
2026-06-04 16:01:33 | NOTIFICATION WORKFLOW STARTED
2026-06-04 16:01:33 | NOTIFICATION WORKFLOW COMPLETED
2026-06-04 16:01:33 | STEP 5 COMPLETED - Notifications
2026-06-04 16:01:33 | STEP 6 STARTED - Save Report
2026-06-04 16:01:33 | STEP 6 COMPLETED - Save Report
2026-06-04 16:01:33 | WORKFLOW COMPLETED
