2026-06-10 11:33:14 | SCHEDULED WORKFLOW EXECUTION STARTED
2026-06-10 11:33:14 | WORKFLOW STARTED
2026-06-10 11:33:14 | STEP 0 STARTED - Environment Validation
2026-06-10 11:33:14 | STEP 0 COMPLETED - Environment Validation
2026-06-10 11:33:14 | STEP 1 STARTED - Monitoring Engine
2026-06-10 11:33:14 | MONITORING WORKFLOW STARTED
2026-06-10 11:33:15 | MONITORING WORKFLOW COMPLETED
2026-06-10 11:33:15 | STEP 1 COMPLETED - Monitoring Engine
2026-06-10 11:33:15 | STEP 2 STARTED - Collect Monitoring Results
2026-06-10 11:33:15 | STEP 2 COMPLETED - Collect Monitoring Results
2026-06-10 11:33:15 | STEP 3 STARTED - AI Analysis
2026-06-10 11:33:22 | STEP 3 COMPLETED - AI Analysis
2026-06-10 11:33:22 | STEP 4 STARTED - Report Generation
2026-06-10 11:33:22 | STEP 4 COMPLETED - Report Generation
2026-06-10 11:33:22 | REPORT FILE CREATED: reports/incident_report_20260610_113322.txt
2026-06-10 11:33:22 | STEP 5 STARTED - Notifications
2026-06-10 11:33:22 | NOTIFICATION WORKFLOW STARTED
2026-06-10 11:33:22 | NOTIFICATION WORKFLOW COMPLETED
2026-06-10 11:33:22 | STEP 5 COMPLETED - Notifications
2026-06-10 11:33:22 | STEP 6 STARTED - Save Report
2026-06-10 11:33:22 | STEP 6 COMPLETED - Save Report
2026-06-10 11:33:22 | WORKFLOW COMPLETED
2026-06-10 11:33:22 | SCHEDULED WORKFLOW EXECUTION COMPLETED
2026-06-10 11:38:22 | SCHEDULED WORKFLOW EXECUTION STARTED
2026-06-10 11:38:22 | WORKFLOW STARTED
2026-06-10 11:38:22 | STEP 0 STARTED - Environment Validation
2026-06-10 11:38:22 | STEP 0 COMPLETED - Environment Validation
2026-06-10 11:38:22 | STEP 1 STARTED - Monitoring Engine
2026-06-10 11:38:22 | MONITORING WORKFLOW STARTED
2026-06-10 11:38:23 | MONITORING WORKFLOW COMPLETED
2026-06-10 11:38:23 | STEP 1 COMPLETED - Monitoring Engine
2026-06-10 11:38:23 | STEP 2 STARTED - Collect Monitoring Results
2026-06-10 11:38:23 | STEP 2 COMPLETED - Collect Monitoring Results
2026-06-10 11:38:23 | STEP 3 STARTED - AI Analysis
2026-06-10 11:38:28 | STEP 3 COMPLETED - AI Analysis
2026-06-10 11:38:28 | STEP 4 STARTED - Report Generation
2026-06-10 11:38:28 | STEP 4 COMPLETED - Report Generation
2026-06-10 11:38:28 | REPORT FILE CREATED: reports/incident_report_20260610_113828.txt
2026-06-10 11:38:28 | STEP 5 STARTED - Notifications
2026-06-10 11:38:28 | NOTIFICATION WORKFLOW STARTED
2026-06-10 11:38:28 | NOTIFICATION WORKFLOW COMPLETED
2026-06-10 11:38:28 | STEP 5 COMPLETED - Notifications
2026-06-10 11:38:28 | STEP 6 STARTED - Save Report
2026-06-10 11:38:28 | STEP 6 COMPLETED - Save Report
2026-06-10 11:38:28 | WORKFLOW COMPLETED
2026-06-10 11:38:28 | SCHEDULED WORKFLOW EXECUTION COMPLETED
2026-06-10 11:43:28 | SCHEDULED WORKFLOW EXECUTION STARTED
2026-06-10 11:43:28 | WORKFLOW STARTED
2026-06-10 11:43:28 | STEP 0 STARTED - Environment Validation
2026-06-10 11:43:28 | STEP 0 COMPLETED - Environment Validation
2026-06-10 11:43:28 | STEP 1 STARTED - Monitoring Engine
2026-06-10 11:43:28 | MONITORING WORKFLOW STARTED
2026-06-10 11:43:28 | MONITORING WORKFLOW COMPLETED
2026-06-10 11:43:28 | STEP 1 COMPLETED - Monitoring Engine
2026-06-10 11:43:28 | STEP 2 STARTED - Collect Monitoring Results
2026-06-10 11:43:28 | STEP 2 COMPLETED - Collect Monitoring Results
2026-06-10 11:43:28 | STEP 3 STARTED - AI Analysis
2026-06-10 11:43:34 | STEP 3 COMPLETED - AI Analysis
2026-06-10 11:43:34 | STEP 4 STARTED - Report Generation
2026-06-10 11:43:34 | STEP 4 COMPLETED - Report Generation
2026-06-10 11:43:34 | REPORT FILE CREATED: reports/incident_report_20260610_114334.txt
2026-06-10 11:43:34 | STEP 5 STARTED - Notifications
2026-06-10 11:43:34 | NOTIFICATION WORKFLOW STARTED
2026-06-10 11:43:34 | NOTIFICATION WORKFLOW COMPLETED
2026-06-10 11:43:34 | STEP 5 COMPLETED - Notifications
2026-06-10 11:43:34 | STEP 6 STARTED - Save Report
2026-06-10 11:43:34 | STEP 6 COMPLETED - Save Report
2026-06-10 11:43:34 | WORKFLOW COMPLETED
2026-06-10 11:43:34 | SCHEDULED WORKFLOW EXECUTION COMPLETED
2026-06-10 11:48:34 | SCHEDULED WORKFLOW EXECUTION STARTED
2026-06-10 11:48:34 | WORKFLOW STARTED
2026-06-10 11:48:34 | STEP 0 STARTED - Environment Validation
2026-06-10 11:48:34 | STEP 0 COMPLETED - Environment Validation
2026-06-10 11:48:34 | STEP 1 STARTED - Monitoring Engine
2026-06-10 11:48:35 | MONITORING WORKFLOW STARTED
2026-06-10 11:48:35 | MONITORING WORKFLOW COMPLETED
2026-06-10 11:48:35 | STEP 1 COMPLETED - Monitoring Engine
2026-06-10 11:48:35 | STEP 2 STARTED - Collect Monitoring Results
2026-06-10 11:48:35 | STEP 2 COMPLETED - Collect Monitoring Results
2026-06-10 11:48:35 | STEP 3 STARTED - AI Analysis
2026-06-10 11:48:40 | STEP 3 COMPLETED - AI Analysis
2026-06-10 11:48:40 | STEP 4 STARTED - Report Generation
2026-06-10 11:48:40 | STEP 4 COMPLETED - Report Generation
2026-06-10 11:48:40 | REPORT FILE CREATED: reports/incident_report_20260610_114840.txt
2026-06-10 11:48:40 | STEP 5 STARTED - Notifications
2026-06-10 11:48:40 | NOTIFICATION WORKFLOW STARTED
2026-06-10 11:48:40 | NOTIFICATION WORKFLOW COMPLETED
2026-06-10 11:48:40 | STEP 5 COMPLETED - Notifications
2026-06-10 11:48:40 | STEP 6 STARTED - Save Report
2026-06-10 11:48:40 | STEP 6 COMPLETED - Save Report
2026-06-10 11:48:40 | WORKFLOW COMPLETED
2026-06-10 11:48:40 | SCHEDULED WORKFLOW EXECUTION COMPLETED
2026-06-10 11:53:40 | SCHEDULED WORKFLOW EXECUTION STARTED
2026-06-10 11:53:40 | WORKFLOW STARTED
2026-06-10 11:53:40 | STEP 0 STARTED - Environment Validation
2026-06-10 11:53:40 | STEP 0 COMPLETED - Environment Validation
2026-06-10 11:53:40 | STEP 1 STARTED - Monitoring Engine
2026-06-10 11:53:40 | MONITORING WORKFLOW STARTED
2026-06-10 11:53:41 | MONITORING WORKFLOW COMPLETED
2026-06-10 11:53:41 | STEP 1 COMPLETED - Monitoring Engine
2026-06-10 11:53:41 | STEP 2 STARTED - Collect Monitoring Results
2026-06-10 11:53:41 | STEP 2 COMPLETED - Collect Monitoring Results
2026-06-10 11:53:41 | STEP 3 STARTED - AI Analysis
2026-06-10 11:53:45 | STEP 3 COMPLETED - AI Analysis
2026-06-10 11:53:45 | STEP 4 STARTED - Report Generation
2026-06-10 11:53:45 | STEP 4 COMPLETED - Report Generation
2026-06-10 11:53:45 | REPORT FILE CREATED: reports/incident_report_20260610_115345.txt
2026-06-10 11:53:45 | STEP 5 STARTED - Notifications
2026-06-10 11:53:45 | NOTIFICATION WORKFLOW STARTED
2026-06-10 11:53:45 | NOTIFICATION WORKFLOW COMPLETED
2026-06-10 11:53:45 | STEP 5 COMPLETED - Notifications
2026-06-10 11:53:45 | STEP 6 STARTED - Save Report
2026-06-10 11:53:45 | STEP 6 COMPLETED - Save Report
2026-06-10 11:53:45 | WORKFLOW COMPLETED
2026-06-10 11:53:45 | SCHEDULED WORKFLOW EXECUTION COMPLETED
2026-06-10 11:58:45 | SCHEDULED WORKFLOW EXECUTION STARTED
2026-06-10 11:58:45 | WORKFLOW STARTED
2026-06-10 11:58:45 | STEP 0 STARTED - Environment Validation
2026-06-10 11:58:45 | STEP 0 COMPLETED - Environment Validation
2026-06-10 11:58:45 | STEP 1 STARTED - Monitoring Engine
2026-06-10 11:58:45 | MONITORING WORKFLOW STARTED
2026-06-10 11:58:45 | MONITORING WORKFLOW COMPLETED
2026-06-10 11:58:45 | STEP 1 COMPLETED - Monitoring Engine
2026-06-10 11:58:45 | STEP 2 STARTED - Collect Monitoring Results
2026-06-10 11:58:45 | STEP 2 COMPLETED - Collect Monitoring Results
2026-06-10 11:58:45 | STEP 3 STARTED - AI Analysis
2026-06-10 11:58:52 | STEP 3 COMPLETED - AI Analysis
2026-06-10 11:58:52 | STEP 4 STARTED - Report Generation
2026-06-10 11:58:52 | STEP 4 COMPLETED - Report Generation
2026-06-10 11:58:52 | REPORT FILE CREATED: reports/incident_report_20260610_115852.txt
2026-06-10 11:58:52 | STEP 5 STARTED - Notifications
2026-06-10 11:58:52 | NOTIFICATION WORKFLOW STARTED
2026-06-10 11:58:52 | NOTIFICATION WORKFLOW COMPLETED
2026-06-10 11:58:52 | STEP 5 COMPLETED - Notifications
2026-06-10 11:58:52 | STEP 6 STARTED - Save Report
2026-06-10 11:58:52 | STEP 6 COMPLETED - Save Report
2026-06-10 11:58:52 | WORKFLOW COMPLETED
2026-06-10 11:58:52 | SCHEDULED WORKFLOW EXECUTION COMPLETED
2026-06-10 12:03:52 | SCHEDULED WORKFLOW EXECUTION STARTED
2026-06-10 12:03:52 | WORKFLOW STARTED
2026-06-10 12:03:52 | STEP 0 STARTED - Environment Validation
2026-06-10 12:03:52 | STEP 0 COMPLETED - Environment Validation
2026-06-10 12:03:52 | STEP 1 STARTED - Monitoring Engine
2026-06-10 12:03:52 | MONITORING WORKFLOW STARTED
2026-06-10 12:03:52 | MONITORING WORKFLOW COMPLETED
2026-06-10 12:03:52 | STEP 1 COMPLETED - Monitoring Engine
2026-06-10 12:03:52 | STEP 2 STARTED - Collect Monitoring Results
2026-06-10 12:03:52 | STEP 2 COMPLETED - Collect Monitoring Results
2026-06-10 12:03:52 | STEP 3 STARTED - AI Analysis
2026-06-10 12:04:03 | STEP 3 COMPLETED - AI Analysis
2026-06-10 12:04:03 | STEP 4 STARTED - Report Generation
2026-06-10 12:04:03 | STEP 4 COMPLETED - Report Generation
2026-06-10 12:04:03 | REPORT FILE CREATED: reports/incident_report_20260610_120403.txt
2026-06-10 12:04:03 | STEP 5 STARTED - Notifications
2026-06-10 12:04:03 | NOTIFICATION WORKFLOW STARTED
2026-06-10 12:04:03 | NOTIFICATION WORKFLOW COMPLETED
2026-06-10 12:04:03 | STEP 5 COMPLETED - Notifications
2026-06-10 12:04:03 | STEP 6 STARTED - Save Report
2026-06-10 12:04:03 | STEP 6 COMPLETED - Save Report
2026-06-10 12:04:03 | WORKFLOW COMPLETED
2026-06-10 12:04:03 | SCHEDULED WORKFLOW EXECUTION COMPLETED
2026-06-10 12:09:03 | SCHEDULED WORKFLOW EXECUTION STARTED
2026-06-10 12:09:03 | WORKFLOW STARTED
2026-06-10 12:09:03 | STEP 0 STARTED - Environment Validation
2026-06-10 12:09:03 | STEP 0 COMPLETED - Environment Validation
2026-06-10 12:09:03 | STEP 1 STARTED - Monitoring Engine
2026-06-10 12:09:03 | MONITORING WORKFLOW STARTED
2026-06-10 12:09:03 | MONITORING WORKFLOW COMPLETED
2026-06-10 12:09:03 | STEP 1 COMPLETED - Monitoring Engine
2026-06-10 12:09:03 | STEP 2 STARTED - Collect Monitoring Results
2026-06-10 12:09:03 | STEP 2 COMPLETED - Collect Monitoring Results
2026-06-10 12:09:03 | STEP 3 STARTED - AI Analysis
2026-06-10 12:09:08 | STEP 3 COMPLETED - AI Analysis
2026-06-10 12:09:08 | STEP 4 STARTED - Report Generation
2026-06-10 12:09:08 | STEP 4 COMPLETED - Report Generation
2026-06-10 12:09:08 | REPORT FILE CREATED: reports/incident_report_20260610_120908.txt
2026-06-10 12:09:08 | STEP 5 STARTED - Notifications
2026-06-10 12:09:08 | NOTIFICATION WORKFLOW STARTED
2026-06-10 12:09:08 | NOTIFICATION WORKFLOW COMPLETED
2026-06-10 12:09:08 | STEP 5 COMPLETED - Notifications
2026-06-10 12:09:08 | STEP 6 STARTED - Save Report
2026-06-10 12:09:08 | STEP 6 COMPLETED - Save Report
2026-06-10 12:09:08 | WORKFLOW COMPLETED
2026-06-10 12:09:08 | SCHEDULED WORKFLOW EXECUTION COMPLETED
2026-06-10 12:14:08 | SCHEDULED WORKFLOW EXECUTION STARTED
2026-06-10 12:14:08 | WORKFLOW STARTED
2026-06-10 12:14:08 | STEP 0 STARTED - Environment Validation
2026-06-10 12:14:08 | STEP 0 COMPLETED - Environment Validation
2026-06-10 12:14:08 | STEP 1 STARTED - Monitoring Engine
2026-06-10 12:14:08 | MONITORING WORKFLOW STARTED
2026-06-10 12:14:08 | MONITORING WORKFLOW COMPLETED
2026-06-10 12:14:08 | STEP 1 COMPLETED - Monitoring Engine
2026-06-10 12:14:08 | STEP 2 STARTED - Collect Monitoring Results
2026-06-10 12:14:08 | STEP 2 COMPLETED - Collect Monitoring Results
2026-06-10 12:14:08 | STEP 3 STARTED - AI Analysis
2026-06-10 12:14:16 | STEP 3 COMPLETED - AI Analysis
2026-06-10 12:14:16 | STEP 4 STARTED - Report Generation
2026-06-10 12:14:16 | STEP 4 COMPLETED - Report Generation
2026-06-10 12:14:16 | REPORT FILE CREATED: reports/incident_report_20260610_121416.txt
2026-06-10 12:14:16 | STEP 5 STARTED - Notifications
2026-06-10 12:14:16 | NOTIFICATION WORKFLOW STARTED
2026-06-10 12:14:16 | NOTIFICATION WORKFLOW COMPLETED
2026-06-10 12:14:16 | STEP 5 COMPLETED - Notifications
2026-06-10 12:14:16 | STEP 6 STARTED - Save Report
2026-06-10 12:14:16 | STEP 6 COMPLETED - Save Report
2026-06-10 12:14:16 | WORKFLOW COMPLETED
2026-06-10 12:14:16 | SCHEDULED WORKFLOW EXECUTION COMPLETED
2026-06-10 12:19:16 | SCHEDULED WORKFLOW EXECUTION STARTED
2026-06-10 12:19:16 | WORKFLOW STARTED
2026-06-10 12:19:16 | STEP 0 STARTED - Environment Validation
2026-06-10 12:19:16 | STEP 0 COMPLETED - Environment Validation
2026-06-10 12:19:16 | STEP 1 STARTED - Monitoring Engine
2026-06-10 12:19:16 | MONITORING WORKFLOW STARTED
2026-06-10 12:19:16 | MONITORING WORKFLOW COMPLETED
2026-06-10 12:19:16 | STEP 1 COMPLETED - Monitoring Engine
2026-06-10 12:19:16 | STEP 2 STARTED - Collect Monitoring Results
2026-06-10 12:19:16 | STEP 2 COMPLETED - Collect Monitoring Results
2026-06-10 12:19:16 | STEP 3 STARTED - AI Analysis
2026-06-10 12:19:25 | STEP 3 COMPLETED - AI Analysis
2026-06-10 12:19:25 | STEP 4 STARTED - Report Generation
2026-06-10 12:19:25 | STEP 4 COMPLETED - Report Generation
2026-06-10 12:19:25 | REPORT FILE CREATED: reports/incident_report_20260610_121925.txt
2026-06-10 12:19:25 | STEP 5 STARTED - Notifications
2026-06-10 12:19:25 | NOTIFICATION WORKFLOW STARTED
2026-06-10 12:19:25 | NOTIFICATION WORKFLOW COMPLETED
2026-06-10 12:19:25 | STEP 5 COMPLETED - Notifications
2026-06-10 12:19:25 | STEP 6 STARTED - Save Report
2026-06-10 12:19:25 | STEP 6 COMPLETED - Save Report
2026-06-10 12:19:25 | WORKFLOW COMPLETED
2026-06-10 12:19:25 | SCHEDULED WORKFLOW EXECUTION COMPLETED
2026-06-10 12:24:25 | SCHEDULED WORKFLOW EXECUTION STARTED
2026-06-10 12:24:25 | WORKFLOW STARTED
2026-06-10 12:24:25 | STEP 0 STARTED - Environment Validation
2026-06-10 12:24:25 | STEP 0 COMPLETED - Environment Validation
2026-06-10 12:24:25 | STEP 1 STARTED - Monitoring Engine
2026-06-10 12:24:25 | MONITORING WORKFLOW STARTED
2026-06-10 12:24:25 | MONITORING WORKFLOW COMPLETED
2026-06-10 12:24:25 | STEP 1 COMPLETED - Monitoring Engine
2026-06-10 12:24:25 | STEP 2 STARTED - Collect Monitoring Results
2026-06-10 12:24:25 | STEP 2 COMPLETED - Collect Monitoring Results
2026-06-10 12:24:25 | STEP 3 STARTED - AI Analysis
2026-06-10 12:24:31 | STEP 3 COMPLETED - AI Analysis
2026-06-10 12:24:31 | STEP 4 STARTED - Report Generation
2026-06-10 12:24:31 | STEP 4 COMPLETED - Report Generation
2026-06-10 12:24:31 | REPORT FILE CREATED: reports/incident_report_20260610_122431.txt
2026-06-10 12:24:31 | STEP 5 STARTED - Notifications
2026-06-10 12:24:31 | NOTIFICATION WORKFLOW STARTED
2026-06-10 12:24:31 | NOTIFICATION WORKFLOW COMPLETED
2026-06-10 12:24:31 | STEP 5 COMPLETED - Notifications
2026-06-10 12:24:31 | STEP 6 STARTED - Save Report
2026-06-10 12:24:31 | STEP 6 COMPLETED - Save Report
2026-06-10 12:24:31 | WORKFLOW COMPLETED
2026-06-10 12:24:31 | SCHEDULED WORKFLOW EXECUTION COMPLETED
2026-06-10 12:24:37 | ACTION SAVED TO REPOSITORY
2026-06-10 12:29:31 | SCHEDULED WORKFLOW EXECUTION STARTED
2026-06-10 12:29:31 | WORKFLOW STARTED
2026-06-10 12:29:31 | STEP 0 STARTED - Environment Validation
2026-06-10 12:29:31 | STEP 0 COMPLETED - Environment Validation
2026-06-10 12:29:31 | STEP 1 STARTED - Monitoring Engine
2026-06-10 12:29:31 | MONITORING WORKFLOW STARTED
2026-06-10 12:29:31 | MONITORING WORKFLOW COMPLETED
2026-06-10 12:29:31 | STEP 1 COMPLETED - Monitoring Engine
2026-06-10 12:29:31 | STEP 2 STARTED - Collect Monitoring Results
2026-06-10 12:29:31 | STEP 2 COMPLETED - Collect Monitoring Results
2026-06-10 12:29:31 | STEP 3 STARTED - AI Analysis
2026-06-10 12:29:42 | STEP 3 COMPLETED - AI Analysis
2026-06-10 12:29:42 | STEP 4 STARTED - Report Generation
2026-06-10 12:29:42 | STEP 4 COMPLETED - Report Generation
2026-06-10 12:29:42 | REPORT FILE CREATED: reports/incident_report_20260610_122942.txt
2026-06-10 12:29:42 | STEP 5 STARTED - Notifications
2026-06-10 12:29:42 | NOTIFICATION WORKFLOW STARTED
2026-06-10 12:29:42 | NOTIFICATION WORKFLOW COMPLETED
2026-06-10 12:29:42 | STEP 5 COMPLETED - Notifications
2026-06-10 12:29:42 | STEP 6 STARTED - Save Report
2026-06-10 12:29:42 | STEP 6 COMPLETED - Save Report
2026-06-10 12:29:42 | WORKFLOW COMPLETED
2026-06-10 12:29:42 | SCHEDULED WORKFLOW EXECUTION COMPLETED
2026-06-10 12:34:42 | SCHEDULED WORKFLOW EXECUTION STARTED
2026-06-10 12:34:42 | WORKFLOW STARTED
2026-06-10 12:34:42 | STEP 0 STARTED - Environment Validation
2026-06-10 12:34:42 | STEP 0 COMPLETED - Environment Validation
2026-06-10 12:34:42 | STEP 1 STARTED - Monitoring Engine
2026-06-10 12:34:42 | MONITORING WORKFLOW STARTED
2026-06-10 12:34:42 | MONITORING WORKFLOW COMPLETED
2026-06-10 12:34:42 | STEP 1 COMPLETED - Monitoring Engine
2026-06-10 12:34:42 | STEP 2 STARTED - Collect Monitoring Results
2026-06-10 12:34:42 | STEP 2 COMPLETED - Collect Monitoring Results
2026-06-10 12:34:42 | STEP 3 STARTED - AI Analysis
2026-06-10 12:35:02 | STEP 3 COMPLETED - AI Analysis
2026-06-10 12:35:02 | STEP 4 STARTED - Report Generation
2026-06-10 12:35:02 | STEP 4 COMPLETED - Report Generation
2026-06-10 12:35:02 | REPORT FILE CREATED: reports/incident_report_20260610_123502.txt
2026-06-10 12:35:02 | STEP 5 STARTED - Notifications
2026-06-10 12:35:02 | NOTIFICATION WORKFLOW STARTED
2026-06-10 12:35:02 | NOTIFICATION WORKFLOW COMPLETED
2026-06-10 12:35:02 | STEP 5 COMPLETED - Notifications
2026-06-10 12:35:02 | STEP 6 STARTED - Save Report
2026-06-10 12:35:02 | STEP 6 COMPLETED - Save Report
2026-06-10 12:35:02 | WORKFLOW COMPLETED
2026-06-10 12:35:02 | SCHEDULED WORKFLOW EXECUTION COMPLETED
2026-06-10 12:40:02 | SCHEDULED WORKFLOW EXECUTION STARTED
2026-06-10 12:40:02 | WORKFLOW STARTED
2026-06-10 12:40:02 | STEP 0 STARTED - Environment Validation
2026-06-10 12:40:02 | STEP 0 COMPLETED - Environment Validation
2026-06-10 12:40:02 | STEP 1 STARTED - Monitoring Engine
2026-06-10 12:40:02 | MONITORING WORKFLOW STARTED
2026-06-10 12:40:02 | MONITORING WORKFLOW COMPLETED
2026-06-10 12:40:02 | STEP 1 COMPLETED - Monitoring Engine
2026-06-10 12:40:02 | STEP 2 STARTED - Collect Monitoring Results
2026-06-10 12:40:02 | STEP 2 COMPLETED - Collect Monitoring Results
2026-06-10 12:40:02 | STEP 3 STARTED - AI Analysis
2026-06-10 12:40:08 | STEP 3 COMPLETED - AI Analysis
2026-06-10 12:40:08 | STEP 4 STARTED - Report Generation
2026-06-10 12:40:08 | STEP 4 COMPLETED - Report Generation
2026-06-10 12:40:08 | REPORT FILE CREATED: reports/incident_report_20260610_124008.txt
2026-06-10 12:40:08 | STEP 5 STARTED - Notifications
2026-06-10 12:40:08 | NOTIFICATION WORKFLOW STARTED
2026-06-10 12:40:08 | NOTIFICATION WORKFLOW COMPLETED
2026-06-10 12:40:08 | STEP 5 COMPLETED - Notifications
2026-06-10 12:40:08 | STEP 6 STARTED - Save Report
2026-06-10 12:40:08 | STEP 6 COMPLETED - Save Report
2026-06-10 12:40:08 | WORKFLOW COMPLETED
2026-06-10 12:40:08 | SCHEDULED WORKFLOW EXECUTION COMPLETED
2026-06-10 12:45:08 | SCHEDULED WORKFLOW EXECUTION STARTED
2026-06-10 12:45:08 | WORKFLOW STARTED
2026-06-10 12:45:08 | STEP 0 STARTED - Environment Validation
2026-06-10 12:45:08 | STEP 0 COMPLETED - Environment Validation
2026-06-10 12:45:08 | STEP 1 STARTED - Monitoring Engine
2026-06-10 12:45:08 | MONITORING WORKFLOW STARTED
2026-06-10 12:45:08 | MONITORING WORKFLOW COMPLETED
2026-06-10 12:45:08 | STEP 1 COMPLETED - Monitoring Engine
2026-06-10 12:45:08 | STEP 2 STARTED - Collect Monitoring Results
2026-06-10 12:45:08 | STEP 2 COMPLETED - Collect Monitoring Results
2026-06-10 12:45:08 | STEP 3 STARTED - AI Analysis
2026-06-10 12:45:15 | STEP 3 COMPLETED - AI Analysis
2026-06-10 12:45:15 | STEP 4 STARTED - Report Generation
2026-06-10 12:45:15 | STEP 4 COMPLETED - Report Generation
2026-06-10 12:45:15 | REPORT FILE CREATED: reports/incident_report_20260610_124515.txt
2026-06-10 12:45:15 | STEP 5 STARTED - Notifications
2026-06-10 12:45:15 | NOTIFICATION WORKFLOW STARTED
2026-06-10 12:45:15 | NOTIFICATION WORKFLOW COMPLETED
2026-06-10 12:45:15 | STEP 5 COMPLETED - Notifications
2026-06-10 12:45:15 | STEP 6 STARTED - Save Report
2026-06-10 12:45:15 | STEP 6 COMPLETED - Save Report
2026-06-10 12:45:15 | WORKFLOW COMPLETED
2026-06-10 12:45:15 | SCHEDULED WORKFLOW EXECUTION COMPLETED
2026-06-10 12:46:42 | WORKFLOW STARTED
2026-06-10 12:46:42 | STEP 0 STARTED - Environment Validation
2026-06-10 12:46:42 | STEP 0 COMPLETED - Environment Validation
2026-06-10 12:46:42 | STEP 1 STARTED - Monitoring Engine
2026-06-10 12:46:42 | MONITORING WORKFLOW STARTED
2026-06-10 12:46:42 | MONITORING WORKFLOW COMPLETED
2026-06-10 12:46:42 | STEP 1 COMPLETED - Monitoring Engine
2026-06-10 12:46:42 | STEP 2 STARTED - Collect Monitoring Results
2026-06-10 12:46:42 | STEP 2 COMPLETED - Collect Monitoring Results
2026-06-10 12:46:42 | STEP 3 STARTED - AI Analysis
2026-06-10 12:46:53 | STEP 3A STARTED - Agent Execution
2026-06-10 12:46:53 | ACTION SAVED TO REPOSITORY
2026-06-10 12:46:53 | ACTION SAVED TO REPOSITORY
2026-06-10 12:46:53 | AGENT RISK: MEDIUM
2026-06-10 12:46:53 | AGENT RECOMMENDATION: Analyze execution plan and optimize long running query.
2026-06-10 12:46:53 | STEP 3A COMPLETED - Agent Execution
2026-06-10 12:46:53 | STEP 3 COMPLETED - AI Analysis
2026-06-10 12:46:53 | STEP 3B STARTED - SQL Action Generation
2026-06-10 12:46:53 | SQL ACTION: NO_ACTION
2026-06-10 12:46:53 | STEP 3B COMPLETED - SQL Action Generation
2026-06-10 12:46:53 | STEP 3C STARTED - SQL Risk Analysis
2026-06-10 12:46:53 | SQL RISK: {'risk': 'NONE', 'approval_required': False, 'destructive': False, 'rollback_required': False}
2026-06-10 12:46:53 | STEP 3C COMPLETED - SQL Risk Analysis
2026-06-10 12:46:53 | STEP 3D STARTED - SQL Validation
2026-06-10 12:46:53 | SQL VALIDATION: {'approved': False, 'reason': 'No SQL Action Required'}
2026-06-10 12:46:53 | STEP 3D COMPLETED - SQL Validation
2026-06-10 12:46:53 | STEP 4 STARTED - Governance Review
2026-06-10 12:46:53 | APPROVAL REPOSITORY UPDATED
2026-06-10 12:46:53 | APPROVAL REQUEST SAVED
2026-06-10 12:46:53 | GOVERNANCE REQUEST CREATED
2026-06-10 12:46:53 | ACTION SAVED TO REPOSITORY
2026-06-10 12:46:53 | GOVERNANCE REQUEST ID: 20260610124653
2026-06-10 12:46:53 | STEP 4 COMPLETED - Governance Review
2026-06-10 12:46:53 | STEP 4A STARTED - SQL Execution
2026-06-10 12:46:53 | ACTION SAVED TO REPOSITORY
2026-06-10 12:46:53 | SQL EXECUTION: {'status': 'SKIPPED', 'reason': 'No SQL Action Required'}
2026-06-10 12:46:53 | STEP 4A COMPLETED - SQL Execution
2026-06-10 12:46:53 | STEP 4B STARTED - Execution Verification
2026-06-10 12:46:53 | VERIFICATION RESULT: {'verification_status': 'NOT_REQUIRED', 'issue_resolved': True, 'confidence': 100}
2026-06-10 12:46:53 | STEP 4B COMPLETED - Execution Verification
2026-06-10 12:46:53 | STEP 4C STARTED - Remediation Execution
2026-06-10 12:46:53 | ACTION SAVED TO REPOSITORY
2026-06-10 12:46:53 | REMEDIATION RESULT: {'status': 'SKIPPED', 'reason': 'System Healthy'}
2026-06-10 12:46:53 | STEP 4C COMPLETED - Remediation Execution
2026-06-10 12:46:53 | STEP 5 STARTED - Report Generation
2026-06-10 12:46:53 | STEP 5 COMPLETED - Report Generation
2026-06-10 12:46:53 | REPORT FILE CREATED: reports/incident_report_20260610_124653.txt
2026-06-10 12:46:53 | STEP 6 STARTED - Incident Repository
2026-06-10 12:46:53 | INCIDENT SAVED TO REPOSITORY
2026-06-10 12:46:53 | STEP 6 COMPLETED - Incident Repository
2026-06-10 12:46:53 | STEP 7 STARTED - Notifications
2026-06-10 12:46:53 | NOTIFICATION WORKFLOW STARTED
2026-06-10 12:46:53 | NOTIFICATION WORKFLOW COMPLETED
2026-06-10 12:46:53 | ACTION SAVED TO REPOSITORY
2026-06-10 12:46:53 | STEP 7 COMPLETED - Notifications
2026-06-10 12:46:53 | STEP 8 STARTED - Save Report
2026-06-10 12:46:53 | STEP 8 COMPLETED - Save Report
2026-06-10 12:46:53 | WORKFLOW COMPLETED
2026-06-10 12:50:15 | SCHEDULED WORKFLOW EXECUTION STARTED
2026-06-10 12:50:15 | WORKFLOW STARTED
2026-06-10 12:50:15 | STEP 0 STARTED - Environment Validation
2026-06-10 12:50:15 | STEP 0 COMPLETED - Environment Validation
2026-06-10 12:50:15 | STEP 1 STARTED - Monitoring Engine
2026-06-10 12:50:15 | MONITORING WORKFLOW STARTED
2026-06-10 12:50:15 | MONITORING WORKFLOW COMPLETED
2026-06-10 12:50:15 | STEP 1 COMPLETED - Monitoring Engine
2026-06-10 12:50:15 | STEP 2 STARTED - Collect Monitoring Results
2026-06-10 12:50:15 | STEP 2 COMPLETED - Collect Monitoring Results
2026-06-10 12:50:15 | STEP 3 STARTED - AI Analysis
2026-06-10 12:50:27 | STEP 3 COMPLETED - AI Analysis
2026-06-10 12:50:27 | STEP 4 STARTED - Report Generation
2026-06-10 12:50:27 | STEP 4 COMPLETED - Report Generation
2026-06-10 12:50:27 | REPORT FILE CREATED: reports/incident_report_20260610_125027.txt
2026-06-10 12:50:27 | STEP 5 STARTED - Notifications
2026-06-10 12:50:27 | NOTIFICATION WORKFLOW STARTED
2026-06-10 12:50:27 | NOTIFICATION WORKFLOW COMPLETED
2026-06-10 12:50:27 | STEP 5 COMPLETED - Notifications
2026-06-10 12:50:27 | STEP 6 STARTED - Save Report
2026-06-10 12:50:27 | STEP 6 COMPLETED - Save Report
2026-06-10 12:50:27 | WORKFLOW COMPLETED
2026-06-10 12:50:27 | SCHEDULED WORKFLOW EXECUTION COMPLETED
2026-06-10 12:55:27 | SCHEDULED WORKFLOW EXECUTION STARTED
2026-06-10 12:55:27 | WORKFLOW STARTED
2026-06-10 12:55:27 | STEP 0 STARTED - Environment Validation
2026-06-10 12:55:27 | STEP 0 COMPLETED - Environment Validation
2026-06-10 12:55:27 | STEP 1 STARTED - Monitoring Engine
2026-06-10 12:55:27 | MONITORING WORKFLOW STARTED
2026-06-10 12:55:27 | MONITORING WORKFLOW COMPLETED
2026-06-10 12:55:27 | STEP 1 COMPLETED - Monitoring Engine
2026-06-10 12:55:27 | STEP 2 STARTED - Collect Monitoring Results
2026-06-10 12:55:27 | STEP 2 COMPLETED - Collect Monitoring Results
2026-06-10 12:55:27 | STEP 3 STARTED - AI Analysis
2026-06-10 12:55:36 | STEP 3 COMPLETED - AI Analysis
2026-06-10 12:55:36 | STEP 4 STARTED - Report Generation
2026-06-10 12:55:36 | STEP 4 COMPLETED - Report Generation
2026-06-10 12:55:36 | REPORT FILE CREATED: reports/incident_report_20260610_125536.txt
2026-06-10 12:55:36 | STEP 5 STARTED - Notifications
2026-06-10 12:55:36 | NOTIFICATION WORKFLOW STARTED
2026-06-10 12:55:36 | NOTIFICATION WORKFLOW COMPLETED
2026-06-10 12:55:36 | STEP 5 COMPLETED - Notifications
2026-06-10 12:55:36 | STEP 6 STARTED - Save Report
2026-06-10 12:55:36 | STEP 6 COMPLETED - Save Report
2026-06-10 12:55:36 | WORKFLOW COMPLETED
2026-06-10 12:55:36 | SCHEDULED WORKFLOW EXECUTION COMPLETED
2026-06-10 13:00:36 | SCHEDULED WORKFLOW EXECUTION STARTED
2026-06-10 13:00:36 | WORKFLOW STARTED
2026-06-10 13:00:36 | STEP 0 STARTED - Environment Validation
2026-06-10 13:00:36 | STEP 0 COMPLETED - Environment Validation
2026-06-10 13:00:36 | STEP 1 STARTED - Monitoring Engine
2026-06-10 13:00:36 | MONITORING WORKFLOW STARTED
2026-06-10 13:00:36 | MONITORING WORKFLOW COMPLETED
2026-06-10 13:00:36 | STEP 1 COMPLETED - Monitoring Engine
2026-06-10 13:00:36 | STEP 2 STARTED - Collect Monitoring Results
2026-06-10 13:00:36 | STEP 2 COMPLETED - Collect Monitoring Results
2026-06-10 13:00:36 | STEP 3 STARTED - AI Analysis
2026-06-10 13:00:43 | STEP 3 COMPLETED - AI Analysis
2026-06-10 13:00:43 | STEP 4 STARTED - Report Generation
2026-06-10 13:00:43 | STEP 4 COMPLETED - Report Generation
2026-06-10 13:00:43 | REPORT FILE CREATED: reports/incident_report_20260610_130043.txt
2026-06-10 13:00:43 | STEP 5 STARTED - Notifications
2026-06-10 13:00:43 | NOTIFICATION WORKFLOW STARTED
2026-06-10 13:00:43 | NOTIFICATION WORKFLOW COMPLETED
2026-06-10 13:00:43 | STEP 5 COMPLETED - Notifications
2026-06-10 13:00:43 | STEP 6 STARTED - Save Report
2026-06-10 13:00:43 | STEP 6 COMPLETED - Save Report
2026-06-10 13:00:43 | WORKFLOW COMPLETED
2026-06-10 13:00:43 | SCHEDULED WORKFLOW EXECUTION COMPLETED
2026-06-10 13:05:43 | SCHEDULED WORKFLOW EXECUTION STARTED
2026-06-10 13:05:43 | WORKFLOW STARTED
2026-06-10 13:05:43 | STEP 0 STARTED - Environment Validation
2026-06-10 13:05:43 | STEP 0 COMPLETED - Environment Validation
2026-06-10 13:05:43 | STEP 1 STARTED - Monitoring Engine
2026-06-10 13:05:43 | MONITORING WORKFLOW STARTED
2026-06-10 13:05:43 | MONITORING WORKFLOW COMPLETED
2026-06-10 13:05:43 | STEP 1 COMPLETED - Monitoring Engine
2026-06-10 13:05:43 | STEP 2 STARTED - Collect Monitoring Results
2026-06-10 13:05:43 | STEP 2 COMPLETED - Collect Monitoring Results
2026-06-10 13:05:43 | STEP 3 STARTED - AI Analysis
2026-06-10 13:05:53 | STEP 3 COMPLETED - AI Analysis
2026-06-10 13:05:53 | STEP 4 STARTED - Report Generation
2026-06-10 13:05:53 | STEP 4 COMPLETED - Report Generation
2026-06-10 13:05:53 | REPORT FILE CREATED: reports/incident_report_20260610_130553.txt
2026-06-10 13:05:53 | STEP 5 STARTED - Notifications
2026-06-10 13:05:53 | NOTIFICATION WORKFLOW STARTED
2026-06-10 13:05:53 | NOTIFICATION WORKFLOW COMPLETED
2026-06-10 13:05:53 | STEP 5 COMPLETED - Notifications
2026-06-10 13:05:53 | STEP 6 STARTED - Save Report
2026-06-10 13:05:53 | STEP 6 COMPLETED - Save Report
2026-06-10 13:05:53 | WORKFLOW COMPLETED
2026-06-10 13:05:53 | SCHEDULED WORKFLOW EXECUTION COMPLETED
2026-06-10 13:10:53 | SCHEDULED WORKFLOW EXECUTION STARTED
2026-06-10 13:10:53 | WORKFLOW STARTED
2026-06-10 13:10:53 | STEP 0 STARTED - Environment Validation
2026-06-10 13:10:53 | STEP 0 COMPLETED - Environment Validation
2026-06-10 13:10:53 | STEP 1 STARTED - Monitoring Engine
2026-06-10 13:10:53 | MONITORING WORKFLOW STARTED
2026-06-10 13:10:53 | MONITORING WORKFLOW COMPLETED
2026-06-10 13:10:53 | STEP 1 COMPLETED - Monitoring Engine
2026-06-10 13:10:53 | STEP 2 STARTED - Collect Monitoring Results
2026-06-10 13:10:53 | STEP 2 COMPLETED - Collect Monitoring Results
2026-06-10 13:10:53 | STEP 3 STARTED - AI Analysis
2026-06-10 13:10:58 | STEP 3 COMPLETED - AI Analysis
2026-06-10 13:10:58 | STEP 4 STARTED - Report Generation
2026-06-10 13:10:58 | STEP 4 COMPLETED - Report Generation
2026-06-10 13:10:58 | REPORT FILE CREATED: reports/incident_report_20260610_131058.txt
2026-06-10 13:10:58 | STEP 5 STARTED - Notifications
2026-06-10 13:10:58 | NOTIFICATION WORKFLOW STARTED
2026-06-10 13:10:58 | NOTIFICATION WORKFLOW COMPLETED
2026-06-10 13:10:58 | STEP 5 COMPLETED - Notifications
2026-06-10 13:10:58 | STEP 6 STARTED - Save Report
2026-06-10 13:10:58 | STEP 6 COMPLETED - Save Report
2026-06-10 13:10:58 | WORKFLOW COMPLETED
2026-06-10 13:10:58 | SCHEDULED WORKFLOW EXECUTION COMPLETED
2026-06-10 13:15:58 | SCHEDULED WORKFLOW EXECUTION STARTED
2026-06-10 13:15:58 | WORKFLOW STARTED
2026-06-10 13:15:58 | STEP 0 STARTED - Environment Validation
2026-06-10 13:15:58 | STEP 0 COMPLETED - Environment Validation
2026-06-10 13:15:58 | STEP 1 STARTED - Monitoring Engine
2026-06-10 13:15:58 | MONITORING WORKFLOW STARTED
2026-06-10 13:15:59 | MONITORING WORKFLOW COMPLETED
2026-06-10 13:15:59 | STEP 1 COMPLETED - Monitoring Engine
2026-06-10 13:15:59 | STEP 2 STARTED - Collect Monitoring Results
2026-06-10 13:15:59 | STEP 2 COMPLETED - Collect Monitoring Results
2026-06-10 13:15:59 | STEP 3 STARTED - AI Analysis
2026-06-10 13:16:05 | STEP 3 COMPLETED - AI Analysis
2026-06-10 13:16:05 | STEP 4 STARTED - Report Generation
2026-06-10 13:16:05 | STEP 4 COMPLETED - Report Generation
2026-06-10 13:16:05 | REPORT FILE CREATED: reports/incident_report_20260610_131605.txt
2026-06-10 13:16:05 | STEP 5 STARTED - Notifications
2026-06-10 13:16:05 | NOTIFICATION WORKFLOW STARTED
2026-06-10 13:16:05 | NOTIFICATION WORKFLOW COMPLETED
2026-06-10 13:16:05 | STEP 5 COMPLETED - Notifications
2026-06-10 13:16:05 | STEP 6 STARTED - Save Report
2026-06-10 13:16:05 | STEP 6 COMPLETED - Save Report
2026-06-10 13:16:05 | WORKFLOW COMPLETED
2026-06-10 13:16:05 | SCHEDULED WORKFLOW EXECUTION COMPLETED
2026-06-10 13:21:05 | SCHEDULED WORKFLOW EXECUTION STARTED
2026-06-10 13:21:05 | WORKFLOW STARTED
2026-06-10 13:21:05 | STEP 0 STARTED - Environment Validation
2026-06-10 13:21:05 | STEP 0 COMPLETED - Environment Validation
2026-06-10 13:21:05 | STEP 1 STARTED - Monitoring Engine
2026-06-10 13:21:05 | MONITORING WORKFLOW STARTED
2026-06-10 13:21:06 | MONITORING WORKFLOW COMPLETED
2026-06-10 13:21:06 | STEP 1 COMPLETED - Monitoring Engine
2026-06-10 13:21:06 | STEP 2 STARTED - Collect Monitoring Results
2026-06-10 13:21:06 | STEP 2 COMPLETED - Collect Monitoring Results
2026-06-10 13:21:06 | STEP 3 STARTED - AI Analysis
2026-06-10 13:21:11 | STEP 3 COMPLETED - AI Analysis
2026-06-10 13:21:11 | STEP 4 STARTED - Report Generation
2026-06-10 13:21:11 | STEP 4 COMPLETED - Report Generation
2026-06-10 13:21:11 | REPORT FILE CREATED: reports/incident_report_20260610_132111.txt
2026-06-10 13:21:11 | STEP 5 STARTED - Notifications
2026-06-10 13:21:11 | NOTIFICATION WORKFLOW STARTED
2026-06-10 13:21:11 | NOTIFICATION WORKFLOW COMPLETED
2026-06-10 13:21:11 | STEP 5 COMPLETED - Notifications
2026-06-10 13:21:11 | STEP 6 STARTED - Save Report
2026-06-10 13:21:11 | STEP 6 COMPLETED - Save Report
2026-06-10 13:21:11 | WORKFLOW COMPLETED
2026-06-10 13:21:11 | SCHEDULED WORKFLOW EXECUTION COMPLETED
2026-06-10 13:26:11 | SCHEDULED WORKFLOW EXECUTION STARTED
2026-06-10 13:26:11 | WORKFLOW STARTED
2026-06-10 13:26:11 | STEP 0 STARTED - Environment Validation
2026-06-10 13:26:11 | STEP 0 COMPLETED - Environment Validation
2026-06-10 13:26:11 | STEP 1 STARTED - Monitoring Engine
2026-06-10 13:26:11 | MONITORING WORKFLOW STARTED
2026-06-10 13:26:11 | MONITORING WORKFLOW COMPLETED
2026-06-10 13:26:11 | STEP 1 COMPLETED - Monitoring Engine
2026-06-10 13:26:11 | STEP 2 STARTED - Collect Monitoring Results
2026-06-10 13:26:11 | STEP 2 COMPLETED - Collect Monitoring Results
2026-06-10 13:26:11 | STEP 3 STARTED - AI Analysis
2026-06-10 13:26:17 | STEP 3 COMPLETED - AI Analysis
2026-06-10 13:26:17 | STEP 4 STARTED - Report Generation
2026-06-10 13:26:17 | STEP 4 COMPLETED - Report Generation
2026-06-10 13:26:17 | REPORT FILE CREATED: reports/incident_report_20260610_132617.txt
2026-06-10 13:26:17 | STEP 5 STARTED - Notifications
2026-06-10 13:26:17 | NOTIFICATION WORKFLOW STARTED
2026-06-10 13:26:17 | NOTIFICATION WORKFLOW COMPLETED
2026-06-10 13:26:17 | STEP 5 COMPLETED - Notifications
2026-06-10 13:26:17 | STEP 6 STARTED - Save Report
2026-06-10 13:26:17 | STEP 6 COMPLETED - Save Report
2026-06-10 13:26:17 | WORKFLOW COMPLETED
2026-06-10 13:26:17 | SCHEDULED WORKFLOW EXECUTION COMPLETED
2026-06-10 13:31:17 | SCHEDULED WORKFLOW EXECUTION STARTED
2026-06-10 13:31:17 | WORKFLOW STARTED
2026-06-10 13:31:17 | STEP 0 STARTED - Environment Validation
2026-06-10 13:31:17 | STEP 0 COMPLETED - Environment Validation
2026-06-10 13:31:17 | STEP 1 STARTED - Monitoring Engine
2026-06-10 13:31:17 | MONITORING WORKFLOW STARTED
2026-06-10 13:31:17 | MONITORING WORKFLOW COMPLETED
2026-06-10 13:31:17 | STEP 1 COMPLETED - Monitoring Engine
2026-06-10 13:31:17 | STEP 2 STARTED - Collect Monitoring Results
2026-06-10 13:31:17 | STEP 2 COMPLETED - Collect Monitoring Results
2026-06-10 13:31:17 | STEP 3 STARTED - AI Analysis
2026-06-10 13:31:31 | STEP 3 COMPLETED - AI Analysis
2026-06-10 13:31:31 | STEP 4 STARTED - Report Generation
2026-06-10 13:31:31 | STEP 4 COMPLETED - Report Generation
2026-06-10 13:31:31 | REPORT FILE CREATED: reports/incident_report_20260610_133131.txt
2026-06-10 13:31:31 | STEP 5 STARTED - Notifications
2026-06-10 13:31:31 | NOTIFICATION WORKFLOW STARTED
2026-06-10 13:31:31 | NOTIFICATION WORKFLOW COMPLETED
2026-06-10 13:31:31 | STEP 5 COMPLETED - Notifications
2026-06-10 13:31:31 | STEP 6 STARTED - Save Report
2026-06-10 13:31:31 | STEP 6 COMPLETED - Save Report
2026-06-10 13:31:31 | WORKFLOW COMPLETED
2026-06-10 13:31:31 | SCHEDULED WORKFLOW EXECUTION COMPLETED
2026-06-10 13:34:05 | APPROVAL REQUEST 20260610124653 UPDATED TO REJECTED
2026-06-10 13:36:31 | SCHEDULED WORKFLOW EXECUTION STARTED
2026-06-10 13:36:31 | WORKFLOW STARTED
2026-06-10 13:36:31 | STEP 0 STARTED - Environment Validation
2026-06-10 13:36:31 | STEP 0 COMPLETED - Environment Validation
2026-06-10 13:36:31 | STEP 1 STARTED - Monitoring Engine
2026-06-10 13:36:31 | MONITORING WORKFLOW STARTED
2026-06-10 13:36:31 | MONITORING WORKFLOW COMPLETED
2026-06-10 13:36:31 | STEP 1 COMPLETED - Monitoring Engine
2026-06-10 13:36:31 | STEP 2 STARTED - Collect Monitoring Results
2026-06-10 13:36:31 | STEP 2 COMPLETED - Collect Monitoring Results
2026-06-10 13:36:31 | STEP 3 STARTED - AI Analysis
2026-06-10 13:36:35 | STEP 3 COMPLETED - AI Analysis
2026-06-10 13:36:35 | STEP 4 STARTED - Report Generation
2026-06-10 13:36:35 | STEP 4 COMPLETED - Report Generation
2026-06-10 13:36:35 | REPORT FILE CREATED: reports/incident_report_20260610_133635.txt
2026-06-10 13:36:35 | STEP 5 STARTED - Notifications
2026-06-10 13:36:35 | NOTIFICATION WORKFLOW STARTED
2026-06-10 13:36:35 | NOTIFICATION WORKFLOW COMPLETED
2026-06-10 13:36:35 | STEP 5 COMPLETED - Notifications
2026-06-10 13:36:35 | STEP 6 STARTED - Save Report
2026-06-10 13:36:35 | STEP 6 COMPLETED - Save Report
2026-06-10 13:36:35 | WORKFLOW COMPLETED
2026-06-10 13:36:35 | SCHEDULED WORKFLOW EXECUTION COMPLETED
2026-06-10 13:41:35 | SCHEDULED WORKFLOW EXECUTION STARTED
2026-06-10 13:41:35 | WORKFLOW STARTED
2026-06-10 13:41:35 | STEP 0 STARTED - Environment Validation
2026-06-10 13:41:35 | STEP 0 COMPLETED - Environment Validation
2026-06-10 13:41:35 | STEP 1 STARTED - Monitoring Engine
2026-06-10 13:41:35 | MONITORING WORKFLOW STARTED
2026-06-10 13:41:36 | MONITORING WORKFLOW COMPLETED
2026-06-10 13:41:36 | STEP 1 COMPLETED - Monitoring Engine
2026-06-10 13:41:36 | STEP 2 STARTED - Collect Monitoring Results
2026-06-10 13:41:36 | STEP 2 COMPLETED - Collect Monitoring Results
2026-06-10 13:41:36 | STEP 3 STARTED - AI Analysis
2026-06-10 13:41:44 | STEP 3 COMPLETED - AI Analysis
2026-06-10 13:41:44 | STEP 4 STARTED - Report Generation
2026-06-10 13:41:44 | STEP 4 COMPLETED - Report Generation
2026-06-10 13:41:44 | REPORT FILE CREATED: reports/incident_report_20260610_134144.txt
2026-06-10 13:41:44 | STEP 5 STARTED - Notifications
2026-06-10 13:41:44 | NOTIFICATION WORKFLOW STARTED
2026-06-10 13:41:44 | NOTIFICATION WORKFLOW COMPLETED
2026-06-10 13:41:44 | STEP 5 COMPLETED - Notifications
2026-06-10 13:41:44 | STEP 6 STARTED - Save Report
2026-06-10 13:41:44 | STEP 6 COMPLETED - Save Report
2026-06-10 13:41:44 | WORKFLOW COMPLETED
2026-06-10 13:41:44 | SCHEDULED WORKFLOW EXECUTION COMPLETED
2026-06-10 13:44:40 | WORKFLOW STARTED
2026-06-10 13:44:40 | STEP 0 STARTED - Environment Validation
2026-06-10 13:44:40 | STEP 0 COMPLETED - Environment Validation
2026-06-10 13:44:40 | STEP 1 STARTED - Monitoring Engine
2026-06-10 13:44:40 | MONITORING WORKFLOW STARTED
2026-06-10 13:44:40 | MONITORING WORKFLOW COMPLETED
2026-06-10 13:44:40 | STEP 1 COMPLETED - Monitoring Engine
2026-06-10 13:44:40 | STEP 2 STARTED - Collect Monitoring Results
2026-06-10 13:44:40 | STEP 2 COMPLETED - Collect Monitoring Results
2026-06-10 13:44:40 | STEP 3 STARTED - AI Analysis
2026-06-10 13:44:49 | STEP 3A STARTED - Agent Execution
2026-06-10 13:44:49 | ACTION SAVED TO REPOSITORY
2026-06-10 13:44:49 | ACTION SAVED TO REPOSITORY
2026-06-10 13:44:49 | AGENT RISK: MEDIUM
2026-06-10 13:44:49 | AGENT RECOMMENDATION: Analyze execution plan and optimize long running query.
2026-06-10 13:44:49 | STEP 3A COMPLETED - Agent Execution
2026-06-10 13:44:49 | STEP 3 COMPLETED - AI Analysis
2026-06-10 13:44:49 | STEP 3B STARTED - SQL Action Generation
2026-06-10 13:44:49 | SQL ACTION: NO_ACTION
2026-06-10 13:44:49 | STEP 3B COMPLETED - SQL Action Generation
2026-06-10 13:44:49 | STEP 3C STARTED - SQL Risk Analysis
2026-06-10 13:44:49 | SQL RISK: {'risk': 'NONE', 'approval_required': False, 'destructive': False, 'rollback_required': False}
2026-06-10 13:44:49 | STEP 3C COMPLETED - SQL Risk Analysis
2026-06-10 13:44:49 | STEP 3D STARTED - SQL Validation
2026-06-10 13:44:49 | SQL VALIDATION: {'approved': False, 'reason': 'No SQL Action Required'}
2026-06-10 13:44:49 | STEP 3D COMPLETED - SQL Validation
2026-06-10 13:44:49 | STEP 4 STARTED - Governance Review
2026-06-10 13:44:49 | APPROVAL REPOSITORY UPDATED
2026-06-10 13:44:49 | APPROVAL REQUEST SAVED
2026-06-10 13:44:49 | GOVERNANCE REQUEST CREATED
2026-06-10 13:44:49 | ACTION SAVED TO REPOSITORY
2026-06-10 13:44:49 | GOVERNANCE REQUEST ID: 20260610134449
2026-06-10 13:44:49 | STEP 4 COMPLETED - Governance Review
2026-06-10 13:44:49 | STEP 4A STARTED - SQL Execution
2026-06-10 13:44:49 | ACTION SAVED TO REPOSITORY
2026-06-10 13:44:49 | SQL EXECUTION: {'status': 'SKIPPED', 'reason': 'No SQL Action Required'}
2026-06-10 13:44:49 | STEP 4A COMPLETED - SQL Execution
2026-06-10 13:44:49 | STEP 4B STARTED - Execution Verification
2026-06-10 13:44:49 | VERIFICATION RESULT: {'verification_status': 'NOT_REQUIRED', 'issue_resolved': True, 'confidence': 100}
2026-06-10 13:44:49 | STEP 4B COMPLETED - Execution Verification
2026-06-10 13:44:49 | STEP 4C STARTED - Remediation Execution
2026-06-10 13:44:49 | ACTION SAVED TO REPOSITORY
2026-06-10 13:44:49 | REMEDIATION RESULT: {'status': 'SKIPPED', 'reason': 'System Healthy'}
2026-06-10 13:44:49 | STEP 4C COMPLETED - Remediation Execution
2026-06-10 13:44:49 | STEP 5 STARTED - Report Generation
2026-06-10 13:44:49 | STEP 5 COMPLETED - Report Generation
2026-06-10 13:44:49 | REPORT FILE CREATED: reports/incident_report_20260610_134449.txt
2026-06-10 13:44:49 | STEP 6 STARTED - Incident Repository
2026-06-10 13:44:49 | INCIDENT SAVED TO REPOSITORY
2026-06-10 13:44:49 | STEP 6 COMPLETED - Incident Repository
2026-06-10 13:44:49 | STEP 7 STARTED - Notifications
2026-06-10 13:44:49 | NOTIFICATION WORKFLOW STARTED
2026-06-10 13:44:49 | NOTIFICATION WORKFLOW COMPLETED
2026-06-10 13:44:49 | ACTION SAVED TO REPOSITORY
2026-06-10 13:44:49 | STEP 7 COMPLETED - Notifications
2026-06-10 13:44:49 | STEP 8 STARTED - Save Report
2026-06-10 13:44:49 | STEP 8 COMPLETED - Save Report
2026-06-10 13:44:49 | WORKFLOW COMPLETED
2026-06-10 13:45:45 | APPROVAL REQUEST 20260610134449 UPDATED TO APPROVED
2026-06-10 13:46:44 | SCHEDULED WORKFLOW EXECUTION STARTED
2026-06-10 13:46:44 | WORKFLOW STARTED
2026-06-10 13:46:44 | STEP 0 STARTED - Environment Validation
2026-06-10 13:46:44 | STEP 0 COMPLETED - Environment Validation
2026-06-10 13:46:44 | STEP 1 STARTED - Monitoring Engine
2026-06-10 13:46:44 | MONITORING WORKFLOW STARTED
2026-06-10 13:46:44 | MONITORING WORKFLOW COMPLETED
2026-06-10 13:46:44 | STEP 1 COMPLETED - Monitoring Engine
2026-06-10 13:46:44 | STEP 2 STARTED - Collect Monitoring Results
2026-06-10 13:46:44 | STEP 2 COMPLETED - Collect Monitoring Results
2026-06-10 13:46:44 | STEP 3 STARTED - AI Analysis
2026-06-10 13:46:53 | STEP 3 COMPLETED - AI Analysis
2026-06-10 13:46:53 | STEP 4 STARTED - Report Generation
2026-06-10 13:46:53 | STEP 4 COMPLETED - Report Generation
2026-06-10 13:46:53 | REPORT FILE CREATED: reports/incident_report_20260610_134653.txt
2026-06-10 13:46:53 | STEP 5 STARTED - Notifications
2026-06-10 13:46:53 | NOTIFICATION WORKFLOW STARTED
2026-06-10 13:46:53 | NOTIFICATION WORKFLOW COMPLETED
2026-06-10 13:46:53 | STEP 5 COMPLETED - Notifications
2026-06-10 13:46:53 | STEP 6 STARTED - Save Report
2026-06-10 13:46:53 | STEP 6 COMPLETED - Save Report
2026-06-10 13:46:53 | WORKFLOW COMPLETED
2026-06-10 13:46:53 | SCHEDULED WORKFLOW EXECUTION COMPLETED
2026-06-10 13:51:53 | SCHEDULED WORKFLOW EXECUTION STARTED
2026-06-10 13:51:53 | WORKFLOW STARTED
2026-06-10 13:51:53 | STEP 0 STARTED - Environment Validation
2026-06-10 13:51:53 | STEP 0 COMPLETED - Environment Validation
2026-06-10 13:51:53 | STEP 1 STARTED - Monitoring Engine
2026-06-10 13:51:53 | MONITORING WORKFLOW STARTED
2026-06-10 13:51:53 | MONITORING WORKFLOW COMPLETED
2026-06-10 13:51:53 | STEP 1 COMPLETED - Monitoring Engine
2026-06-10 13:51:53 | STEP 2 STARTED - Collect Monitoring Results
2026-06-10 13:51:53 | STEP 2 COMPLETED - Collect Monitoring Results
2026-06-10 13:51:53 | STEP 3 STARTED - AI Analysis
2026-06-10 13:52:02 | STEP 3 COMPLETED - AI Analysis
2026-06-10 13:52:02 | STEP 4 STARTED - Report Generation
2026-06-10 13:52:02 | STEP 4 COMPLETED - Report Generation
2026-06-10 13:52:02 | REPORT FILE CREATED: reports/incident_report_20260610_135202.txt
2026-06-10 13:52:02 | STEP 5 STARTED - Notifications
2026-06-10 13:52:02 | NOTIFICATION WORKFLOW STARTED
2026-06-10 13:52:02 | NOTIFICATION WORKFLOW COMPLETED
2026-06-10 13:52:02 | STEP 5 COMPLETED - Notifications
2026-06-10 13:52:02 | STEP 6 STARTED - Save Report
2026-06-10 13:52:02 | STEP 6 COMPLETED - Save Report
2026-06-10 13:52:02 | WORKFLOW COMPLETED
2026-06-10 13:52:02 | SCHEDULED WORKFLOW EXECUTION COMPLETED
2026-06-10 13:52:34 | WORKFLOW STARTED
2026-06-10 13:52:34 | STEP 0 STARTED - Environment Validation
2026-06-10 13:52:34 | STEP 0 COMPLETED - Environment Validation
2026-06-10 13:52:34 | STEP 1 STARTED - Monitoring Engine
2026-06-10 13:52:34 | MONITORING WORKFLOW STARTED
2026-06-10 13:52:35 | MONITORING WORKFLOW COMPLETED
2026-06-10 13:52:35 | STEP 1 COMPLETED - Monitoring Engine
2026-06-10 13:52:35 | STEP 2 STARTED - Collect Monitoring Results
2026-06-10 13:52:35 | STEP 2 COMPLETED - Collect Monitoring Results
2026-06-10 13:52:35 | STEP 3 STARTED - AI Analysis
2026-06-10 13:52:42 | STEP 3A STARTED - Agent Execution
2026-06-10 13:52:42 | ACTION SAVED TO REPOSITORY
2026-06-10 13:52:42 | ACTION SAVED TO REPOSITORY
2026-06-10 13:52:42 | AGENT RISK: MEDIUM
2026-06-10 13:52:42 | AGENT RECOMMENDATION: Analyze execution plan and optimize long running query.
2026-06-10 13:52:42 | STEP 3A COMPLETED - Agent Execution
2026-06-10 13:52:42 | STEP 3 COMPLETED - AI Analysis
2026-06-10 13:52:42 | STEP 3B STARTED - SQL Action Generation
2026-06-10 13:52:42 | SQL ACTION: NO_ACTION
2026-06-10 13:52:42 | STEP 3B COMPLETED - SQL Action Generation
2026-06-10 13:52:42 | STEP 3C STARTED - SQL Risk Analysis
2026-06-10 13:52:42 | SQL RISK: {'risk': 'NONE', 'approval_required': False, 'destructive': False, 'rollback_required': False}
2026-06-10 13:52:42 | STEP 3C COMPLETED - SQL Risk Analysis
2026-06-10 13:52:42 | STEP 3D STARTED - SQL Validation
2026-06-10 13:52:42 | SQL VALIDATION: {'approved': False, 'reason': 'No SQL Action Required'}
2026-06-10 13:52:42 | STEP 3D COMPLETED - SQL Validation
2026-06-10 13:52:42 | STEP 4 STARTED - Governance Review
2026-06-10 13:52:42 | APPROVAL REPOSITORY UPDATED
2026-06-10 13:52:42 | APPROVAL REQUEST SAVED
2026-06-10 13:52:42 | GOVERNANCE REQUEST CREATED
2026-06-10 13:52:42 | ACTION SAVED TO REPOSITORY
2026-06-10 13:52:42 | GOVERNANCE REQUEST ID: 20260610135242
2026-06-10 13:52:42 | STEP 4 COMPLETED - Governance Review
2026-06-10 13:52:42 | STEP 4A STARTED - SQL Execution
2026-06-10 13:52:42 | ACTION SAVED TO REPOSITORY
2026-06-10 13:52:42 | SQL EXECUTION: {'status': 'SKIPPED', 'reason': 'No SQL Action Required'}
2026-06-10 13:52:42 | STEP 4A COMPLETED - SQL Execution
2026-06-10 13:52:42 | STEP 4B STARTED - Execution Verification
2026-06-10 13:52:42 | VERIFICATION RESULT: {'verification_status': 'NOT_REQUIRED', 'issue_resolved': True, 'confidence': 100}
2026-06-10 13:52:42 | STEP 4B COMPLETED - Execution Verification
2026-06-10 13:52:42 | STEP 4C STARTED - Remediation Execution
2026-06-10 13:52:42 | ACTION SAVED TO REPOSITORY
2026-06-10 13:52:42 | REMEDIATION RESULT: {'status': 'SKIPPED', 'reason': 'System Healthy'}
2026-06-10 13:52:42 | STEP 4C COMPLETED - Remediation Execution
2026-06-10 13:52:42 | STEP 5 STARTED - Report Generation
2026-06-10 13:52:42 | STEP 5 COMPLETED - Report Generation
2026-06-10 13:52:42 | REPORT FILE CREATED: reports/incident_report_20260610_135242.txt
2026-06-10 13:52:42 | STEP 6 STARTED - Incident Repository
2026-06-10 13:52:42 | INCIDENT SAVED TO REPOSITORY
2026-06-10 13:52:42 | STEP 6 COMPLETED - Incident Repository
2026-06-10 13:52:42 | STEP 7 STARTED - Notifications
2026-06-10 13:52:42 | NOTIFICATION WORKFLOW STARTED
2026-06-10 13:52:42 | NOTIFICATION WORKFLOW COMPLETED
2026-06-10 13:52:42 | ACTION SAVED TO REPOSITORY
2026-06-10 13:52:42 | STEP 7 COMPLETED - Notifications
2026-06-10 13:52:42 | STEP 8 STARTED - Save Report
2026-06-10 13:52:42 | STEP 8 COMPLETED - Save Report
2026-06-10 13:52:42 | WORKFLOW COMPLETED
2026-06-10 13:57:02 | SCHEDULED WORKFLOW EXECUTION STARTED
2026-06-10 13:57:02 | WORKFLOW STARTED
2026-06-10 13:57:02 | STEP 0 STARTED - Environment Validation
2026-06-10 13:57:02 | STEP 0 COMPLETED - Environment Validation
2026-06-10 13:57:02 | STEP 1 STARTED - Monitoring Engine
2026-06-10 13:57:02 | MONITORING WORKFLOW STARTED
2026-06-10 13:57:02 | MONITORING WORKFLOW COMPLETED
2026-06-10 13:57:02 | STEP 1 COMPLETED - Monitoring Engine
2026-06-10 13:57:02 | STEP 2 STARTED - Collect Monitoring Results
2026-06-10 13:57:02 | STEP 2 COMPLETED - Collect Monitoring Results
2026-06-10 13:57:02 | STEP 3 STARTED - AI Analysis
2026-06-10 13:57:07 | STEP 3 COMPLETED - AI Analysis
2026-06-10 13:57:07 | STEP 4 STARTED - Report Generation
2026-06-10 13:57:07 | STEP 4 COMPLETED - Report Generation
2026-06-10 13:57:07 | REPORT FILE CREATED: reports/incident_report_20260610_135707.txt
2026-06-10 13:57:07 | STEP 5 STARTED - Notifications
2026-06-10 13:57:07 | NOTIFICATION WORKFLOW STARTED
2026-06-10 13:57:07 | NOTIFICATION WORKFLOW COMPLETED
2026-06-10 13:57:07 | STEP 5 COMPLETED - Notifications
2026-06-10 13:57:07 | STEP 6 STARTED - Save Report
2026-06-10 13:57:07 | STEP 6 COMPLETED - Save Report
2026-06-10 13:57:07 | WORKFLOW COMPLETED
2026-06-10 13:57:07 | SCHEDULED WORKFLOW EXECUTION COMPLETED
2026-06-10 14:02:07 | SCHEDULED WORKFLOW EXECUTION STARTED
2026-06-10 14:02:07 | WORKFLOW STARTED
2026-06-10 14:02:07 | STEP 0 STARTED - Environment Validation
2026-06-10 14:02:07 | STEP 0 COMPLETED - Environment Validation
2026-06-10 14:02:07 | STEP 1 STARTED - Monitoring Engine
2026-06-10 14:02:07 | MONITORING WORKFLOW STARTED
2026-06-10 14:02:07 | MONITORING WORKFLOW COMPLETED
2026-06-10 14:02:07 | STEP 1 COMPLETED - Monitoring Engine
2026-06-10 14:02:07 | STEP 2 STARTED - Collect Monitoring Results
2026-06-10 14:02:07 | STEP 2 COMPLETED - Collect Monitoring Results
2026-06-10 14:02:07 | STEP 3 STARTED - AI Analysis
2026-06-10 14:02:11 | STEP 3 COMPLETED - AI Analysis
2026-06-10 14:02:11 | STEP 4 STARTED - Report Generation
2026-06-10 14:02:11 | STEP 4 COMPLETED - Report Generation
2026-06-10 14:02:11 | REPORT FILE CREATED: reports/incident_report_20260610_140211.txt
2026-06-10 14:02:11 | STEP 5 STARTED - Notifications
2026-06-10 14:02:11 | NOTIFICATION WORKFLOW STARTED
2026-06-10 14:02:11 | NOTIFICATION WORKFLOW COMPLETED
2026-06-10 14:02:11 | STEP 5 COMPLETED - Notifications
2026-06-10 14:02:11 | STEP 6 STARTED - Save Report
2026-06-10 14:02:11 | STEP 6 COMPLETED - Save Report
2026-06-10 14:02:11 | WORKFLOW COMPLETED
2026-06-10 14:02:11 | SCHEDULED WORKFLOW EXECUTION COMPLETED
2026-06-10 14:02:42 | APPROVAL REQUEST 20260610135242 UPDATED TO APPROVED
2026-06-10 14:07:11 | SCHEDULED WORKFLOW EXECUTION STARTED
2026-06-10 14:07:11 | WORKFLOW STARTED
2026-06-10 14:07:11 | STEP 0 STARTED - Environment Validation
2026-06-10 14:07:11 | STEP 0 COMPLETED - Environment Validation
2026-06-10 14:07:11 | STEP 1 STARTED - Monitoring Engine
2026-06-10 14:07:11 | MONITORING WORKFLOW STARTED
2026-06-10 14:07:11 | MONITORING WORKFLOW COMPLETED
2026-06-10 14:07:11 | STEP 1 COMPLETED - Monitoring Engine
2026-06-10 14:07:11 | STEP 2 STARTED - Collect Monitoring Results
2026-06-10 14:07:11 | STEP 2 COMPLETED - Collect Monitoring Results
2026-06-10 14:07:11 | STEP 3 STARTED - AI Analysis
2026-06-10 14:07:19 | STEP 3 COMPLETED - AI Analysis
2026-06-10 14:07:19 | STEP 4 STARTED - Report Generation
2026-06-10 14:07:19 | STEP 4 COMPLETED - Report Generation
2026-06-10 14:07:19 | REPORT FILE CREATED: reports/incident_report_20260610_140719.txt
2026-06-10 14:07:19 | STEP 5 STARTED - Notifications
2026-06-10 14:07:19 | NOTIFICATION WORKFLOW STARTED
2026-06-10 14:07:19 | NOTIFICATION WORKFLOW COMPLETED
2026-06-10 14:07:19 | STEP 5 COMPLETED - Notifications
2026-06-10 14:07:19 | STEP 6 STARTED - Save Report
2026-06-10 14:07:19 | STEP 6 COMPLETED - Save Report
2026-06-10 14:07:19 | WORKFLOW COMPLETED
2026-06-10 14:07:19 | SCHEDULED WORKFLOW EXECUTION COMPLETED
2026-06-10 14:12:19 | SCHEDULED WORKFLOW EXECUTION STARTED
2026-06-10 14:12:19 | WORKFLOW STARTED
2026-06-10 14:12:19 | STEP 0 STARTED - Environment Validation
2026-06-10 14:12:19 | STEP 0 COMPLETED - Environment Validation
2026-06-10 14:12:19 | STEP 1 STARTED - Monitoring Engine
2026-06-10 14:12:19 | MONITORING WORKFLOW STARTED
2026-06-10 14:12:19 | MONITORING WORKFLOW COMPLETED
2026-06-10 14:12:19 | STEP 1 COMPLETED - Monitoring Engine
2026-06-10 14:12:19 | STEP 2 STARTED - Collect Monitoring Results
2026-06-10 14:12:19 | STEP 2 COMPLETED - Collect Monitoring Results
2026-06-10 14:12:19 | STEP 3 STARTED - AI Analysis
2026-06-10 14:12:24 | STEP 3 COMPLETED - AI Analysis
2026-06-10 14:12:24 | STEP 4 STARTED - Report Generation
2026-06-10 14:12:24 | STEP 4 COMPLETED - Report Generation
2026-06-10 14:12:24 | REPORT FILE CREATED: reports/incident_report_20260610_141224.txt
2026-06-10 14:12:24 | STEP 5 STARTED - Notifications
2026-06-10 14:12:24 | NOTIFICATION WORKFLOW STARTED
2026-06-10 14:12:24 | NOTIFICATION WORKFLOW COMPLETED
2026-06-10 14:12:24 | STEP 5 COMPLETED - Notifications
2026-06-10 14:12:24 | STEP 6 STARTED - Save Report
2026-06-10 14:12:24 | STEP 6 COMPLETED - Save Report
2026-06-10 14:12:24 | WORKFLOW COMPLETED
2026-06-10 14:12:24 | SCHEDULED WORKFLOW EXECUTION COMPLETED
2026-06-10 14:17:24 | SCHEDULED WORKFLOW EXECUTION STARTED
2026-06-10 14:17:24 | WORKFLOW STARTED
2026-06-10 14:17:24 | STEP 0 STARTED - Environment Validation
2026-06-10 14:17:24 | STEP 0 COMPLETED - Environment Validation
2026-06-10 14:17:24 | STEP 1 STARTED - Monitoring Engine
2026-06-10 14:17:24 | MONITORING WORKFLOW STARTED
2026-06-10 14:17:25 | MONITORING WORKFLOW COMPLETED
2026-06-10 14:17:25 | STEP 1 COMPLETED - Monitoring Engine
2026-06-10 14:17:25 | STEP 2 STARTED - Collect Monitoring Results
2026-06-10 14:17:25 | STEP 2 COMPLETED - Collect Monitoring Results
2026-06-10 14:17:25 | STEP 3 STARTED - AI Analysis
2026-06-10 14:17:33 | STEP 3 COMPLETED - AI Analysis
2026-06-10 14:17:33 | STEP 4 STARTED - Report Generation
2026-06-10 14:17:33 | STEP 4 COMPLETED - Report Generation
2026-06-10 14:17:33 | REPORT FILE CREATED: reports/incident_report_20260610_141733.txt
2026-06-10 14:17:33 | STEP 5 STARTED - Notifications
2026-06-10 14:17:33 | NOTIFICATION WORKFLOW STARTED
2026-06-10 14:17:33 | NOTIFICATION WORKFLOW COMPLETED
2026-06-10 14:17:33 | STEP 5 COMPLETED - Notifications
2026-06-10 14:17:33 | STEP 6 STARTED - Save Report
2026-06-10 14:17:33 | STEP 6 COMPLETED - Save Report
2026-06-10 14:17:33 | WORKFLOW COMPLETED
2026-06-10 14:17:33 | SCHEDULED WORKFLOW EXECUTION COMPLETED
2026-06-10 14:22:33 | SCHEDULED WORKFLOW EXECUTION STARTED
2026-06-10 14:22:33 | WORKFLOW STARTED
2026-06-10 14:22:33 | STEP 0 STARTED - Environment Validation
2026-06-10 14:22:33 | STEP 0 COMPLETED - Environment Validation
2026-06-10 14:22:33 | STEP 1 STARTED - Monitoring Engine
2026-06-10 14:22:33 | MONITORING WORKFLOW STARTED
2026-06-10 14:22:33 | MONITORING WORKFLOW COMPLETED
2026-06-10 14:22:33 | STEP 1 COMPLETED - Monitoring Engine
2026-06-10 14:22:33 | STEP 2 STARTED - Collect Monitoring Results
2026-06-10 14:22:33 | STEP 2 COMPLETED - Collect Monitoring Results
2026-06-10 14:22:33 | STEP 3 STARTED - AI Analysis
2026-06-10 14:22:49 | STEP 3 COMPLETED - AI Analysis
2026-06-10 14:22:49 | STEP 4 STARTED - Report Generation
2026-06-10 14:22:49 | STEP 4 COMPLETED - Report Generation
2026-06-10 14:22:49 | REPORT FILE CREATED: reports/incident_report_20260610_142249.txt
2026-06-10 14:22:49 | STEP 5 STARTED - Notifications
2026-06-10 14:22:49 | NOTIFICATION WORKFLOW STARTED
2026-06-10 14:22:49 | NOTIFICATION WORKFLOW COMPLETED
2026-06-10 14:22:49 | STEP 5 COMPLETED - Notifications
2026-06-10 14:22:49 | STEP 6 STARTED - Save Report
2026-06-10 14:22:49 | STEP 6 COMPLETED - Save Report
2026-06-10 14:22:49 | WORKFLOW COMPLETED
2026-06-10 14:22:49 | SCHEDULED WORKFLOW EXECUTION COMPLETED
2026-06-10 14:27:49 | SCHEDULED WORKFLOW EXECUTION STARTED
2026-06-10 14:27:49 | WORKFLOW STARTED
2026-06-10 14:27:49 | STEP 0 STARTED - Environment Validation
2026-06-10 14:27:49 | STEP 0 COMPLETED - Environment Validation
2026-06-10 14:27:49 | STEP 1 STARTED - Monitoring Engine
2026-06-10 14:27:49 | MONITORING WORKFLOW STARTED
2026-06-10 14:27:49 | MONITORING WORKFLOW COMPLETED
2026-06-10 14:27:49 | STEP 1 COMPLETED - Monitoring Engine
2026-06-10 14:27:49 | STEP 2 STARTED - Collect Monitoring Results
2026-06-10 14:27:49 | STEP 2 COMPLETED - Collect Monitoring Results
2026-06-10 14:27:49 | STEP 3 STARTED - AI Analysis
2026-06-10 14:27:55 | STEP 3 COMPLETED - AI Analysis
2026-06-10 14:27:55 | STEP 4 STARTED - Report Generation
2026-06-10 14:27:55 | STEP 4 COMPLETED - Report Generation
2026-06-10 14:27:55 | REPORT FILE CREATED: reports/incident_report_20260610_142755.txt
2026-06-10 14:27:55 | STEP 5 STARTED - Notifications
2026-06-10 14:27:55 | NOTIFICATION WORKFLOW STARTED
2026-06-10 14:27:55 | NOTIFICATION WORKFLOW COMPLETED
2026-06-10 14:27:55 | STEP 5 COMPLETED - Notifications
2026-06-10 14:27:55 | STEP 6 STARTED - Save Report
2026-06-10 14:27:55 | STEP 6 COMPLETED - Save Report
2026-06-10 14:27:55 | WORKFLOW COMPLETED
2026-06-10 14:27:55 | SCHEDULED WORKFLOW EXECUTION COMPLETED
2026-06-10 14:32:55 | SCHEDULED WORKFLOW EXECUTION STARTED
2026-06-10 14:32:55 | WORKFLOW STARTED
2026-06-10 14:32:55 | STEP 0 STARTED - Environment Validation
2026-06-10 14:32:55 | STEP 0 COMPLETED - Environment Validation
2026-06-10 14:32:55 | STEP 1 STARTED - Monitoring Engine
2026-06-10 14:32:55 | MONITORING WORKFLOW STARTED
2026-06-10 14:32:55 | MONITORING WORKFLOW COMPLETED
2026-06-10 14:32:55 | STEP 1 COMPLETED - Monitoring Engine
2026-06-10 14:32:55 | STEP 2 STARTED - Collect Monitoring Results
2026-06-10 14:32:55 | STEP 2 COMPLETED - Collect Monitoring Results
2026-06-10 14:32:55 | STEP 3 STARTED - AI Analysis
2026-06-10 14:33:00 | STEP 3 COMPLETED - AI Analysis
2026-06-10 14:33:00 | STEP 4 STARTED - Report Generation
2026-06-10 14:33:00 | STEP 4 COMPLETED - Report Generation
2026-06-10 14:33:00 | REPORT FILE CREATED: reports/incident_report_20260610_143300.txt
2026-06-10 14:33:00 | STEP 5 STARTED - Notifications
2026-06-10 14:33:00 | NOTIFICATION WORKFLOW STARTED
2026-06-10 14:33:00 | NOTIFICATION WORKFLOW COMPLETED
2026-06-10 14:33:00 | STEP 5 COMPLETED - Notifications
2026-06-10 14:33:00 | STEP 6 STARTED - Save Report
2026-06-10 14:33:00 | STEP 6 COMPLETED - Save Report
2026-06-10 14:33:00 | WORKFLOW COMPLETED
2026-06-10 14:33:00 | SCHEDULED WORKFLOW EXECUTION COMPLETED
2026-06-10 14:38:00 | SCHEDULED WORKFLOW EXECUTION STARTED
2026-06-10 14:38:00 | WORKFLOW STARTED
2026-06-10 14:38:00 | STEP 0 STARTED - Environment Validation
2026-06-10 14:38:00 | STEP 0 COMPLETED - Environment Validation
2026-06-10 14:38:00 | STEP 1 STARTED - Monitoring Engine
2026-06-10 14:38:00 | MONITORING WORKFLOW STARTED
2026-06-10 14:38:00 | MONITORING WORKFLOW COMPLETED
2026-06-10 14:38:00 | STEP 1 COMPLETED - Monitoring Engine
2026-06-10 14:38:00 | STEP 2 STARTED - Collect Monitoring Results
2026-06-10 14:38:00 | STEP 2 COMPLETED - Collect Monitoring Results
2026-06-10 14:38:00 | STEP 3 STARTED - AI Analysis
2026-06-10 14:38:08 | STEP 3 COMPLETED - AI Analysis
2026-06-10 14:38:08 | STEP 4 STARTED - Report Generation
2026-06-10 14:38:08 | STEP 4 COMPLETED - Report Generation
2026-06-10 14:38:08 | REPORT FILE CREATED: reports/incident_report_20260610_143808.txt
2026-06-10 14:38:08 | STEP 5 STARTED - Notifications
2026-06-10 14:38:08 | NOTIFICATION WORKFLOW STARTED
2026-06-10 14:38:08 | NOTIFICATION WORKFLOW COMPLETED
2026-06-10 14:38:08 | STEP 5 COMPLETED - Notifications
2026-06-10 14:38:08 | STEP 6 STARTED - Save Report
2026-06-10 14:38:08 | STEP 6 COMPLETED - Save Report
2026-06-10 14:38:08 | WORKFLOW COMPLETED
2026-06-10 14:38:08 | SCHEDULED WORKFLOW EXECUTION COMPLETED
2026-06-10 14:43:08 | SCHEDULED WORKFLOW EXECUTION STARTED
2026-06-10 14:43:08 | WORKFLOW STARTED
2026-06-10 14:43:08 | STEP 0 STARTED - Environment Validation
2026-06-10 14:43:08 | STEP 0 COMPLETED - Environment Validation
2026-06-10 14:43:08 | STEP 1 STARTED - Monitoring Engine
2026-06-10 14:43:08 | MONITORING WORKFLOW STARTED
2026-06-10 14:43:08 | MONITORING WORKFLOW COMPLETED
2026-06-10 14:43:08 | STEP 1 COMPLETED - Monitoring Engine
2026-06-10 14:43:08 | STEP 2 STARTED - Collect Monitoring Results
2026-06-10 14:43:08 | STEP 2 COMPLETED - Collect Monitoring Results
2026-06-10 14:43:08 | STEP 3 STARTED - AI Analysis
2026-06-10 14:43:14 | STEP 3 COMPLETED - AI Analysis
2026-06-10 14:43:14 | STEP 4 STARTED - Report Generation
2026-06-10 14:43:14 | STEP 4 COMPLETED - Report Generation
2026-06-10 14:43:14 | REPORT FILE CREATED: reports/incident_report_20260610_144314.txt
2026-06-10 14:43:14 | STEP 5 STARTED - Notifications
2026-06-10 14:43:14 | NOTIFICATION WORKFLOW STARTED
2026-06-10 14:43:14 | NOTIFICATION WORKFLOW COMPLETED
2026-06-10 14:43:14 | STEP 5 COMPLETED - Notifications
2026-06-10 14:43:14 | STEP 6 STARTED - Save Report
2026-06-10 14:43:14 | STEP 6 COMPLETED - Save Report
2026-06-10 14:43:14 | WORKFLOW COMPLETED
2026-06-10 14:43:14 | SCHEDULED WORKFLOW EXECUTION COMPLETED
2026-06-10 14:48:14 | SCHEDULED WORKFLOW EXECUTION STARTED
2026-06-10 14:48:14 | WORKFLOW STARTED
2026-06-10 14:48:14 | STEP 0 STARTED - Environment Validation
2026-06-10 14:48:14 | STEP 0 COMPLETED - Environment Validation
2026-06-10 14:48:14 | STEP 1 STARTED - Monitoring Engine
2026-06-10 14:48:14 | MONITORING WORKFLOW STARTED
2026-06-10 14:48:14 | MONITORING WORKFLOW COMPLETED
2026-06-10 14:48:14 | STEP 1 COMPLETED - Monitoring Engine
2026-06-10 14:48:14 | STEP 2 STARTED - Collect Monitoring Results
2026-06-10 14:48:14 | STEP 2 COMPLETED - Collect Monitoring Results
2026-06-10 14:48:14 | STEP 3 STARTED - AI Analysis
2026-06-10 14:48:23 | STEP 3 COMPLETED - AI Analysis
2026-06-10 14:48:23 | STEP 4 STARTED - Report Generation
2026-06-10 14:48:23 | STEP 4 COMPLETED - Report Generation
2026-06-10 14:48:23 | REPORT FILE CREATED: reports/incident_report_20260610_144823.txt
2026-06-10 14:48:23 | STEP 5 STARTED - Notifications
2026-06-10 14:48:23 | NOTIFICATION WORKFLOW STARTED
2026-06-10 14:48:23 | NOTIFICATION WORKFLOW COMPLETED
2026-06-10 14:48:23 | STEP 5 COMPLETED - Notifications
2026-06-10 14:48:23 | STEP 6 STARTED - Save Report
2026-06-10 14:48:23 | STEP 6 COMPLETED - Save Report
2026-06-10 14:48:23 | WORKFLOW COMPLETED
2026-06-10 14:48:23 | SCHEDULED WORKFLOW EXECUTION COMPLETED
2026-06-10 14:53:23 | SCHEDULED WORKFLOW EXECUTION STARTED
2026-06-10 14:53:23 | WORKFLOW STARTED
2026-06-10 14:53:23 | STEP 0 STARTED - Environment Validation
2026-06-10 14:53:23 | STEP 0 COMPLETED - Environment Validation
2026-06-10 14:53:23 | STEP 1 STARTED - Monitoring Engine
2026-06-10 14:53:23 | MONITORING WORKFLOW STARTED
2026-06-10 14:53:23 | MONITORING WORKFLOW COMPLETED
2026-06-10 14:53:23 | STEP 1 COMPLETED - Monitoring Engine
2026-06-10 14:53:23 | STEP 2 STARTED - Collect Monitoring Results
2026-06-10 14:53:23 | STEP 2 COMPLETED - Collect Monitoring Results
2026-06-10 14:53:23 | STEP 3 STARTED - AI Analysis
2026-06-10 14:53:34 | STEP 3 COMPLETED - AI Analysis
2026-06-10 14:53:34 | STEP 4 STARTED - Report Generation
2026-06-10 14:53:34 | STEP 4 COMPLETED - Report Generation
2026-06-10 14:53:34 | REPORT FILE CREATED: reports/incident_report_20260610_145334.txt
2026-06-10 14:53:34 | STEP 5 STARTED - Notifications
2026-06-10 14:53:34 | NOTIFICATION WORKFLOW STARTED
2026-06-10 14:53:34 | NOTIFICATION WORKFLOW COMPLETED
2026-06-10 14:53:34 | STEP 5 COMPLETED - Notifications
2026-06-10 14:53:34 | STEP 6 STARTED - Save Report
2026-06-10 14:53:34 | STEP 6 COMPLETED - Save Report
2026-06-10 14:53:34 | WORKFLOW COMPLETED
2026-06-10 14:53:34 | SCHEDULED WORKFLOW EXECUTION COMPLETED
2026-06-10 14:58:34 | SCHEDULED WORKFLOW EXECUTION STARTED
2026-06-10 14:58:34 | WORKFLOW STARTED
2026-06-10 14:58:34 | STEP 0 STARTED - Environment Validation
2026-06-10 14:58:34 | STEP 0 COMPLETED - Environment Validation
2026-06-10 14:58:34 | STEP 1 STARTED - Monitoring Engine
2026-06-10 14:58:34 | MONITORING WORKFLOW STARTED
2026-06-10 14:58:34 | MONITORING WORKFLOW COMPLETED
2026-06-10 14:58:34 | STEP 1 COMPLETED - Monitoring Engine
2026-06-10 14:58:34 | STEP 2 STARTED - Collect Monitoring Results
2026-06-10 14:58:34 | STEP 2 COMPLETED - Collect Monitoring Results
2026-06-10 14:58:34 | STEP 3 STARTED - AI Analysis
2026-06-10 14:58:41 | STEP 3 COMPLETED - AI Analysis
2026-06-10 14:58:41 | STEP 4 STARTED - Report Generation
2026-06-10 14:58:41 | STEP 4 COMPLETED - Report Generation
2026-06-10 14:58:41 | REPORT FILE CREATED: reports/incident_report_20260610_145841.txt
2026-06-10 14:58:41 | STEP 5 STARTED - Notifications
2026-06-10 14:58:41 | NOTIFICATION WORKFLOW STARTED
2026-06-10 14:58:41 | NOTIFICATION WORKFLOW COMPLETED
2026-06-10 14:58:41 | STEP 5 COMPLETED - Notifications
2026-06-10 14:58:41 | STEP 6 STARTED - Save Report
2026-06-10 14:58:41 | STEP 6 COMPLETED - Save Report
2026-06-10 14:58:41 | WORKFLOW COMPLETED
2026-06-10 14:58:41 | SCHEDULED WORKFLOW EXECUTION COMPLETED
2026-06-10 15:03:41 | SCHEDULED WORKFLOW EXECUTION STARTED
2026-06-10 15:03:41 | WORKFLOW STARTED
2026-06-10 15:03:41 | STEP 0 STARTED - Environment Validation
2026-06-10 15:03:41 | STEP 0 COMPLETED - Environment Validation
2026-06-10 15:03:41 | STEP 1 STARTED - Monitoring Engine
2026-06-10 15:03:41 | MONITORING WORKFLOW STARTED
2026-06-10 15:03:41 | MONITORING WORKFLOW COMPLETED
2026-06-10 15:03:41 | STEP 1 COMPLETED - Monitoring Engine
2026-06-10 15:03:41 | STEP 2 STARTED - Collect Monitoring Results
2026-06-10 15:03:41 | STEP 2 COMPLETED - Collect Monitoring Results
2026-06-10 15:03:41 | STEP 3 STARTED - AI Analysis
2026-06-10 15:03:52 | STEP 3 COMPLETED - AI Analysis
2026-06-10 15:03:52 | STEP 4 STARTED - Report Generation
2026-06-10 15:03:52 | STEP 4 COMPLETED - Report Generation
2026-06-10 15:03:52 | REPORT FILE CREATED: reports/incident_report_20260610_150352.txt
2026-06-10 15:03:52 | STEP 5 STARTED - Notifications
2026-06-10 15:03:52 | NOTIFICATION WORKFLOW STARTED
2026-06-10 15:03:52 | NOTIFICATION WORKFLOW COMPLETED
2026-06-10 15:03:52 | STEP 5 COMPLETED - Notifications
2026-06-10 15:03:52 | STEP 6 STARTED - Save Report
2026-06-10 15:03:52 | STEP 6 COMPLETED - Save Report
2026-06-10 15:03:52 | WORKFLOW COMPLETED
2026-06-10 15:03:52 | SCHEDULED WORKFLOW EXECUTION COMPLETED
2026-06-10 15:08:52 | SCHEDULED WORKFLOW EXECUTION STARTED
2026-06-10 15:08:52 | WORKFLOW STARTED
2026-06-10 15:08:52 | STEP 0 STARTED - Environment Validation
2026-06-10 15:08:52 | STEP 0 COMPLETED - Environment Validation
2026-06-10 15:08:52 | STEP 1 STARTED - Monitoring Engine
2026-06-10 15:08:52 | MONITORING WORKFLOW STARTED
2026-06-10 15:08:52 | MONITORING WORKFLOW COMPLETED
2026-06-10 15:08:52 | STEP 1 COMPLETED - Monitoring Engine
2026-06-10 15:08:52 | STEP 2 STARTED - Collect Monitoring Results
2026-06-10 15:08:52 | STEP 2 COMPLETED - Collect Monitoring Results
2026-06-10 15:08:52 | STEP 3 STARTED - AI Analysis
2026-06-10 15:09:01 | STEP 3 COMPLETED - AI Analysis
2026-06-10 15:09:01 | STEP 4 STARTED - Report Generation
2026-06-10 15:09:01 | STEP 4 COMPLETED - Report Generation
2026-06-10 15:09:01 | REPORT FILE CREATED: reports/incident_report_20260610_150901.txt
2026-06-10 15:09:01 | STEP 5 STARTED - Notifications
2026-06-10 15:09:01 | NOTIFICATION WORKFLOW STARTED
2026-06-10 15:09:01 | NOTIFICATION WORKFLOW COMPLETED
2026-06-10 15:09:01 | STEP 5 COMPLETED - Notifications
2026-06-10 15:09:01 | STEP 6 STARTED - Save Report
2026-06-10 15:09:01 | STEP 6 COMPLETED - Save Report
2026-06-10 15:09:01 | WORKFLOW COMPLETED
2026-06-10 15:09:01 | SCHEDULED WORKFLOW EXECUTION COMPLETED
2026-06-10 15:14:01 | SCHEDULED WORKFLOW EXECUTION STARTED
2026-06-10 15:14:01 | WORKFLOW STARTED
2026-06-10 15:14:02 | STEP 0 STARTED - Environment Validation
2026-06-10 15:14:02 | STEP 0 COMPLETED - Environment Validation
2026-06-10 15:14:02 | STEP 1 STARTED - Monitoring Engine
2026-06-10 15:14:02 | MONITORING WORKFLOW STARTED
2026-06-10 15:14:02 | MONITORING WORKFLOW COMPLETED
2026-06-10 15:14:02 | STEP 1 COMPLETED - Monitoring Engine
2026-06-10 15:14:02 | STEP 2 STARTED - Collect Monitoring Results
2026-06-10 15:14:02 | STEP 2 COMPLETED - Collect Monitoring Results
2026-06-10 15:14:02 | STEP 3 STARTED - AI Analysis
2026-06-10 15:14:12 | STEP 3 COMPLETED - AI Analysis
2026-06-10 15:14:12 | STEP 4 STARTED - Report Generation
2026-06-10 15:14:12 | STEP 4 COMPLETED - Report Generation
2026-06-10 15:14:12 | REPORT FILE CREATED: reports/incident_report_20260610_151412.txt
2026-06-10 15:14:12 | STEP 5 STARTED - Notifications
2026-06-10 15:14:12 | NOTIFICATION WORKFLOW STARTED
2026-06-10 15:14:12 | NOTIFICATION WORKFLOW COMPLETED
2026-06-10 15:14:12 | STEP 5 COMPLETED - Notifications
2026-06-10 15:14:12 | STEP 6 STARTED - Save Report
2026-06-10 15:14:12 | STEP 6 COMPLETED - Save Report
2026-06-10 15:14:12 | WORKFLOW COMPLETED
2026-06-10 15:14:12 | SCHEDULED WORKFLOW EXECUTION COMPLETED
2026-06-10 15:19:12 | SCHEDULED WORKFLOW EXECUTION STARTED
2026-06-10 15:19:12 | WORKFLOW STARTED
2026-06-10 15:19:12 | STEP 0 STARTED - Environment Validation
2026-06-10 15:19:12 | STEP 0 COMPLETED - Environment Validation
2026-06-10 15:19:12 | STEP 1 STARTED - Monitoring Engine
2026-06-10 15:19:12 | MONITORING WORKFLOW STARTED
2026-06-10 15:19:12 | MONITORING WORKFLOW COMPLETED
2026-06-10 15:19:12 | STEP 1 COMPLETED - Monitoring Engine
2026-06-10 15:19:12 | STEP 2 STARTED - Collect Monitoring Results
2026-06-10 15:19:12 | STEP 2 COMPLETED - Collect Monitoring Results
2026-06-10 15:19:12 | STEP 3 STARTED - AI Analysis
2026-06-10 15:19:20 | STEP 3 COMPLETED - AI Analysis
2026-06-10 15:19:20 | STEP 4 STARTED - Report Generation
2026-06-10 15:19:20 | STEP 4 COMPLETED - Report Generation
2026-06-10 15:19:20 | REPORT FILE CREATED: reports/incident_report_20260610_151920.txt
2026-06-10 15:19:20 | STEP 5 STARTED - Notifications
2026-06-10 15:19:20 | NOTIFICATION WORKFLOW STARTED
2026-06-10 15:19:20 | NOTIFICATION WORKFLOW COMPLETED
2026-06-10 15:19:20 | STEP 5 COMPLETED - Notifications
2026-06-10 15:19:20 | STEP 6 STARTED - Save Report
2026-06-10 15:19:20 | STEP 6 COMPLETED - Save Report
2026-06-10 15:19:20 | WORKFLOW COMPLETED
2026-06-10 15:19:20 | SCHEDULED WORKFLOW EXECUTION COMPLETED
2026-06-10 15:24:20 | SCHEDULED WORKFLOW EXECUTION STARTED
2026-06-10 15:24:20 | WORKFLOW STARTED
2026-06-10 15:24:20 | STEP 0 STARTED - Environment Validation
2026-06-10 15:24:20 | STEP 0 COMPLETED - Environment Validation
2026-06-10 15:24:20 | STEP 1 STARTED - Monitoring Engine
2026-06-10 15:24:20 | MONITORING WORKFLOW STARTED
2026-06-10 15:24:20 | MONITORING WORKFLOW COMPLETED
2026-06-10 15:24:20 | STEP 1 COMPLETED - Monitoring Engine
2026-06-10 15:24:20 | STEP 2 STARTED - Collect Monitoring Results
2026-06-10 15:24:20 | STEP 2 COMPLETED - Collect Monitoring Results
2026-06-10 15:24:20 | STEP 3 STARTED - AI Analysis
2026-06-10 15:24:27 | STEP 3 COMPLETED - AI Analysis
2026-06-10 15:24:27 | STEP 4 STARTED - Report Generation
2026-06-10 15:24:27 | STEP 4 COMPLETED - Report Generation
2026-06-10 15:24:27 | REPORT FILE CREATED: reports/incident_report_20260610_152427.txt
2026-06-10 15:24:27 | STEP 5 STARTED - Notifications
2026-06-10 15:24:27 | NOTIFICATION WORKFLOW STARTED
2026-06-10 15:24:27 | NOTIFICATION WORKFLOW COMPLETED
2026-06-10 15:24:27 | STEP 5 COMPLETED - Notifications
2026-06-10 15:24:27 | STEP 6 STARTED - Save Report
2026-06-10 15:24:27 | STEP 6 COMPLETED - Save Report
2026-06-10 15:24:27 | WORKFLOW COMPLETED
2026-06-10 15:24:27 | SCHEDULED WORKFLOW EXECUTION COMPLETED
2026-06-10 15:29:27 | SCHEDULED WORKFLOW EXECUTION STARTED
2026-06-10 15:29:27 | WORKFLOW STARTED
2026-06-10 15:29:27 | STEP 0 STARTED - Environment Validation
2026-06-10 15:29:27 | STEP 0 COMPLETED - Environment Validation
2026-06-10 15:29:27 | STEP 1 STARTED - Monitoring Engine
2026-06-10 15:29:27 | MONITORING WORKFLOW STARTED
2026-06-10 15:29:27 | MONITORING WORKFLOW COMPLETED
2026-06-10 15:29:27 | STEP 1 COMPLETED - Monitoring Engine
2026-06-10 15:29:27 | STEP 2 STARTED - Collect Monitoring Results
2026-06-10 15:29:27 | STEP 2 COMPLETED - Collect Monitoring Results
2026-06-10 15:29:27 | STEP 3 STARTED - AI Analysis
2026-06-10 15:29:35 | STEP 3 COMPLETED - AI Analysis
2026-06-10 15:29:35 | STEP 4 STARTED - Report Generation
2026-06-10 15:29:35 | STEP 4 COMPLETED - Report Generation
2026-06-10 15:29:35 | REPORT FILE CREATED: reports/incident_report_20260610_152935.txt
2026-06-10 15:29:35 | STEP 5 STARTED - Notifications
2026-06-10 15:29:35 | NOTIFICATION WORKFLOW STARTED
2026-06-10 15:29:35 | NOTIFICATION WORKFLOW COMPLETED
2026-06-10 15:29:35 | STEP 5 COMPLETED - Notifications
2026-06-10 15:29:35 | STEP 6 STARTED - Save Report
2026-06-10 15:29:35 | STEP 6 COMPLETED - Save Report
2026-06-10 15:29:35 | WORKFLOW COMPLETED
2026-06-10 15:29:35 | SCHEDULED WORKFLOW EXECUTION COMPLETED
2026-06-10 15:34:35 | SCHEDULED WORKFLOW EXECUTION STARTED
2026-06-10 15:34:35 | WORKFLOW STARTED
2026-06-10 15:34:35 | STEP 0 STARTED - Environment Validation
2026-06-10 15:34:35 | STEP 0 COMPLETED - Environment Validation
2026-06-10 15:34:35 | STEP 1 STARTED - Monitoring Engine
2026-06-10 15:34:35 | MONITORING WORKFLOW STARTED
2026-06-10 15:34:35 | MONITORING WORKFLOW COMPLETED
2026-06-10 15:34:35 | STEP 1 COMPLETED - Monitoring Engine
2026-06-10 15:34:35 | STEP 2 STARTED - Collect Monitoring Results
2026-06-10 15:34:35 | STEP 2 COMPLETED - Collect Monitoring Results
2026-06-10 15:34:35 | STEP 3 STARTED - AI Analysis
2026-06-10 15:34:42 | STEP 3 COMPLETED - AI Analysis
2026-06-10 15:34:42 | STEP 4 STARTED - Report Generation
2026-06-10 15:34:42 | STEP 4 COMPLETED - Report Generation
2026-06-10 15:34:42 | REPORT FILE CREATED: reports/incident_report_20260610_153442.txt
2026-06-10 15:34:42 | STEP 5 STARTED - Notifications
2026-06-10 15:34:42 | NOTIFICATION WORKFLOW STARTED
2026-06-10 15:34:42 | NOTIFICATION WORKFLOW COMPLETED
2026-06-10 15:34:42 | STEP 5 COMPLETED - Notifications
2026-06-10 15:34:42 | STEP 6 STARTED - Save Report
2026-06-10 15:34:42 | STEP 6 COMPLETED - Save Report
2026-06-10 15:34:42 | WORKFLOW COMPLETED
2026-06-10 15:34:42 | SCHEDULED WORKFLOW EXECUTION COMPLETED
2026-06-10 15:39:42 | SCHEDULED WORKFLOW EXECUTION STARTED
2026-06-10 15:39:42 | WORKFLOW STARTED
2026-06-10 15:39:42 | STEP 0 STARTED - Environment Validation
2026-06-10 15:39:42 | STEP 0 COMPLETED - Environment Validation
2026-06-10 15:39:42 | STEP 1 STARTED - Monitoring Engine
2026-06-10 15:39:42 | MONITORING WORKFLOW STARTED
2026-06-10 15:39:42 | MONITORING WORKFLOW COMPLETED
2026-06-10 15:39:42 | STEP 1 COMPLETED - Monitoring Engine
2026-06-10 15:39:42 | STEP 2 STARTED - Collect Monitoring Results
2026-06-10 15:39:42 | STEP 2 COMPLETED - Collect Monitoring Results
2026-06-10 15:39:42 | STEP 3 STARTED - AI Analysis
2026-06-10 15:39:51 | STEP 3 COMPLETED - AI Analysis
2026-06-10 15:39:51 | STEP 4 STARTED - Report Generation
2026-06-10 15:39:51 | STEP 4 COMPLETED - Report Generation
2026-06-10 15:39:51 | REPORT FILE CREATED: reports/incident_report_20260610_153951.txt
2026-06-10 15:39:51 | STEP 5 STARTED - Notifications
2026-06-10 15:39:51 | NOTIFICATION WORKFLOW STARTED
2026-06-10 15:39:51 | NOTIFICATION WORKFLOW COMPLETED
2026-06-10 15:39:51 | STEP 5 COMPLETED - Notifications
2026-06-10 15:39:51 | STEP 6 STARTED - Save Report
2026-06-10 15:39:51 | STEP 6 COMPLETED - Save Report
2026-06-10 15:39:51 | WORKFLOW COMPLETED
2026-06-10 15:39:51 | SCHEDULED WORKFLOW EXECUTION COMPLETED
2026-06-10 15:44:51 | SCHEDULED WORKFLOW EXECUTION STARTED
2026-06-10 15:44:51 | WORKFLOW STARTED
2026-06-10 15:44:51 | STEP 0 STARTED - Environment Validation
2026-06-10 15:44:51 | STEP 0 COMPLETED - Environment Validation
2026-06-10 15:44:51 | STEP 1 STARTED - Monitoring Engine
2026-06-10 15:44:51 | MONITORING WORKFLOW STARTED
2026-06-10 15:44:51 | MONITORING WORKFLOW COMPLETED
2026-06-10 15:44:51 | STEP 1 COMPLETED - Monitoring Engine
2026-06-10 15:44:51 | STEP 2 STARTED - Collect Monitoring Results
2026-06-10 15:44:51 | STEP 2 COMPLETED - Collect Monitoring Results
2026-06-10 15:44:51 | STEP 3 STARTED - AI Analysis
2026-06-10 15:44:59 | STEP 3 COMPLETED - AI Analysis
2026-06-10 15:44:59 | STEP 4 STARTED - Report Generation
2026-06-10 15:44:59 | STEP 4 COMPLETED - Report Generation
2026-06-10 15:44:59 | REPORT FILE CREATED: reports/incident_report_20260610_154459.txt
2026-06-10 15:44:59 | STEP 5 STARTED - Notifications
2026-06-10 15:44:59 | NOTIFICATION WORKFLOW STARTED
2026-06-10 15:44:59 | NOTIFICATION WORKFLOW COMPLETED
2026-06-10 15:44:59 | STEP 5 COMPLETED - Notifications
2026-06-10 15:44:59 | STEP 6 STARTED - Save Report
2026-06-10 15:44:59 | STEP 6 COMPLETED - Save Report
2026-06-10 15:44:59 | WORKFLOW COMPLETED
2026-06-10 15:44:59 | SCHEDULED WORKFLOW EXECUTION COMPLETED
2026-06-10 15:49:59 | SCHEDULED WORKFLOW EXECUTION STARTED
2026-06-10 15:49:59 | WORKFLOW STARTED
2026-06-10 15:49:59 | STEP 0 STARTED - Environment Validation
2026-06-10 15:49:59 | STEP 0 COMPLETED - Environment Validation
2026-06-10 15:49:59 | STEP 1 STARTED - Monitoring Engine
2026-06-10 15:49:59 | MONITORING WORKFLOW STARTED
2026-06-10 15:49:59 | MONITORING WORKFLOW COMPLETED
2026-06-10 15:49:59 | STEP 1 COMPLETED - Monitoring Engine
2026-06-10 15:49:59 | STEP 2 STARTED - Collect Monitoring Results
2026-06-10 15:49:59 | STEP 2 COMPLETED - Collect Monitoring Results
2026-06-10 15:49:59 | STEP 3 STARTED - AI Analysis
2026-06-10 15:50:04 | STEP 3 COMPLETED - AI Analysis
2026-06-10 15:50:04 | STEP 4 STARTED - Report Generation
2026-06-10 15:50:04 | STEP 4 COMPLETED - Report Generation
2026-06-10 15:50:04 | REPORT FILE CREATED: reports/incident_report_20260610_155004.txt
2026-06-10 15:50:04 | STEP 5 STARTED - Notifications
2026-06-10 15:50:04 | NOTIFICATION WORKFLOW STARTED
2026-06-10 15:50:04 | NOTIFICATION WORKFLOW COMPLETED
2026-06-10 15:50:04 | STEP 5 COMPLETED - Notifications
2026-06-10 15:50:04 | STEP 6 STARTED - Save Report
2026-06-10 15:50:04 | STEP 6 COMPLETED - Save Report
2026-06-10 15:50:04 | WORKFLOW COMPLETED
2026-06-10 15:50:04 | SCHEDULED WORKFLOW EXECUTION COMPLETED
2026-06-10 15:55:04 | SCHEDULED WORKFLOW EXECUTION STARTED
2026-06-10 15:55:04 | WORKFLOW STARTED
2026-06-10 15:55:04 | STEP 0 STARTED - Environment Validation
2026-06-10 15:55:04 | STEP 0 COMPLETED - Environment Validation
2026-06-10 15:55:04 | STEP 1 STARTED - Monitoring Engine
2026-06-10 15:55:04 | MONITORING WORKFLOW STARTED
2026-06-10 15:55:04 | MONITORING WORKFLOW COMPLETED
2026-06-10 15:55:04 | STEP 1 COMPLETED - Monitoring Engine
2026-06-10 15:55:04 | STEP 2 STARTED - Collect Monitoring Results
2026-06-10 15:55:04 | STEP 2 COMPLETED - Collect Monitoring Results
2026-06-10 15:55:04 | STEP 3 STARTED - AI Analysis
2026-06-10 15:55:11 | STEP 3 COMPLETED - AI Analysis
2026-06-10 15:55:11 | STEP 4 STARTED - Report Generation
2026-06-10 15:55:11 | STEP 4 COMPLETED - Report Generation
2026-06-10 15:55:11 | REPORT FILE CREATED: reports/incident_report_20260610_155511.txt
2026-06-10 15:55:11 | STEP 5 STARTED - Notifications
2026-06-10 15:55:11 | NOTIFICATION WORKFLOW STARTED
2026-06-10 15:55:11 | NOTIFICATION WORKFLOW COMPLETED
2026-06-10 15:55:11 | STEP 5 COMPLETED - Notifications
2026-06-10 15:55:11 | STEP 6 STARTED - Save Report
2026-06-10 15:55:11 | STEP 6 COMPLETED - Save Report
2026-06-10 15:55:11 | WORKFLOW COMPLETED
2026-06-10 15:55:11 | SCHEDULED WORKFLOW EXECUTION COMPLETED
2026-06-10 16:00:11 | SCHEDULED WORKFLOW EXECUTION STARTED
2026-06-10 16:00:11 | WORKFLOW STARTED
2026-06-10 16:00:11 | STEP 0 STARTED - Environment Validation
2026-06-10 16:00:11 | STEP 0 COMPLETED - Environment Validation
2026-06-10 16:00:11 | STEP 1 STARTED - Monitoring Engine
2026-06-10 16:00:11 | MONITORING WORKFLOW STARTED
2026-06-10 16:00:11 | MONITORING WORKFLOW COMPLETED
2026-06-10 16:00:11 | STEP 1 COMPLETED - Monitoring Engine
2026-06-10 16:00:11 | STEP 2 STARTED - Collect Monitoring Results
2026-06-10 16:00:11 | STEP 2 COMPLETED - Collect Monitoring Results
2026-06-10 16:00:11 | STEP 3 STARTED - AI Analysis
2026-06-10 16:00:18 | STEP 3 COMPLETED - AI Analysis
2026-06-10 16:00:18 | STEP 4 STARTED - Report Generation
2026-06-10 16:00:18 | STEP 4 COMPLETED - Report Generation
2026-06-10 16:00:18 | REPORT FILE CREATED: reports/incident_report_20260610_160018.txt
2026-06-10 16:00:18 | STEP 5 STARTED - Notifications
2026-06-10 16:00:18 | NOTIFICATION WORKFLOW STARTED
2026-06-10 16:00:18 | NOTIFICATION WORKFLOW COMPLETED
2026-06-10 16:00:18 | STEP 5 COMPLETED - Notifications
2026-06-10 16:00:18 | STEP 6 STARTED - Save Report
2026-06-10 16:00:18 | STEP 6 COMPLETED - Save Report
2026-06-10 16:00:18 | WORKFLOW COMPLETED
2026-06-10 16:00:18 | SCHEDULED WORKFLOW EXECUTION COMPLETED
2026-06-10 16:05:18 | SCHEDULED WORKFLOW EXECUTION STARTED
2026-06-10 16:05:18 | WORKFLOW STARTED
2026-06-10 16:05:18 | STEP 0 STARTED - Environment Validation
2026-06-10 16:05:18 | STEP 0 COMPLETED - Environment Validation
2026-06-10 16:05:18 | STEP 1 STARTED - Monitoring Engine
2026-06-10 16:05:18 | MONITORING WORKFLOW STARTED
2026-06-10 16:05:18 | MONITORING WORKFLOW COMPLETED
2026-06-10 16:05:18 | STEP 1 COMPLETED - Monitoring Engine
2026-06-10 16:05:18 | STEP 2 STARTED - Collect Monitoring Results
2026-06-10 16:05:18 | STEP 2 COMPLETED - Collect Monitoring Results
2026-06-10 16:05:18 | STEP 3 STARTED - AI Analysis
2026-06-10 16:05:22 | STEP 3 COMPLETED - AI Analysis
2026-06-10 16:05:22 | STEP 4 STARTED - Report Generation
2026-06-10 16:05:22 | STEP 4 COMPLETED - Report Generation
2026-06-10 16:05:22 | REPORT FILE CREATED: reports/incident_report_20260610_160522.txt
2026-06-10 16:05:22 | STEP 5 STARTED - Notifications
2026-06-10 16:05:22 | NOTIFICATION WORKFLOW STARTED
2026-06-10 16:05:22 | NOTIFICATION WORKFLOW COMPLETED
2026-06-10 16:05:22 | STEP 5 COMPLETED - Notifications
2026-06-10 16:05:22 | STEP 6 STARTED - Save Report
2026-06-10 16:05:22 | STEP 6 COMPLETED - Save Report
2026-06-10 16:05:22 | WORKFLOW COMPLETED
2026-06-10 16:05:22 | SCHEDULED WORKFLOW EXECUTION COMPLETED
2026-06-10 16:10:22 | SCHEDULED WORKFLOW EXECUTION STARTED
2026-06-10 16:10:22 | WORKFLOW STARTED
2026-06-10 16:10:22 | STEP 0 STARTED - Environment Validation
2026-06-10 16:10:22 | STEP 0 COMPLETED - Environment Validation
2026-06-10 16:10:22 | STEP 1 STARTED - Monitoring Engine
2026-06-10 16:10:22 | MONITORING WORKFLOW STARTED
2026-06-10 16:10:22 | MONITORING WORKFLOW COMPLETED
2026-06-10 16:10:22 | STEP 1 COMPLETED - Monitoring Engine
2026-06-10 16:10:22 | STEP 2 STARTED - Collect Monitoring Results
2026-06-10 16:10:22 | STEP 2 COMPLETED - Collect Monitoring Results
2026-06-10 16:10:22 | STEP 3 STARTED - AI Analysis
2026-06-10 16:10:29 | STEP 3 COMPLETED - AI Analysis
2026-06-10 16:10:29 | STEP 4 STARTED - Report Generation
2026-06-10 16:10:29 | STEP 4 COMPLETED - Report Generation
2026-06-10 16:10:29 | REPORT FILE CREATED: reports/incident_report_20260610_161029.txt
2026-06-10 16:10:29 | STEP 5 STARTED - Notifications
2026-06-10 16:10:29 | NOTIFICATION WORKFLOW STARTED
2026-06-10 16:10:29 | NOTIFICATION WORKFLOW COMPLETED
2026-06-10 16:10:29 | STEP 5 COMPLETED - Notifications
2026-06-10 16:10:29 | STEP 6 STARTED - Save Report
2026-06-10 16:10:29 | STEP 6 COMPLETED - Save Report
2026-06-10 16:10:29 | WORKFLOW COMPLETED
2026-06-10 16:10:29 | SCHEDULED WORKFLOW EXECUTION COMPLETED
2026-06-10 16:15:29 | SCHEDULED WORKFLOW EXECUTION STARTED
2026-06-10 16:15:29 | WORKFLOW STARTED
2026-06-10 16:15:29 | STEP 0 STARTED - Environment Validation
2026-06-10 16:15:29 | STEP 0 COMPLETED - Environment Validation
2026-06-10 16:15:29 | STEP 1 STARTED - Monitoring Engine
2026-06-10 16:15:29 | MONITORING WORKFLOW STARTED
2026-06-10 16:15:29 | MONITORING WORKFLOW COMPLETED
2026-06-10 16:15:29 | STEP 1 COMPLETED - Monitoring Engine
2026-06-10 16:15:29 | STEP 2 STARTED - Collect Monitoring Results
2026-06-10 16:15:29 | STEP 2 COMPLETED - Collect Monitoring Results
2026-06-10 16:15:29 | STEP 3 STARTED - AI Analysis
2026-06-10 16:15:35 | STEP 3 COMPLETED - AI Analysis
2026-06-10 16:15:35 | STEP 4 STARTED - Report Generation
2026-06-10 16:15:35 | STEP 4 COMPLETED - Report Generation
2026-06-10 16:15:35 | REPORT FILE CREATED: reports/incident_report_20260610_161535.txt
2026-06-10 16:15:35 | STEP 5 STARTED - Notifications
2026-06-10 16:15:35 | NOTIFICATION WORKFLOW STARTED
2026-06-10 16:15:35 | NOTIFICATION WORKFLOW COMPLETED
2026-06-10 16:15:35 | STEP 5 COMPLETED - Notifications
2026-06-10 16:15:35 | STEP 6 STARTED - Save Report
2026-06-10 16:15:35 | STEP 6 COMPLETED - Save Report
2026-06-10 16:15:35 | WORKFLOW COMPLETED
2026-06-10 16:15:35 | SCHEDULED WORKFLOW EXECUTION COMPLETED
2026-06-10 16:20:35 | SCHEDULED WORKFLOW EXECUTION STARTED
2026-06-10 16:20:35 | WORKFLOW STARTED
2026-06-10 16:20:35 | STEP 0 STARTED - Environment Validation
2026-06-10 16:20:35 | STEP 0 COMPLETED - Environment Validation
2026-06-10 16:20:35 | STEP 1 STARTED - Monitoring Engine
2026-06-10 16:20:35 | MONITORING WORKFLOW STARTED
2026-06-10 16:20:35 | MONITORING WORKFLOW COMPLETED
2026-06-10 16:20:35 | STEP 1 COMPLETED - Monitoring Engine
2026-06-10 16:20:35 | STEP 2 STARTED - Collect Monitoring Results
2026-06-10 16:20:35 | STEP 2 COMPLETED - Collect Monitoring Results
2026-06-10 16:20:35 | STEP 3 STARTED - AI Analysis
2026-06-10 16:20:39 | STEP 3 COMPLETED - AI Analysis
2026-06-10 16:20:39 | STEP 4 STARTED - Report Generation
2026-06-10 16:20:39 | STEP 4 COMPLETED - Report Generation
2026-06-10 16:20:39 | REPORT FILE CREATED: reports/incident_report_20260610_162039.txt
2026-06-10 16:20:39 | STEP 5 STARTED - Notifications
2026-06-10 16:20:39 | NOTIFICATION WORKFLOW STARTED
2026-06-10 16:20:39 | NOTIFICATION WORKFLOW COMPLETED
2026-06-10 16:20:39 | STEP 5 COMPLETED - Notifications
2026-06-10 16:20:39 | STEP 6 STARTED - Save Report
2026-06-10 16:20:39 | STEP 6 COMPLETED - Save Report
2026-06-10 16:20:39 | WORKFLOW COMPLETED
2026-06-10 16:20:39 | SCHEDULED WORKFLOW EXECUTION COMPLETED
2026-06-10 16:25:39 | SCHEDULED WORKFLOW EXECUTION STARTED
2026-06-10 16:25:39 | WORKFLOW STARTED
2026-06-10 16:25:39 | STEP 0 STARTED - Environment Validation
2026-06-10 16:25:39 | STEP 0 COMPLETED - Environment Validation
2026-06-10 16:25:39 | STEP 1 STARTED - Monitoring Engine
2026-06-10 16:25:39 | MONITORING WORKFLOW STARTED
2026-06-10 16:25:39 | MONITORING WORKFLOW COMPLETED
2026-06-10 16:25:39 | STEP 1 COMPLETED - Monitoring Engine
2026-06-10 16:25:39 | STEP 2 STARTED - Collect Monitoring Results
2026-06-10 16:25:39 | STEP 2 COMPLETED - Collect Monitoring Results
2026-06-10 16:25:39 | STEP 3 STARTED - AI Analysis
2026-06-10 16:25:47 | STEP 3 COMPLETED - AI Analysis
2026-06-10 16:25:47 | STEP 4 STARTED - Report Generation
2026-06-10 16:25:47 | STEP 4 COMPLETED - Report Generation
2026-06-10 16:25:47 | REPORT FILE CREATED: reports/incident_report_20260610_162547.txt
2026-06-10 16:25:47 | STEP 5 STARTED - Notifications
2026-06-10 16:25:47 | NOTIFICATION WORKFLOW STARTED
2026-06-10 16:25:47 | NOTIFICATION WORKFLOW COMPLETED
2026-06-10 16:25:47 | STEP 5 COMPLETED - Notifications
2026-06-10 16:25:47 | STEP 6 STARTED - Save Report
2026-06-10 16:25:47 | STEP 6 COMPLETED - Save Report
2026-06-10 16:25:47 | WORKFLOW COMPLETED
2026-06-10 16:25:47 | SCHEDULED WORKFLOW EXECUTION COMPLETED
2026-06-10 16:30:47 | SCHEDULED WORKFLOW EXECUTION STARTED
2026-06-10 16:30:47 | WORKFLOW STARTED
2026-06-10 16:30:47 | STEP 0 STARTED - Environment Validation
2026-06-10 16:30:47 | STEP 0 COMPLETED - Environment Validation
2026-06-10 16:30:47 | STEP 1 STARTED - Monitoring Engine
2026-06-10 16:30:47 | MONITORING WORKFLOW STARTED
2026-06-10 16:30:47 | MONITORING WORKFLOW COMPLETED
2026-06-10 16:30:47 | STEP 1 COMPLETED - Monitoring Engine
2026-06-10 16:30:47 | STEP 2 STARTED - Collect Monitoring Results
2026-06-10 16:30:47 | STEP 2 COMPLETED - Collect Monitoring Results
2026-06-10 16:30:47 | STEP 3 STARTED - AI Analysis
2026-06-10 16:30:58 | STEP 3 COMPLETED - AI Analysis
2026-06-10 16:30:58 | STEP 4 STARTED - Report Generation
2026-06-10 16:30:58 | STEP 4 COMPLETED - Report Generation
2026-06-10 16:30:58 | REPORT FILE CREATED: reports/incident_report_20260610_163058.txt
2026-06-10 16:30:58 | STEP 5 STARTED - Notifications
2026-06-10 16:30:58 | NOTIFICATION WORKFLOW STARTED
2026-06-10 16:30:58 | NOTIFICATION WORKFLOW COMPLETED
2026-06-10 16:30:58 | STEP 5 COMPLETED - Notifications
2026-06-10 16:30:58 | STEP 6 STARTED - Save Report
2026-06-10 16:30:58 | STEP 6 COMPLETED - Save Report
2026-06-10 16:30:58 | WORKFLOW COMPLETED
2026-06-10 16:30:58 | SCHEDULED WORKFLOW EXECUTION COMPLETED
2026-06-10 16:35:58 | SCHEDULED WORKFLOW EXECUTION STARTED
2026-06-10 16:35:58 | WORKFLOW STARTED
2026-06-10 16:35:58 | STEP 0 STARTED - Environment Validation
2026-06-10 16:35:58 | STEP 0 COMPLETED - Environment Validation
2026-06-10 16:35:58 | STEP 1 STARTED - Monitoring Engine
2026-06-10 16:35:58 | MONITORING WORKFLOW STARTED
2026-06-10 16:35:58 | MONITORING WORKFLOW COMPLETED
2026-06-10 16:35:58 | STEP 1 COMPLETED - Monitoring Engine
2026-06-10 16:35:58 | STEP 2 STARTED - Collect Monitoring Results
2026-06-10 16:35:58 | STEP 2 COMPLETED - Collect Monitoring Results
2026-06-10 16:35:58 | STEP 3 STARTED - AI Analysis
2026-06-10 16:36:03 | STEP 3 COMPLETED - AI Analysis
2026-06-10 16:36:03 | STEP 4 STARTED - Report Generation
2026-06-10 16:36:03 | STEP 4 COMPLETED - Report Generation
2026-06-10 16:36:03 | REPORT FILE CREATED: reports/incident_report_20260610_163603.txt
2026-06-10 16:36:03 | STEP 5 STARTED - Notifications
2026-06-10 16:36:03 | NOTIFICATION WORKFLOW STARTED
2026-06-10 16:36:03 | NOTIFICATION WORKFLOW COMPLETED
2026-06-10 16:36:03 | STEP 5 COMPLETED - Notifications
2026-06-10 16:36:03 | STEP 6 STARTED - Save Report
2026-06-10 16:36:03 | STEP 6 COMPLETED - Save Report
2026-06-10 16:36:03 | WORKFLOW COMPLETED
2026-06-10 16:36:03 | SCHEDULED WORKFLOW EXECUTION COMPLETED
2026-06-10 16:41:03 | SCHEDULED WORKFLOW EXECUTION STARTED
2026-06-10 16:41:03 | WORKFLOW STARTED
2026-06-10 16:41:03 | STEP 0 STARTED - Environment Validation
2026-06-10 16:41:03 | STEP 0 COMPLETED - Environment Validation
2026-06-10 16:41:03 | STEP 1 STARTED - Monitoring Engine
2026-06-10 16:41:03 | MONITORING WORKFLOW STARTED
2026-06-10 16:41:03 | MONITORING WORKFLOW COMPLETED
2026-06-10 16:41:03 | STEP 1 COMPLETED - Monitoring Engine
2026-06-10 16:41:03 | STEP 2 STARTED - Collect Monitoring Results
2026-06-10 16:41:03 | STEP 2 COMPLETED - Collect Monitoring Results
2026-06-10 16:41:03 | STEP 3 STARTED - AI Analysis
2026-06-10 16:41:12 | STEP 3 COMPLETED - AI Analysis
2026-06-10 16:41:12 | STEP 4 STARTED - Report Generation
2026-06-10 16:41:12 | STEP 4 COMPLETED - Report Generation
2026-06-10 16:41:12 | REPORT FILE CREATED: reports/incident_report_20260610_164112.txt
2026-06-10 16:41:12 | STEP 5 STARTED - Notifications
2026-06-10 16:41:12 | NOTIFICATION WORKFLOW STARTED
2026-06-10 16:41:12 | NOTIFICATION WORKFLOW COMPLETED
2026-06-10 16:41:12 | STEP 5 COMPLETED - Notifications
2026-06-10 16:41:12 | STEP 6 STARTED - Save Report
2026-06-10 16:41:12 | STEP 6 COMPLETED - Save Report
2026-06-10 16:41:12 | WORKFLOW COMPLETED
2026-06-10 16:41:12 | SCHEDULED WORKFLOW EXECUTION COMPLETED
2026-06-10 16:46:12 | SCHEDULED WORKFLOW EXECUTION STARTED
2026-06-10 16:46:12 | WORKFLOW STARTED
2026-06-10 16:46:12 | STEP 0 STARTED - Environment Validation
2026-06-10 16:46:12 | STEP 0 COMPLETED - Environment Validation
2026-06-10 16:46:12 | STEP 1 STARTED - Monitoring Engine
2026-06-10 16:46:12 | MONITORING WORKFLOW STARTED
2026-06-10 16:46:12 | MONITORING WORKFLOW COMPLETED
2026-06-10 16:46:12 | STEP 1 COMPLETED - Monitoring Engine
2026-06-10 16:46:12 | STEP 2 STARTED - Collect Monitoring Results
2026-06-10 16:46:12 | STEP 2 COMPLETED - Collect Monitoring Results
2026-06-10 16:46:12 | STEP 3 STARTED - AI Analysis
2026-06-10 16:46:21 | STEP 3 COMPLETED - AI Analysis
2026-06-10 16:46:21 | STEP 4 STARTED - Report Generation
2026-06-10 16:46:21 | STEP 4 COMPLETED - Report Generation
2026-06-10 16:46:21 | REPORT FILE CREATED: reports/incident_report_20260610_164621.txt
2026-06-10 16:46:21 | STEP 5 STARTED - Notifications
2026-06-10 16:46:21 | NOTIFICATION WORKFLOW STARTED
2026-06-10 16:46:21 | NOTIFICATION WORKFLOW COMPLETED
2026-06-10 16:46:21 | STEP 5 COMPLETED - Notifications
2026-06-10 16:46:21 | STEP 6 STARTED - Save Report
2026-06-10 16:46:21 | STEP 6 COMPLETED - Save Report
2026-06-10 16:46:21 | WORKFLOW COMPLETED
2026-06-10 16:46:21 | SCHEDULED WORKFLOW EXECUTION COMPLETED
2026-06-10 16:51:21 | SCHEDULED WORKFLOW EXECUTION STARTED
2026-06-10 16:51:21 | WORKFLOW STARTED
2026-06-10 16:51:21 | STEP 0 STARTED - Environment Validation
2026-06-10 16:51:21 | STEP 0 COMPLETED - Environment Validation
2026-06-10 16:51:21 | STEP 1 STARTED - Monitoring Engine
2026-06-10 16:51:21 | MONITORING WORKFLOW STARTED
2026-06-10 16:51:21 | MONITORING WORKFLOW COMPLETED
2026-06-10 16:51:21 | STEP 1 COMPLETED - Monitoring Engine
2026-06-10 16:51:21 | STEP 2 STARTED - Collect Monitoring Results
2026-06-10 16:51:21 | STEP 2 COMPLETED - Collect Monitoring Results
2026-06-10 16:51:21 | STEP 3 STARTED - AI Analysis
2026-06-10 16:51:27 | STEP 3 COMPLETED - AI Analysis
2026-06-10 16:51:27 | STEP 4 STARTED - Report Generation
2026-06-10 16:51:27 | STEP 4 COMPLETED - Report Generation
2026-06-10 16:51:27 | REPORT FILE CREATED: reports/incident_report_20260610_165127.txt
2026-06-10 16:51:27 | STEP 5 STARTED - Notifications
2026-06-10 16:51:27 | NOTIFICATION WORKFLOW STARTED
2026-06-10 16:51:27 | NOTIFICATION WORKFLOW COMPLETED
2026-06-10 16:51:27 | STEP 5 COMPLETED - Notifications
2026-06-10 16:51:27 | STEP 6 STARTED - Save Report
2026-06-10 16:51:27 | STEP 6 COMPLETED - Save Report
2026-06-10 16:51:27 | WORKFLOW COMPLETED
2026-06-10 16:51:27 | SCHEDULED WORKFLOW EXECUTION COMPLETED
2026-06-10 16:56:27 | SCHEDULED WORKFLOW EXECUTION STARTED
2026-06-10 16:56:27 | WORKFLOW STARTED
2026-06-10 16:56:27 | STEP 0 STARTED - Environment Validation
2026-06-10 16:56:27 | STEP 0 COMPLETED - Environment Validation
2026-06-10 16:56:27 | STEP 1 STARTED - Monitoring Engine
2026-06-10 16:56:27 | MONITORING WORKFLOW STARTED
2026-06-10 16:56:27 | MONITORING WORKFLOW COMPLETED
2026-06-10 16:56:27 | STEP 1 COMPLETED - Monitoring Engine
2026-06-10 16:56:27 | STEP 2 STARTED - Collect Monitoring Results
2026-06-10 16:56:27 | STEP 2 COMPLETED - Collect Monitoring Results
2026-06-10 16:56:27 | STEP 3 STARTED - AI Analysis
2026-06-10 16:56:38 | STEP 3 COMPLETED - AI Analysis
2026-06-10 16:56:38 | STEP 4 STARTED - Report Generation
2026-06-10 16:56:38 | STEP 4 COMPLETED - Report Generation
2026-06-10 16:56:38 | REPORT FILE CREATED: reports/incident_report_20260610_165638.txt
2026-06-10 16:56:38 | STEP 5 STARTED - Notifications
2026-06-10 16:56:38 | NOTIFICATION WORKFLOW STARTED
2026-06-10 16:56:38 | NOTIFICATION WORKFLOW COMPLETED
2026-06-10 16:56:38 | STEP 5 COMPLETED - Notifications
2026-06-10 16:56:38 | STEP 6 STARTED - Save Report
2026-06-10 16:56:38 | STEP 6 COMPLETED - Save Report
2026-06-10 16:56:38 | WORKFLOW COMPLETED
2026-06-10 16:56:38 | SCHEDULED WORKFLOW EXECUTION COMPLETED
