2026-06-26 10:10:44 | WORKFLOW STARTED
2026-06-26 10:10:44 | WORKFLOW STARTED
2026-06-26 10:10:44 | STEP 0 STARTED - Environment Validation
2026-06-26 10:10:44 | STEP 0 STARTED - Environment Validation
2026-06-26 10:10:44 | STEP 0 COMPLETED - Environment Validation
2026-06-26 10:10:44 | STEP 0 COMPLETED - Environment Validation
2026-06-26 10:10:44 | STEP 1 STARTED - Monitoring Engine
2026-06-26 10:10:44 | WORKFLOW STARTED
2026-06-26 10:10:44 | STEP 1 STARTED - Monitoring Engine
2026-06-26 10:10:44 | MONITORING WORKFLOW STARTED
2026-06-26 10:10:44 | MONITORING WORKFLOW STARTED
2026-06-26 10:10:44 | STEP 0 STARTED - Environment Validation
2026-06-26 10:10:44 | STEP 0 COMPLETED - Environment Validation
2026-06-26 10:10:44 | STEP 1 STARTED - Monitoring Engine
2026-06-26 10:10:44 | MONITORING WORKFLOW STARTED
2026-06-26 10:10:44 | MONITORING WORKFLOW COMPLETED
2026-06-26 10:10:44 | STEP 1 COMPLETED - Monitoring Engine
2026-06-26 10:10:44 | STEP 2 STARTED - Collect Monitoring Results
2026-06-26 10:10:44 | STEP 2 COMPLETED - Collect Monitoring Results
2026-06-26 10:10:44 | STEP 3 STARTED - AI Analysis
2026-06-26 10:10:45 | MONITORING WORKFLOW COMPLETED
2026-06-26 10:10:45 | STEP 1 COMPLETED - Monitoring Engine
2026-06-26 10:10:45 | STEP 2 STARTED - Collect Monitoring Results
2026-06-26 10:10:45 | STEP 2 COMPLETED - Collect Monitoring Results
2026-06-26 10:10:45 | STEP 3 STARTED - AI Analysis
2026-06-26 10:10:46 | MONITORING WORKFLOW COMPLETED
2026-06-26 10:10:46 | STEP 1 COMPLETED - Monitoring Engine
2026-06-26 10:10:46 | STEP 2 STARTED - Collect Monitoring Results
2026-06-26 10:10:46 | STEP 2 COMPLETED - Collect Monitoring Results
2026-06-26 10:10:46 | STEP 3 STARTED - AI Analysis
2026-06-26 10:10:47 | AI RESULT STATUS: FALLBACK
2026-06-26 10:10:48 | STEP 3A STARTED - Agent Execution
2026-06-26 10:10:48 | ACTION SAVED TO REPOSITORY
2026-06-26 10:10:48 | ACTION SAVED TO REPOSITORY
2026-06-26 10:10:48 | AGENT RISK: LOW
2026-06-26 10:10:48 | AGENT RECOMMENDATION: System healthy. Continue monitoring.
2026-06-26 10:10:48 | STEP 3A COMPLETED - Agent Execution
2026-06-26 10:10:48 | STEP 3 COMPLETED - AI Analysis
2026-06-26 10:10:48 | STEP 3B STARTED - SQL Action Generation
2026-06-26 10:10:48 | SQL ACTION: NO_ACTION
2026-06-26 10:10:48 | STEP 3B COMPLETED - SQL Action Generation
2026-06-26 10:10:48 | STEP 3C STARTED - SQL Risk Analysis
2026-06-26 10:10:48 | SQL RISK: {'risk': 'NONE', 'approval_required': False, 'destructive': False, 'rollback_required': False}
2026-06-26 10:10:48 | STEP 3C COMPLETED - SQL Risk Analysis
2026-06-26 10:10:48 | STEP 3D STARTED - SQL Validation
2026-06-26 10:10:48 | SQL VALIDATION: {'approved': False, 'reason': 'No SQL Action Required'}
2026-06-26 10:10:48 | STEP 3D COMPLETED - SQL Validation
2026-06-26 10:10:48 | STEP 4 STARTED - Governance Review
2026-06-26 10:10:48 | GOVERNANCE REVIEW SKIPPED - NO APPROVAL REQUIRED
2026-06-26 10:10:48 | STEP 4 COMPLETED - Governance Review
2026-06-26 10:10:48 | STEP 4A STARTED - SQL Execution
2026-06-26 10:10:48 | ACTION SAVED TO REPOSITORY
2026-06-26 10:10:48 | SQL EXECUTION: {'status': 'SKIPPED', 'reason': 'No SQL Action Required'}
2026-06-26 10:10:48 | STEP 4A COMPLETED - SQL Execution
2026-06-26 10:10:48 | STEP 4B STARTED - Execution Verification
2026-06-26 10:10:48 | VERIFICATION RESULT: {'verification_status': 'NOT_REQUIRED', 'issue_resolved': True, 'confidence': 100}
2026-06-26 10:10:48 | STEP 4B COMPLETED - Execution Verification
2026-06-26 10:10:48 | STEP 4C STARTED - Remediation Execution
2026-06-26 10:10:48 | ACTION SAVED TO REPOSITORY
2026-06-26 10:10:48 | REMEDIATION RESULT: {'status': 'SKIPPED', 'reason': 'System Healthy'}
2026-06-26 10:10:48 | STEP 4C COMPLETED - Remediation Execution
2026-06-26 10:10:49 | STEP 5 STARTED - Report Generation
2026-06-26 10:10:51 | STEP 5 COMPLETED - Report Generation
2026-06-26 10:10:51 | REPORT FILE CREATED: excel_reports/DBA_Monthly_Report_2026_06.xlsx
2026-06-26 10:10:51 | STEP 6 STARTED - Incident Repository
2026-06-26 10:10:51 | INCIDENT SAVED TO REPOSITORY
2026-06-26 10:10:51 | STEP 6 COMPLETED - Incident Repository
2026-06-26 10:10:51 | STEP 7 STARTED - Notifications
2026-06-26 10:10:51 | ACTION SAVED TO REPOSITORY
2026-06-26 10:10:51 | STEP 7 COMPLETED - Notifications
2026-06-26 10:10:51 | STEP 8 STARTED - Save Report
2026-06-26 10:10:51 | STEP 8 COMPLETED - Save Report
2026-06-26 10:10:51 | WORKFLOW COMPLETED
2026-06-26 10:10:52 | AI RESULT STATUS: FALLBACK
2026-06-26 10:10:52 | STEP 3A STARTED - Agent Execution
2026-06-26 10:10:52 | AI RESULT STATUS: FALLBACK
2026-06-26 10:10:52 | STEP 3A STARTED - Agent Execution
2026-06-26 10:10:52 | ACTION SAVED TO REPOSITORY
2026-06-26 10:10:52 | ACTION SAVED TO REPOSITORY
2026-06-26 10:10:53 | ACTION SAVED TO REPOSITORY
2026-06-26 10:10:53 | ACTION SAVED TO REPOSITORY
2026-06-26 10:10:53 | AGENT RISK: LOW
2026-06-26 10:10:53 | AGENT RISK: LOW
2026-06-26 10:10:53 | AGENT RECOMMENDATION: System healthy. Continue monitoring.
2026-06-26 10:10:53 | AGENT RECOMMENDATION: System healthy. Continue monitoring.
2026-06-26 10:10:53 | STEP 3A COMPLETED - Agent Execution
2026-06-26 10:10:53 | STEP 3A COMPLETED - Agent Execution
2026-06-26 10:10:53 | STEP 3 COMPLETED - AI Analysis
2026-06-26 10:10:53 | STEP 3B STARTED - SQL Action Generation
2026-06-26 10:10:53 | STEP 3B STARTED - SQL Action Generation
2026-06-26 10:10:53 | SQL ACTION: NO_ACTION
2026-06-26 10:10:53 | SQL ACTION: NO_ACTION
2026-06-26 10:10:53 | STEP 3B COMPLETED - SQL Action Generation
2026-06-26 10:10:53 | STEP 3B COMPLETED - SQL Action Generation
2026-06-26 10:10:53 | STEP 3C STARTED - SQL Risk Analysis
2026-06-26 10:10:53 | STEP 3C STARTED - SQL Risk Analysis
2026-06-26 10:10:53 | SQL RISK: {'risk': 'NONE', 'approval_required': False, 'destructive': False, 'rollback_required': False}
2026-06-26 10:10:53 | SQL RISK: {'risk': 'NONE', 'approval_required': False, 'destructive': False, 'rollback_required': False}
2026-06-26 10:10:53 | STEP 3C COMPLETED - SQL Risk Analysis
2026-06-26 10:10:53 | STEP 3C COMPLETED - SQL Risk Analysis
2026-06-26 10:10:53 | STEP 3D STARTED - SQL Validation
2026-06-26 10:10:53 | STEP 3D STARTED - SQL Validation
2026-06-26 10:10:53 | SQL VALIDATION: {'approved': False, 'reason': 'No SQL Action Required'}
2026-06-26 10:10:53 | SQL VALIDATION: {'approved': False, 'reason': 'No SQL Action Required'}
2026-06-26 10:10:53 | STEP 3D COMPLETED - SQL Validation
2026-06-26 10:10:53 | STEP 3D COMPLETED - SQL Validation
2026-06-26 10:10:53 | STEP 4 STARTED - Governance Review
2026-06-26 10:10:53 | STEP 4 STARTED - Governance Review
2026-06-26 10:10:53 | GOVERNANCE REVIEW SKIPPED - NO APPROVAL REQUIRED
2026-06-26 10:10:53 | GOVERNANCE REVIEW SKIPPED - NO APPROVAL REQUIRED
2026-06-26 10:10:53 | STEP 4 COMPLETED - Governance Review
2026-06-26 10:10:53 | STEP 4A STARTED - SQL Execution
iew
2026-06-26 10:10:53 | STEP 4A STARTED - SQL Execution
2026-06-26 10:10:53 | ACTION SAVED TO REPOSITORY
2026-06-26 10:10:53 | ACTION SAVED TO REPOSITORY
2026-06-26 10:10:53 | SQL EXECUTION: {'status': 'SKIPPED', 'reason': 'No SQL Action Required'}
2026-06-26 10:10:53 | SQL EXECUTION: {'status': 'SKIPPED', 'reason': 'No SQL Action Required'}
2026-06-26 10:10:53 | STEP 4A COMPLETED - SQL Execution
2026-06-26 10:10:53 | STEP 4A COMPLETED - SQL Execution
2026-06-26 10:10:53 | STEP 4B STARTED - Execution Verification
2026-06-26 10:10:53 | STEP 4B STARTED - Execution Verification
2026-06-26 10:10:53 | VERIFICATION RESULT: {'verification_status': 'NOT_REQUIRED', 'issue_resolved': True, 'confidence': 100}
2026-06-26 10:10:53 | VERIFICATION RESULT: {'verification_status': 'NOT_REQUIRED', 'issue_resolved': True, 'confidence': 100}
2026-06-26 10:10:53 | STEP 4B COMPLETED - Execution Verification
2026-06-26 10:10:53 | STEP 4B COMPLETED - Execution Verification
2026-06-26 10:10:53 | STEP 4C STARTED - Remediation Execution
2026-06-26 10:10:53 | STEP 4C STARTED - Remediation Execution
2026-06-26 10:10:53 | ACTION SAVED TO REPOSITORY
2026-06-26 10:10:53 | ACTION SAVED TO REPOSITORY
2026-06-26 10:10:53 | REMEDIATION RESULT: {'status': 'SKIPPED', 'reason': 'System Healthy'}
2026-06-26 10:10:53 | REMEDIATION RESULT: {'status': 'SKIPPED', 'reason': 'System Healthy'}
2026-06-26 10:10:53 | STEP 4C COMPLETED - Remediation Execution
2026-06-26 10:10:53 | STEP 4C COMPLETED - Remediation Execution
2026-06-26 10:10:53 | STEP 5 STARTED - Report Generation
2026-06-26 10:10:53 | STEP 5 STARTED - Report Generation
2026-06-26 10:10:56 | STEP 5 COMPLETED - Report Generation
2026-06-26 10:10:56 | REPORT FILE CREATED: excel_reports/DBA_Monthly_Report_2026_06.xlsx
2026-06-26 10:10:56 | STEP 6 STARTED - Incident Repository
2026-06-26 10:10:56 | INCIDENT SAVED TO REPOSITORY
2026-06-26 10:10:56 | STEP 6 COMPLETED - Incident Repository
2026-06-26 10:10:56 | STEP 7 STARTED - Notifications
2026-06-26 10:10:56 | STEP 5 COMPLETED - Report Generation
2026-06-26 10:10:56 | REPORT FILE CREATED: excel_reports/DBA_Monthly_Report_2026_06.xlsx
2026-06-26 10:10:56 | ACTION SAVED TO REPOSITORY
2026-06-26 10:10:56 | STEP 6 STARTED - Incident Repository
2026-06-26 10:10:56 | STEP 7 COMPLETED - Notifications
2026-06-26 10:10:56 | STEP 8 STARTED - Save Report
2026-06-26 10:10:56 | STEP 8 COMPLETED - Save Report
2026-06-26 10:10:56 | WORKFLOW COMPLETED
2026-06-26 10:10:56 | INCIDENT SAVED TO REPOSITORY
2026-06-26 10:10:56 | STEP 6 COMPLETED - Incident Repository
2026-06-26 10:10:56 | STEP 7 STARTED - Notifications
2026-06-26 10:10:57 | ACTION SAVED TO REPOSITORY
2026-06-26 10:10:57 | STEP 7 COMPLETED - Notifications
2026-06-26 10:10:57 | STEP 8 STARTED - Save Report
2026-06-26 10:10:57 | STEP 8 COMPLETED - Save Report
2026-06-26 10:10:57 | WORKFLOW COMPLETED
2026-06-26 10:16:16 | WORKFLOW STARTED
2026-06-26 10:16:16 | STEP 0 STARTED - Environment Validation
2026-06-26 10:16:16 | STEP 0 COMPLETED - Environment Validation
2026-06-26 10:16:16 | STEP 1 STARTED - Monitoring Engine
2026-06-26 10:16:16 | MONITORING WORKFLOW STARTED
2026-06-26 10:16:16 | MONITORING WORKFLOW COMPLETED
2026-06-26 10:16:16 | STEP 1 COMPLETED - Monitoring Engine
2026-06-26 10:16:16 | STEP 2 STARTED - Collect Monitoring Results
2026-06-26 10:16:16 | STEP 2 COMPLETED - Collect Monitoring Results
2026-06-26 10:16:16 | STEP 3 STARTED - AI Analysis
2026-06-26 10:16:18 | AI RESULT STATUS: FALLBACK
2026-06-26 10:16:18 | STEP 3A STARTED - Agent Execution
2026-06-26 10:16:18 | ACTION SAVED TO REPOSITORY
2026-06-26 10:16:18 | ACTION SAVED TO REPOSITORY
2026-06-26 10:16:18 | AGENT RISK: LOW
2026-06-26 10:16:18 | AGENT RECOMMENDATION: System healthy. Continue monitoring.
2026-06-26 10:16:18 | STEP 3A COMPLETED - Agent Execution
2026-06-26 10:16:18 | STEP 3 COMPLETED - AI Analysis
2026-06-26 10:16:18 | STEP 3B STARTED - SQL Action Generation
2026-06-26 10:16:18 | SQL ACTION: NO_ACTION
2026-06-26 10:16:18 | STEP 3B COMPLETED - SQL Action Generation
2026-06-26 10:16:18 | STEP 3C STARTED - SQL Risk Analysis
2026-06-26 10:16:18 | SQL RISK: {'risk': 'NONE', 'approval_required': False, 'destructive': False, 'rollback_required': False}
2026-06-26 10:16:18 | STEP 3C COMPLETED - SQL Risk Analysis
2026-06-26 10:16:18 | STEP 3D STARTED - SQL Validation
2026-06-26 10:16:18 | SQL VALIDATION: {'approved': False, 'reason': 'No SQL Action Required'}
2026-06-26 10:16:18 | STEP 3D COMPLETED - SQL Validation
2026-06-26 10:16:18 | STEP 4 STARTED - Governance Review
2026-06-26 10:16:18 | GOVERNANCE REVIEW SKIPPED - NO APPROVAL REQUIRED
2026-06-26 10:16:18 | STEP 4 COMPLETED - Governance Review
2026-06-26 10:16:18 | STEP 4A STARTED - SQL Execution
2026-06-26 10:16:18 | ACTION SAVED TO REPOSITORY
2026-06-26 10:16:18 | SQL EXECUTION: {'status': 'SKIPPED', 'reason': 'No SQL Action Required'}
2026-06-26 10:16:18 | STEP 4A COMPLETED - SQL Execution
2026-06-26 10:16:18 | STEP 4B STARTED - Execution Verification
2026-06-26 10:16:18 | VERIFICATION RESULT: {'verification_status': 'NOT_REQUIRED', 'issue_resolved': True, 'confidence': 100}
2026-06-26 10:16:18 | STEP 4B COMPLETED - Execution Verification
2026-06-26 10:16:18 | STEP 4C STARTED - Remediation Execution
2026-06-26 10:16:18 | ACTION SAVED TO REPOSITORY
2026-06-26 10:16:18 | REMEDIATION RESULT: {'status': 'SKIPPED', 'reason': 'System Healthy'}
2026-06-26 10:16:18 | STEP 4C COMPLETED - Remediation Execution
2026-06-26 10:16:18 | STEP 5 STARTED - Report Generation
2026-06-26 10:16:21 | STEP 5 COMPLETED - Report Generation
2026-06-26 10:16:21 | REPORT FILE CREATED: excel_reports/DBA_Monthly_Report_2026_06.xlsx
2026-06-26 10:16:21 | STEP 6 STARTED - Incident Repository
2026-06-26 10:16:21 | INCIDENT SAVED TO REPOSITORY
2026-06-26 10:16:21 | STEP 6 COMPLETED - Incident Repository
2026-06-26 10:16:21 | STEP 7 STARTED - Notifications
2026-06-26 10:16:21 | ACTION SAVED TO REPOSITORY
2026-06-26 10:16:21 | STEP 7 COMPLETED - Notifications
2026-06-26 10:16:21 | STEP 8 STARTED - Save Report
2026-06-26 10:16:21 | STEP 8 COMPLETED - Save Report
2026-06-26 10:16:21 | WORKFLOW COMPLETED
