2026-06-11 11:26:20 | SCHEDULED WORKFLOW EXECUTION STARTED
2026-06-11 11:26:20 | WORKFLOW STARTED
2026-06-11 11:26:20 | STEP 0 STARTED - Environment Validation
2026-06-11 11:26:20 | STEP 0 COMPLETED - Environment Validation
2026-06-11 11:26:20 | STEP 1 STARTED - Monitoring Engine
2026-06-11 11:26:20 | MONITORING WORKFLOW STARTED
2026-06-11 11:26:21 | MONITORING WORKFLOW COMPLETED
2026-06-11 11:26:21 | STEP 1 COMPLETED - Monitoring Engine
2026-06-11 11:26:21 | STEP 2 STARTED - Collect Monitoring Results
2026-06-11 11:26:21 | STEP 2 COMPLETED - Collect Monitoring Results
2026-06-11 11:26:21 | STEP 3 STARTED - AI Analysis
2026-06-11 11:26:29 | STEP 3 COMPLETED - AI Analysis
2026-06-11 11:26:29 | STEP 4 STARTED - Report Generation
2026-06-11 11:26:29 | STEP 4 COMPLETED - Report Generation
2026-06-11 11:26:29 | REPORT FILE CREATED: reports/incident_report_20260611_112629.txt
2026-06-11 11:26:29 | STEP 5 STARTED - Notifications
2026-06-11 11:26:29 | NOTIFICATION WORKFLOW STARTED
2026-06-11 11:26:30 | NOTIFICATION WORKFLOW COMPLETED
2026-06-11 11:26:30 | STEP 5 COMPLETED - Notifications
2026-06-11 11:26:30 | STEP 6 STARTED - Save Report
2026-06-11 11:26:30 | STEP 6 COMPLETED - Save Report
2026-06-11 11:26:30 | WORKFLOW COMPLETED
2026-06-11 11:26:30 | SCHEDULED WORKFLOW EXECUTION COMPLETED
2026-06-11 11:31:30 | SCHEDULED WORKFLOW EXECUTION STARTED
2026-06-11 11:31:30 | WORKFLOW STARTED
2026-06-11 11:31:30 | STEP 0 STARTED - Environment Validation
2026-06-11 11:31:30 | STEP 0 COMPLETED - Environment Validation
2026-06-11 11:31:30 | STEP 1 STARTED - Monitoring Engine
2026-06-11 11:31:30 | MONITORING WORKFLOW STARTED
2026-06-11 11:31:30 | MONITORING WORKFLOW COMPLETED
2026-06-11 11:31:30 | STEP 1 COMPLETED - Monitoring Engine
2026-06-11 11:31:30 | STEP 2 STARTED - Collect Monitoring Results
2026-06-11 11:31:30 | STEP 2 COMPLETED - Collect Monitoring Results
2026-06-11 11:31:30 | STEP 3 STARTED - AI Analysis
2026-06-11 11:31:39 | STEP 3 COMPLETED - AI Analysis
2026-06-11 11:31:39 | STEP 4 STARTED - Report Generation
2026-06-11 11:31:39 | STEP 4 COMPLETED - Report Generation
2026-06-11 11:31:39 | REPORT FILE CREATED: reports/incident_report_20260611_113139.txt
2026-06-11 11:31:39 | STEP 5 STARTED - Notifications
2026-06-11 11:31:39 | NOTIFICATION WORKFLOW STARTED
2026-06-11 11:31:39 | NOTIFICATION WORKFLOW COMPLETED
2026-06-11 11:31:39 | STEP 5 COMPLETED - Notifications
2026-06-11 11:31:39 | STEP 6 STARTED - Save Report
2026-06-11 11:31:39 | STEP 6 COMPLETED - Save Report
2026-06-11 11:31:39 | WORKFLOW COMPLETED
2026-06-11 11:31:39 | SCHEDULED WORKFLOW EXECUTION COMPLETED
2026-06-11 11:36:39 | SCHEDULED WORKFLOW EXECUTION STARTED
2026-06-11 11:36:39 | WORKFLOW STARTED
2026-06-11 11:36:39 | STEP 0 STARTED - Environment Validation
2026-06-11 11:36:39 | STEP 0 COMPLETED - Environment Validation
2026-06-11 11:36:39 | STEP 1 STARTED - Monitoring Engine
2026-06-11 11:36:39 | MONITORING WORKFLOW STARTED
2026-06-11 11:36:39 | MONITORING WORKFLOW COMPLETED
2026-06-11 11:36:39 | STEP 1 COMPLETED - Monitoring Engine
2026-06-11 11:36:39 | STEP 2 STARTED - Collect Monitoring Results
2026-06-11 11:36:39 | STEP 2 COMPLETED - Collect Monitoring Results
2026-06-11 11:36:39 | STEP 3 STARTED - AI Analysis
2026-06-11 11:36:46 | STEP 3 COMPLETED - AI Analysis
2026-06-11 11:36:46 | STEP 4 STARTED - Report Generation
2026-06-11 11:36:46 | STEP 4 COMPLETED - Report Generation
2026-06-11 11:36:46 | REPORT FILE CREATED: reports/incident_report_20260611_113646.txt
2026-06-11 11:36:46 | STEP 5 STARTED - Notifications
2026-06-11 11:36:46 | NOTIFICATION WORKFLOW STARTED
2026-06-11 11:36:46 | NOTIFICATION WORKFLOW COMPLETED
2026-06-11 11:36:46 | STEP 5 COMPLETED - Notifications
2026-06-11 11:36:46 | STEP 6 STARTED - Save Report
2026-06-11 11:36:46 | STEP 6 COMPLETED - Save Report
2026-06-11 11:36:46 | WORKFLOW COMPLETED
2026-06-11 11:36:46 | SCHEDULED WORKFLOW EXECUTION COMPLETED
2026-06-11 11:41:46 | SCHEDULED WORKFLOW EXECUTION STARTED
2026-06-11 11:41:46 | WORKFLOW STARTED
2026-06-11 11:41:46 | STEP 0 STARTED - Environment Validation
2026-06-11 11:41:46 | STEP 0 COMPLETED - Environment Validation
2026-06-11 11:41:46 | STEP 1 STARTED - Monitoring Engine
2026-06-11 11:41:46 | MONITORING WORKFLOW STARTED
2026-06-11 11:41:46 | MONITORING WORKFLOW COMPLETED
2026-06-11 11:41:46 | STEP 1 COMPLETED - Monitoring Engine
2026-06-11 11:41:46 | STEP 2 STARTED - Collect Monitoring Results
2026-06-11 11:41:46 | STEP 2 COMPLETED - Collect Monitoring Results
2026-06-11 11:41:46 | STEP 3 STARTED - AI Analysis
2026-06-11 11:41:50 | STEP 3 COMPLETED - AI Analysis
2026-06-11 11:41:50 | STEP 4 STARTED - Report Generation
2026-06-11 11:41:50 | STEP 4 COMPLETED - Report Generation
2026-06-11 11:41:50 | REPORT FILE CREATED: reports/incident_report_20260611_114150.txt
2026-06-11 11:41:50 | STEP 5 STARTED - Notifications
2026-06-11 11:41:50 | NOTIFICATION WORKFLOW STARTED
2026-06-11 11:41:50 | NOTIFICATION WORKFLOW COMPLETED
2026-06-11 11:41:50 | STEP 5 COMPLETED - Notifications
2026-06-11 11:41:50 | STEP 6 STARTED - Save Report
2026-06-11 11:41:51 | STEP 6 COMPLETED - Save Report
2026-06-11 11:41:51 | WORKFLOW COMPLETED
2026-06-11 11:41:51 | SCHEDULED WORKFLOW EXECUTION COMPLETED
2026-06-11 11:46:51 | SCHEDULED WORKFLOW EXECUTION STARTED
2026-06-11 11:46:51 | WORKFLOW STARTED
2026-06-11 11:46:51 | STEP 0 STARTED - Environment Validation
2026-06-11 11:46:51 | STEP 0 COMPLETED - Environment Validation
2026-06-11 11:46:51 | STEP 1 STARTED - Monitoring Engine
2026-06-11 11:46:51 | MONITORING WORKFLOW STARTED
2026-06-11 11:46:51 | MONITORING WORKFLOW COMPLETED
2026-06-11 11:46:51 | STEP 1 COMPLETED - Monitoring Engine
2026-06-11 11:46:51 | STEP 2 STARTED - Collect Monitoring Results
2026-06-11 11:46:51 | STEP 2 COMPLETED - Collect Monitoring Results
2026-06-11 11:46:51 | STEP 3 STARTED - AI Analysis
2026-06-11 11:46:59 | STEP 3 COMPLETED - AI Analysis
2026-06-11 11:46:59 | STEP 4 STARTED - Report Generation
2026-06-11 11:46:59 | STEP 4 COMPLETED - Report Generation
2026-06-11 11:46:59 | REPORT FILE CREATED: reports/incident_report_20260611_114659.txt
2026-06-11 11:46:59 | STEP 5 STARTED - Notifications
2026-06-11 11:46:59 | NOTIFICATION WORKFLOW STARTED
2026-06-11 11:46:59 | NOTIFICATION WORKFLOW COMPLETED
2026-06-11 11:46:59 | STEP 5 COMPLETED - Notifications
2026-06-11 11:46:59 | STEP 6 STARTED - Save Report
2026-06-11 11:46:59 | STEP 6 COMPLETED - Save Report
2026-06-11 11:46:59 | WORKFLOW COMPLETED
2026-06-11 11:46:59 | SCHEDULED WORKFLOW EXECUTION COMPLETED
2026-06-11 11:51:59 | SCHEDULED WORKFLOW EXECUTION STARTED
2026-06-11 11:52:00 | WORKFLOW STARTED
2026-06-11 11:52:00 | STEP 0 STARTED - Environment Validation
2026-06-11 11:52:00 | STEP 0 COMPLETED - Environment Validation
2026-06-11 11:52:00 | STEP 1 STARTED - Monitoring Engine
2026-06-11 11:52:00 | MONITORING WORKFLOW STARTED
2026-06-11 11:52:00 | MONITORING WORKFLOW COMPLETED
2026-06-11 11:52:00 | STEP 1 COMPLETED - Monitoring Engine
2026-06-11 11:52:00 | STEP 2 STARTED - Collect Monitoring Results
2026-06-11 11:52:00 | STEP 2 COMPLETED - Collect Monitoring Results
2026-06-11 11:52:00 | STEP 3 STARTED - AI Analysis
2026-06-11 11:52:07 | STEP 3 COMPLETED - AI Analysis
2026-06-11 11:52:07 | STEP 4 STARTED - Report Generation
2026-06-11 11:52:07 | STEP 4 COMPLETED - Report Generation
2026-06-11 11:52:07 | REPORT FILE CREATED: reports/incident_report_20260611_115207.txt
2026-06-11 11:52:07 | STEP 5 STARTED - Notifications
2026-06-11 11:52:07 | NOTIFICATION WORKFLOW STARTED
2026-06-11 11:52:07 | NOTIFICATION WORKFLOW COMPLETED
2026-06-11 11:52:07 | STEP 5 COMPLETED - Notifications
2026-06-11 11:52:07 | STEP 6 STARTED - Save Report
2026-06-11 11:52:07 | STEP 6 COMPLETED - Save Report
2026-06-11 11:52:07 | WORKFLOW COMPLETED
2026-06-11 11:52:07 | SCHEDULED WORKFLOW EXECUTION COMPLETED
2026-06-11 11:57:07 | SCHEDULED WORKFLOW EXECUTION STARTED
2026-06-11 11:57:07 | WORKFLOW STARTED
2026-06-11 11:57:07 | STEP 0 STARTED - Environment Validation
2026-06-11 11:57:07 | STEP 0 COMPLETED - Environment Validation
2026-06-11 11:57:07 | STEP 1 STARTED - Monitoring Engine
2026-06-11 11:57:07 | MONITORING WORKFLOW STARTED
2026-06-11 11:57:07 | MONITORING WORKFLOW COMPLETED
2026-06-11 11:57:07 | STEP 1 COMPLETED - Monitoring Engine
2026-06-11 11:57:07 | STEP 2 STARTED - Collect Monitoring Results
2026-06-11 11:57:07 | STEP 2 COMPLETED - Collect Monitoring Results
2026-06-11 11:57:07 | STEP 3 STARTED - AI Analysis
2026-06-11 11:57:16 | STEP 3 COMPLETED - AI Analysis
2026-06-11 11:57:16 | STEP 4 STARTED - Report Generation
2026-06-11 11:57:16 | STEP 4 COMPLETED - Report Generation
2026-06-11 11:57:16 | REPORT FILE CREATED: reports/incident_report_20260611_115716.txt
2026-06-11 11:57:16 | STEP 5 STARTED - Notifications
2026-06-11 11:57:16 | NOTIFICATION WORKFLOW STARTED
2026-06-11 11:57:16 | NOTIFICATION WORKFLOW COMPLETED
2026-06-11 11:57:16 | STEP 5 COMPLETED - Notifications
2026-06-11 11:57:16 | STEP 6 STARTED - Save Report
2026-06-11 11:57:16 | STEP 6 COMPLETED - Save Report
2026-06-11 11:57:16 | WORKFLOW COMPLETED
2026-06-11 11:57:16 | SCHEDULED WORKFLOW EXECUTION COMPLETED
2026-06-11 12:02:16 | SCHEDULED WORKFLOW EXECUTION STARTED
2026-06-11 12:02:16 | WORKFLOW STARTED
2026-06-11 12:02:16 | STEP 0 STARTED - Environment Validation
2026-06-11 12:02:16 | STEP 0 COMPLETED - Environment Validation
2026-06-11 12:02:16 | STEP 1 STARTED - Monitoring Engine
2026-06-11 12:02:16 | MONITORING WORKFLOW STARTED
2026-06-11 12:02:16 | MONITORING WORKFLOW COMPLETED
2026-06-11 12:02:16 | STEP 1 COMPLETED - Monitoring Engine
2026-06-11 12:02:16 | STEP 2 STARTED - Collect Monitoring Results
2026-06-11 12:02:16 | STEP 2 COMPLETED - Collect Monitoring Results
2026-06-11 12:02:16 | STEP 3 STARTED - AI Analysis
2026-06-11 12:02:25 | STEP 3 COMPLETED - AI Analysis
2026-06-11 12:02:25 | STEP 4 STARTED - Report Generation
2026-06-11 12:02:25 | STEP 4 COMPLETED - Report Generation
2026-06-11 12:02:25 | REPORT FILE CREATED: reports/incident_report_20260611_120225.txt
2026-06-11 12:02:25 | STEP 5 STARTED - Notifications
2026-06-11 12:02:25 | NOTIFICATION WORKFLOW STARTED
2026-06-11 12:02:25 | NOTIFICATION WORKFLOW COMPLETED
2026-06-11 12:02:25 | STEP 5 COMPLETED - Notifications
2026-06-11 12:02:25 | STEP 6 STARTED - Save Report
2026-06-11 12:02:25 | STEP 6 COMPLETED - Save Report
2026-06-11 12:02:25 | WORKFLOW COMPLETED
2026-06-11 12:02:25 | SCHEDULED WORKFLOW EXECUTION COMPLETED
2026-06-11 12:07:25 | SCHEDULED WORKFLOW EXECUTION STARTED
2026-06-11 12:07:25 | WORKFLOW STARTED
2026-06-11 12:07:25 | STEP 0 STARTED - Environment Validation
2026-06-11 12:07:25 | STEP 0 COMPLETED - Environment Validation
2026-06-11 12:07:25 | STEP 1 STARTED - Monitoring Engine
2026-06-11 12:07:25 | MONITORING WORKFLOW STARTED
2026-06-11 12:07:25 | MONITORING WORKFLOW COMPLETED
2026-06-11 12:07:25 | STEP 1 COMPLETED - Monitoring Engine
2026-06-11 12:07:25 | STEP 2 STARTED - Collect Monitoring Results
2026-06-11 12:07:25 | STEP 2 COMPLETED - Collect Monitoring Results
2026-06-11 12:07:25 | STEP 3 STARTED - AI Analysis
2026-06-11 12:07:31 | STEP 3 COMPLETED - AI Analysis
2026-06-11 12:07:31 | STEP 4 STARTED - Report Generation
2026-06-11 12:07:31 | STEP 4 COMPLETED - Report Generation
2026-06-11 12:07:31 | REPORT FILE CREATED: reports/incident_report_20260611_120731.txt
2026-06-11 12:07:31 | STEP 5 STARTED - Notifications
2026-06-11 12:07:31 | NOTIFICATION WORKFLOW STARTED
2026-06-11 12:07:31 | NOTIFICATION WORKFLOW COMPLETED
2026-06-11 12:07:31 | STEP 5 COMPLETED - Notifications
2026-06-11 12:07:31 | STEP 6 STARTED - Save Report
2026-06-11 12:07:31 | STEP 6 COMPLETED - Save Report
2026-06-11 12:07:31 | WORKFLOW COMPLETED
2026-06-11 12:07:31 | SCHEDULED WORKFLOW EXECUTION COMPLETED
2026-06-11 12:12:31 | SCHEDULED WORKFLOW EXECUTION STARTED
2026-06-11 12:12:31 | WORKFLOW STARTED
2026-06-11 12:12:31 | STEP 0 STARTED - Environment Validation
2026-06-11 12:12:31 | STEP 0 COMPLETED - Environment Validation
2026-06-11 12:12:31 | STEP 1 STARTED - Monitoring Engine
2026-06-11 12:12:31 | MONITORING WORKFLOW STARTED
2026-06-11 12:12:31 | MONITORING WORKFLOW COMPLETED
2026-06-11 12:12:31 | STEP 1 COMPLETED - Monitoring Engine
2026-06-11 12:12:31 | STEP 2 STARTED - Collect Monitoring Results
2026-06-11 12:12:31 | STEP 2 COMPLETED - Collect Monitoring Results
2026-06-11 12:12:31 | STEP 3 STARTED - AI Analysis
2026-06-11 12:12:36 | STEP 3 COMPLETED - AI Analysis
2026-06-11 12:12:36 | STEP 4 STARTED - Report Generation
2026-06-11 12:12:36 | STEP 4 COMPLETED - Report Generation
2026-06-11 12:12:36 | REPORT FILE CREATED: reports/incident_report_20260611_121236.txt
2026-06-11 12:12:36 | STEP 5 STARTED - Notifications
2026-06-11 12:12:36 | NOTIFICATION WORKFLOW STARTED
2026-06-11 12:12:36 | NOTIFICATION WORKFLOW COMPLETED
2026-06-11 12:12:36 | STEP 5 COMPLETED - Notifications
2026-06-11 12:12:36 | STEP 6 STARTED - Save Report
2026-06-11 12:12:36 | STEP 6 COMPLETED - Save Report
2026-06-11 12:12:36 | WORKFLOW COMPLETED
2026-06-11 12:12:36 | SCHEDULED WORKFLOW EXECUTION COMPLETED
2026-06-11 12:17:36 | SCHEDULED WORKFLOW EXECUTION STARTED
2026-06-11 12:17:36 | WORKFLOW STARTED
2026-06-11 12:17:36 | STEP 0 STARTED - Environment Validation
2026-06-11 12:17:36 | STEP 0 COMPLETED - Environment Validation
2026-06-11 12:17:36 | STEP 1 STARTED - Monitoring Engine
2026-06-11 12:17:36 | MONITORING WORKFLOW STARTED
2026-06-11 12:17:37 | MONITORING WORKFLOW COMPLETED
2026-06-11 12:17:37 | STEP 1 COMPLETED - Monitoring Engine
2026-06-11 12:17:37 | STEP 2 STARTED - Collect Monitoring Results
2026-06-11 12:17:37 | STEP 2 COMPLETED - Collect Monitoring Results
2026-06-11 12:17:37 | STEP 3 STARTED - AI Analysis
2026-06-11 12:17:44 | STEP 3 COMPLETED - AI Analysis
2026-06-11 12:17:44 | STEP 4 STARTED - Report Generation
2026-06-11 12:17:44 | STEP 4 COMPLETED - Report Generation
2026-06-11 12:17:44 | REPORT FILE CREATED: reports/incident_report_20260611_121744.txt
2026-06-11 12:17:44 | STEP 5 STARTED - Notifications
2026-06-11 12:17:44 | NOTIFICATION WORKFLOW STARTED
2026-06-11 12:17:44 | NOTIFICATION WORKFLOW COMPLETED
2026-06-11 12:17:44 | STEP 5 COMPLETED - Notifications
2026-06-11 12:17:44 | STEP 6 STARTED - Save Report
2026-06-11 12:17:44 | STEP 6 COMPLETED - Save Report
2026-06-11 12:17:44 | WORKFLOW COMPLETED
2026-06-11 12:17:44 | SCHEDULED WORKFLOW EXECUTION COMPLETED
2026-06-11 12:22:44 | SCHEDULED WORKFLOW EXECUTION STARTED
2026-06-11 12:22:44 | WORKFLOW STARTED
2026-06-11 12:22:44 | STEP 0 STARTED - Environment Validation
2026-06-11 12:22:44 | STEP 0 COMPLETED - Environment Validation
2026-06-11 12:22:44 | STEP 1 STARTED - Monitoring Engine
2026-06-11 12:22:44 | MONITORING WORKFLOW STARTED
2026-06-11 12:22:44 | MONITORING WORKFLOW COMPLETED
2026-06-11 12:22:44 | STEP 1 COMPLETED - Monitoring Engine
2026-06-11 12:22:44 | STEP 2 STARTED - Collect Monitoring Results
2026-06-11 12:22:44 | STEP 2 COMPLETED - Collect Monitoring Results
2026-06-11 12:22:44 | STEP 3 STARTED - AI Analysis
2026-06-11 12:22:51 | STEP 3 COMPLETED - AI Analysis
2026-06-11 12:22:51 | STEP 4 STARTED - Report Generation
2026-06-11 12:22:51 | STEP 4 COMPLETED - Report Generation
2026-06-11 12:22:51 | REPORT FILE CREATED: reports/incident_report_20260611_122251.txt
2026-06-11 12:22:51 | STEP 5 STARTED - Notifications
2026-06-11 12:22:51 | NOTIFICATION WORKFLOW STARTED
2026-06-11 12:22:51 | NOTIFICATION WORKFLOW COMPLETED
2026-06-11 12:22:51 | STEP 5 COMPLETED - Notifications
2026-06-11 12:22:51 | STEP 6 STARTED - Save Report
2026-06-11 12:22:51 | STEP 6 COMPLETED - Save Report
2026-06-11 12:22:51 | WORKFLOW COMPLETED
2026-06-11 12:22:51 | SCHEDULED WORKFLOW EXECUTION COMPLETED
2026-06-11 12:27:51 | SCHEDULED WORKFLOW EXECUTION STARTED
2026-06-11 12:27:51 | WORKFLOW STARTED
2026-06-11 12:27:51 | STEP 0 STARTED - Environment Validation
2026-06-11 12:27:51 | STEP 0 COMPLETED - Environment Validation
2026-06-11 12:27:51 | STEP 1 STARTED - Monitoring Engine
2026-06-11 12:27:51 | MONITORING WORKFLOW STARTED
2026-06-11 12:27:51 | MONITORING WORKFLOW COMPLETED
2026-06-11 12:27:51 | STEP 1 COMPLETED - Monitoring Engine
2026-06-11 12:27:51 | STEP 2 STARTED - Collect Monitoring Results
2026-06-11 12:27:51 | STEP 2 COMPLETED - Collect Monitoring Results
2026-06-11 12:27:51 | STEP 3 STARTED - AI Analysis
2026-06-11 12:27:59 | STEP 3 COMPLETED - AI Analysis
2026-06-11 12:27:59 | STEP 4 STARTED - Report Generation
2026-06-11 12:27:59 | STEP 4 COMPLETED - Report Generation
2026-06-11 12:27:59 | REPORT FILE CREATED: reports/incident_report_20260611_122759.txt
2026-06-11 12:27:59 | STEP 5 STARTED - Notifications
2026-06-11 12:27:59 | NOTIFICATION WORKFLOW STARTED
2026-06-11 12:27:59 | NOTIFICATION WORKFLOW COMPLETED
2026-06-11 12:27:59 | STEP 5 COMPLETED - Notifications
2026-06-11 12:27:59 | STEP 6 STARTED - Save Report
2026-06-11 12:27:59 | STEP 6 COMPLETED - Save Report
2026-06-11 12:27:59 | WORKFLOW COMPLETED
2026-06-11 12:27:59 | SCHEDULED WORKFLOW EXECUTION COMPLETED
2026-06-11 12:32:59 | SCHEDULED WORKFLOW EXECUTION STARTED
2026-06-11 12:32:59 | WORKFLOW STARTED
2026-06-11 12:32:59 | STEP 0 STARTED - Environment Validation
2026-06-11 12:32:59 | STEP 0 COMPLETED - Environment Validation
2026-06-11 12:32:59 | STEP 1 STARTED - Monitoring Engine
2026-06-11 12:32:59 | MONITORING WORKFLOW STARTED
2026-06-11 12:32:59 | MONITORING WORKFLOW COMPLETED
2026-06-11 12:32:59 | STEP 1 COMPLETED - Monitoring Engine
2026-06-11 12:32:59 | STEP 2 STARTED - Collect Monitoring Results
2026-06-11 12:32:59 | STEP 2 COMPLETED - Collect Monitoring Results
2026-06-11 12:32:59 | STEP 3 STARTED - AI Analysis
2026-06-11 12:33:06 | STEP 3 COMPLETED - AI Analysis
2026-06-11 12:33:06 | STEP 4 STARTED - Report Generation
2026-06-11 12:33:06 | STEP 4 COMPLETED - Report Generation
2026-06-11 12:33:06 | REPORT FILE CREATED: reports/incident_report_20260611_123306.txt
2026-06-11 12:33:06 | STEP 5 STARTED - Notifications
2026-06-11 12:33:06 | NOTIFICATION WORKFLOW STARTED
2026-06-11 12:33:06 | NOTIFICATION WORKFLOW COMPLETED
2026-06-11 12:33:06 | STEP 5 COMPLETED - Notifications
2026-06-11 12:33:06 | STEP 6 STARTED - Save Report
2026-06-11 12:33:06 | STEP 6 COMPLETED - Save Report
2026-06-11 12:33:06 | WORKFLOW COMPLETED
2026-06-11 12:33:06 | SCHEDULED WORKFLOW EXECUTION COMPLETED
2026-06-11 12:38:06 | SCHEDULED WORKFLOW EXECUTION STARTED
2026-06-11 12:38:06 | WORKFLOW STARTED
2026-06-11 12:38:06 | STEP 0 STARTED - Environment Validation
2026-06-11 12:38:06 | STEP 0 COMPLETED - Environment Validation
2026-06-11 12:38:06 | STEP 1 STARTED - Monitoring Engine
2026-06-11 12:38:06 | MONITORING WORKFLOW STARTED
2026-06-11 12:38:06 | MONITORING WORKFLOW COMPLETED
2026-06-11 12:38:06 | STEP 1 COMPLETED - Monitoring Engine
2026-06-11 12:38:06 | STEP 2 STARTED - Collect Monitoring Results
2026-06-11 12:38:06 | STEP 2 COMPLETED - Collect Monitoring Results
2026-06-11 12:38:06 | STEP 3 STARTED - AI Analysis
2026-06-11 12:38:11 | STEP 3 COMPLETED - AI Analysis
2026-06-11 12:38:11 | STEP 4 STARTED - Report Generation
2026-06-11 12:38:11 | STEP 4 COMPLETED - Report Generation
2026-06-11 12:38:11 | REPORT FILE CREATED: reports/incident_report_20260611_123811.txt
2026-06-11 12:38:11 | STEP 5 STARTED - Notifications
2026-06-11 12:38:11 | NOTIFICATION WORKFLOW STARTED
2026-06-11 12:38:11 | NOTIFICATION WORKFLOW COMPLETED
2026-06-11 12:38:11 | STEP 5 COMPLETED - Notifications
2026-06-11 12:38:11 | STEP 6 STARTED - Save Report
2026-06-11 12:38:11 | STEP 6 COMPLETED - Save Report
2026-06-11 12:38:11 | WORKFLOW COMPLETED
2026-06-11 12:38:11 | SCHEDULED WORKFLOW EXECUTION COMPLETED
2026-06-11 12:43:11 | SCHEDULED WORKFLOW EXECUTION STARTED
2026-06-11 12:43:11 | WORKFLOW STARTED
2026-06-11 12:43:11 | STEP 0 STARTED - Environment Validation
2026-06-11 12:43:11 | STEP 0 COMPLETED - Environment Validation
2026-06-11 12:43:11 | STEP 1 STARTED - Monitoring Engine
2026-06-11 12:43:11 | MONITORING WORKFLOW STARTED
2026-06-11 12:43:11 | MONITORING WORKFLOW COMPLETED
2026-06-11 12:43:11 | STEP 1 COMPLETED - Monitoring Engine
2026-06-11 12:43:11 | STEP 2 STARTED - Collect Monitoring Results
2026-06-11 12:43:11 | STEP 2 COMPLETED - Collect Monitoring Results
2026-06-11 12:43:11 | STEP 3 STARTED - AI Analysis
2026-06-11 12:43:16 | STEP 3 COMPLETED - AI Analysis
2026-06-11 12:43:16 | STEP 4 STARTED - Report Generation
2026-06-11 12:43:16 | STEP 4 COMPLETED - Report Generation
2026-06-11 12:43:16 | REPORT FILE CREATED: reports/incident_report_20260611_124316.txt
2026-06-11 12:43:16 | STEP 5 STARTED - Notifications
2026-06-11 12:43:16 | NOTIFICATION WORKFLOW STARTED
2026-06-11 12:43:16 | NOTIFICATION WORKFLOW COMPLETED
2026-06-11 12:43:16 | STEP 5 COMPLETED - Notifications
2026-06-11 12:43:16 | STEP 6 STARTED - Save Report
2026-06-11 12:43:16 | STEP 6 COMPLETED - Save Report
2026-06-11 12:43:16 | WORKFLOW COMPLETED
2026-06-11 12:43:16 | SCHEDULED WORKFLOW EXECUTION COMPLETED
2026-06-11 12:48:16 | SCHEDULED WORKFLOW EXECUTION STARTED
2026-06-11 12:48:16 | WORKFLOW STARTED
2026-06-11 12:48:16 | STEP 0 STARTED - Environment Validation
2026-06-11 12:48:16 | STEP 0 COMPLETED - Environment Validation
2026-06-11 12:48:16 | STEP 1 STARTED - Monitoring Engine
2026-06-11 12:48:16 | MONITORING WORKFLOW STARTED
2026-06-11 12:48:16 | MONITORING WORKFLOW COMPLETED
2026-06-11 12:48:16 | STEP 1 COMPLETED - Monitoring Engine
2026-06-11 12:48:16 | STEP 2 STARTED - Collect Monitoring Results
2026-06-11 12:48:16 | STEP 2 COMPLETED - Collect Monitoring Results
2026-06-11 12:48:16 | STEP 3 STARTED - AI Analysis
2026-06-11 12:48:23 | STEP 3 COMPLETED - AI Analysis
2026-06-11 12:48:23 | STEP 4 STARTED - Report Generation
2026-06-11 12:48:23 | STEP 4 COMPLETED - Report Generation
2026-06-11 12:48:23 | REPORT FILE CREATED: reports/incident_report_20260611_124823.txt
2026-06-11 12:48:23 | STEP 5 STARTED - Notifications
2026-06-11 12:48:23 | NOTIFICATION WORKFLOW STARTED
2026-06-11 12:48:23 | NOTIFICATION WORKFLOW COMPLETED
2026-06-11 12:48:23 | STEP 5 COMPLETED - Notifications
2026-06-11 12:48:23 | STEP 6 STARTED - Save Report
2026-06-11 12:48:23 | STEP 6 COMPLETED - Save Report
2026-06-11 12:48:23 | WORKFLOW COMPLETED
2026-06-11 12:48:23 | SCHEDULED WORKFLOW EXECUTION COMPLETED
2026-06-11 12:53:23 | SCHEDULED WORKFLOW EXECUTION STARTED
2026-06-11 12:53:23 | WORKFLOW STARTED
2026-06-11 12:53:23 | STEP 0 STARTED - Environment Validation
2026-06-11 12:53:23 | STEP 0 COMPLETED - Environment Validation
2026-06-11 12:53:23 | STEP 1 STARTED - Monitoring Engine
2026-06-11 12:53:23 | MONITORING WORKFLOW STARTED
2026-06-11 12:53:23 | MONITORING WORKFLOW COMPLETED
2026-06-11 12:53:23 | STEP 1 COMPLETED - Monitoring Engine
2026-06-11 12:53:23 | STEP 2 STARTED - Collect Monitoring Results
2026-06-11 12:53:23 | STEP 2 COMPLETED - Collect Monitoring Results
2026-06-11 12:53:23 | STEP 3 STARTED - AI Analysis
2026-06-11 12:53:31 | STEP 3 COMPLETED - AI Analysis
2026-06-11 12:53:31 | STEP 4 STARTED - Report Generation
2026-06-11 12:53:31 | STEP 4 COMPLETED - Report Generation
2026-06-11 12:53:31 | REPORT FILE CREATED: reports/incident_report_20260611_125331.txt
2026-06-11 12:53:31 | STEP 5 STARTED - Notifications
2026-06-11 12:53:31 | NOTIFICATION WORKFLOW STARTED
2026-06-11 12:53:31 | NOTIFICATION WORKFLOW COMPLETED
2026-06-11 12:53:31 | STEP 5 COMPLETED - Notifications
2026-06-11 12:53:31 | STEP 6 STARTED - Save Report
2026-06-11 12:53:31 | STEP 6 COMPLETED - Save Report
2026-06-11 12:53:31 | WORKFLOW COMPLETED
2026-06-11 12:53:31 | SCHEDULED WORKFLOW EXECUTION COMPLETED
2026-06-11 12:58:31 | SCHEDULED WORKFLOW EXECUTION STARTED
2026-06-11 12:58:31 | WORKFLOW STARTED
2026-06-11 12:58:31 | STEP 0 STARTED - Environment Validation
2026-06-11 12:58:31 | STEP 0 COMPLETED - Environment Validation
2026-06-11 12:58:31 | STEP 1 STARTED - Monitoring Engine
2026-06-11 12:58:31 | MONITORING WORKFLOW STARTED
2026-06-11 12:58:31 | MONITORING WORKFLOW COMPLETED
2026-06-11 12:58:31 | STEP 1 COMPLETED - Monitoring Engine
2026-06-11 12:58:31 | STEP 2 STARTED - Collect Monitoring Results
2026-06-11 12:58:31 | STEP 2 COMPLETED - Collect Monitoring Results
2026-06-11 12:58:31 | STEP 3 STARTED - AI Analysis
2026-06-11 12:58:41 | STEP 3 COMPLETED - AI Analysis
2026-06-11 12:58:41 | STEP 4 STARTED - Report Generation
2026-06-11 12:58:41 | STEP 4 COMPLETED - Report Generation
2026-06-11 12:58:41 | REPORT FILE CREATED: reports/incident_report_20260611_125841.txt
2026-06-11 12:58:41 | STEP 5 STARTED - Notifications
2026-06-11 12:58:41 | NOTIFICATION WORKFLOW STARTED
2026-06-11 12:58:41 | NOTIFICATION WORKFLOW COMPLETED
2026-06-11 12:58:41 | STEP 5 COMPLETED - Notifications
2026-06-11 12:58:41 | STEP 6 STARTED - Save Report
2026-06-11 12:58:41 | STEP 6 COMPLETED - Save Report
2026-06-11 12:58:41 | WORKFLOW COMPLETED
2026-06-11 12:58:41 | SCHEDULED WORKFLOW EXECUTION COMPLETED
2026-06-11 13:03:41 | SCHEDULED WORKFLOW EXECUTION STARTED
2026-06-11 13:03:41 | WORKFLOW STARTED
2026-06-11 13:03:41 | STEP 0 STARTED - Environment Validation
2026-06-11 13:03:41 | STEP 0 COMPLETED - Environment Validation
2026-06-11 13:03:41 | STEP 1 STARTED - Monitoring Engine
2026-06-11 13:03:41 | MONITORING WORKFLOW STARTED
2026-06-11 13:03:41 | MONITORING WORKFLOW COMPLETED
2026-06-11 13:03:41 | STEP 1 COMPLETED - Monitoring Engine
2026-06-11 13:03:41 | STEP 2 STARTED - Collect Monitoring Results
2026-06-11 13:03:41 | STEP 2 COMPLETED - Collect Monitoring Results
2026-06-11 13:03:41 | STEP 3 STARTED - AI Analysis
2026-06-11 13:03:49 | STEP 3 COMPLETED - AI Analysis
2026-06-11 13:03:49 | STEP 4 STARTED - Report Generation
2026-06-11 13:03:49 | STEP 4 COMPLETED - Report Generation
2026-06-11 13:03:49 | REPORT FILE CREATED: reports/incident_report_20260611_130349.txt
2026-06-11 13:03:49 | STEP 5 STARTED - Notifications
2026-06-11 13:03:49 | NOTIFICATION WORKFLOW STARTED
2026-06-11 13:03:49 | NOTIFICATION WORKFLOW COMPLETED
2026-06-11 13:03:49 | STEP 5 COMPLETED - Notifications
2026-06-11 13:03:49 | STEP 6 STARTED - Save Report
2026-06-11 13:03:49 | STEP 6 COMPLETED - Save Report
2026-06-11 13:03:49 | WORKFLOW COMPLETED
2026-06-11 13:03:49 | SCHEDULED WORKFLOW EXECUTION COMPLETED
2026-06-11 13:08:49 | SCHEDULED WORKFLOW EXECUTION STARTED
2026-06-11 13:08:49 | WORKFLOW STARTED
2026-06-11 13:08:49 | STEP 0 STARTED - Environment Validation
2026-06-11 13:08:49 | STEP 0 COMPLETED - Environment Validation
2026-06-11 13:08:49 | STEP 1 STARTED - Monitoring Engine
2026-06-11 13:08:49 | MONITORING WORKFLOW STARTED
2026-06-11 13:08:49 | MONITORING WORKFLOW COMPLETED
2026-06-11 13:08:49 | STEP 1 COMPLETED - Monitoring Engine
2026-06-11 13:08:49 | STEP 2 STARTED - Collect Monitoring Results
2026-06-11 13:08:49 | STEP 2 COMPLETED - Collect Monitoring Results
2026-06-11 13:08:49 | STEP 3 STARTED - AI Analysis
2026-06-11 13:08:55 | STEP 3 COMPLETED - AI Analysis
2026-06-11 13:08:55 | STEP 4 STARTED - Report Generation
2026-06-11 13:08:55 | STEP 4 COMPLETED - Report Generation
2026-06-11 13:08:55 | REPORT FILE CREATED: reports/incident_report_20260611_130855.txt
2026-06-11 13:08:55 | STEP 5 STARTED - Notifications
2026-06-11 13:08:55 | NOTIFICATION WORKFLOW STARTED
2026-06-11 13:08:55 | NOTIFICATION WORKFLOW COMPLETED
2026-06-11 13:08:55 | STEP 5 COMPLETED - Notifications
2026-06-11 13:08:55 | STEP 6 STARTED - Save Report
2026-06-11 13:08:55 | STEP 6 COMPLETED - Save Report
2026-06-11 13:08:55 | WORKFLOW COMPLETED
2026-06-11 13:08:55 | SCHEDULED WORKFLOW EXECUTION COMPLETED
2026-06-11 13:12:08 | AGENTIC DBA WORKFLOW STARTED: Run daily DBA health check
2026-06-11 13:12:19 | AGENTIC DBA WORKFLOW COMPLETED: DAILY_HEALTH_CHECK
2026-06-11 13:13:55 | SCHEDULED WORKFLOW EXECUTION STARTED
2026-06-11 13:13:55 | WORKFLOW STARTED
2026-06-11 13:13:55 | STEP 0 STARTED - Environment Validation
2026-06-11 13:13:55 | STEP 0 COMPLETED - Environment Validation
2026-06-11 13:13:55 | STEP 1 STARTED - Monitoring Engine
2026-06-11 13:13:55 | MONITORING WORKFLOW STARTED
2026-06-11 13:13:55 | MONITORING WORKFLOW COMPLETED
2026-06-11 13:13:55 | STEP 1 COMPLETED - Monitoring Engine
2026-06-11 13:13:55 | STEP 2 STARTED - Collect Monitoring Results
2026-06-11 13:13:55 | STEP 2 COMPLETED - Collect Monitoring Results
2026-06-11 13:13:55 | STEP 3 STARTED - AI Analysis
2026-06-11 13:13:58 | STEP 3 COMPLETED - AI Analysis
2026-06-11 13:13:58 | STEP 4 STARTED - Report Generation
2026-06-11 13:13:58 | STEP 4 COMPLETED - Report Generation
2026-06-11 13:13:58 | REPORT FILE CREATED: reports/incident_report_20260611_131358.txt
2026-06-11 13:13:58 | STEP 5 STARTED - Notifications
2026-06-11 13:13:58 | NOTIFICATION WORKFLOW STARTED
2026-06-11 13:13:58 | NOTIFICATION WORKFLOW COMPLETED
2026-06-11 13:13:58 | STEP 5 COMPLETED - Notifications
2026-06-11 13:13:58 | STEP 6 STARTED - Save Report
2026-06-11 13:13:58 | STEP 6 COMPLETED - Save Report
2026-06-11 13:13:58 | WORKFLOW COMPLETED
2026-06-11 13:13:58 | SCHEDULED WORKFLOW EXECUTION COMPLETED
2026-06-11 13:18:23 | AGENTIC DBA WORKFLOW STARTED: Run daily DBA health check
2026-06-11 13:18:32 | AGENTIC DBA WORKFLOW COMPLETED: DAILY_HEALTH_CHECK
2026-06-11 13:18:58 | SCHEDULED WORKFLOW EXECUTION STARTED
2026-06-11 13:18:58 | WORKFLOW STARTED
2026-06-11 13:18:58 | STEP 0 STARTED - Environment Validation
2026-06-11 13:18:58 | STEP 0 COMPLETED - Environment Validation
2026-06-11 13:18:58 | STEP 1 STARTED - Monitoring Engine
2026-06-11 13:18:58 | MONITORING WORKFLOW STARTED
2026-06-11 13:18:59 | MONITORING WORKFLOW COMPLETED
2026-06-11 13:18:59 | STEP 1 COMPLETED - Monitoring Engine
2026-06-11 13:18:59 | STEP 2 STARTED - Collect Monitoring Results
2026-06-11 13:18:59 | STEP 2 COMPLETED - Collect Monitoring Results
2026-06-11 13:18:59 | STEP 3 STARTED - AI Analysis
2026-06-11 13:19:03 | STEP 3 COMPLETED - AI Analysis
2026-06-11 13:19:03 | STEP 4 STARTED - Report Generation
2026-06-11 13:19:03 | STEP 4 COMPLETED - Report Generation
2026-06-11 13:19:03 | REPORT FILE CREATED: reports/incident_report_20260611_131903.txt
2026-06-11 13:19:03 | STEP 5 STARTED - Notifications
2026-06-11 13:19:03 | NOTIFICATION WORKFLOW STARTED
2026-06-11 13:19:03 | NOTIFICATION WORKFLOW COMPLETED
2026-06-11 13:19:03 | STEP 5 COMPLETED - Notifications
2026-06-11 13:19:03 | STEP 6 STARTED - Save Report
2026-06-11 13:19:03 | STEP 6 COMPLETED - Save Report
2026-06-11 13:19:03 | WORKFLOW COMPLETED
2026-06-11 13:19:03 | SCHEDULED WORKFLOW EXECUTION COMPLETED
